Archive member included to satisfy reference by file (symbol)

C:/ST/STM32CubeIDE_1.16.1/STM32CubeIDE/plugins/com.st.stm32cube.ide.mcu.externaltools.gnu-tools-for-stm32.13.3.rel1.win32_1.0.0.202411081344/tools/bin/../lib/gcc/arm-none-eabi/13.3.1/../../../../arm-none-eabi/lib/thumb/v7e-m+fp/hard\libc_nano.a(libc_a-exit.o)
                              C:/ST/STM32CubeIDE_1.16.1/STM32CubeIDE/plugins/com.st.stm32cube.ide.mcu.externaltools.gnu-tools-for-stm32.13.3.rel1.win32_1.0.0.202411081344/tools/bin/../lib/gcc/arm-none-eabi/13.3.1/../../../../arm-none-eabi/lib/thumb/v7e-m+fp/hard/crt0.o (exit)
C:/ST/STM32CubeIDE_1.16.1/STM32CubeIDE/plugins/com.st.stm32cube.ide.mcu.externaltools.gnu-tools-for-stm32.13.3.rel1.win32_1.0.0.202411081344/tools/bin/../lib/gcc/arm-none-eabi/13.3.1/../../../../arm-none-eabi/lib/thumb/v7e-m+fp/hard\libc_nano.a(libc_a-findfp.o)
                              C:/ST/STM32CubeIDE_1.16.1/STM32CubeIDE/plugins/com.st.stm32cube.ide.mcu.externaltools.gnu-tools-for-stm32.13.3.rel1.win32_1.0.0.202411081344/tools/bin/../lib/gcc/arm-none-eabi/13.3.1/../../../../arm-none-eabi/lib/thumb/v7e-m+fp/hard\libc_nano.a(libc_a-exit.o) (__stdio_exit_handler)
C:/ST/STM32CubeIDE_1.16.1/STM32CubeIDE/plugins/com.st.stm32cube.ide.mcu.externaltools.gnu-tools-for-stm32.13.3.rel1.win32_1.0.0.202411081344/tools/bin/../lib/gcc/arm-none-eabi/13.3.1/../../../../arm-none-eabi/lib/thumb/v7e-m+fp/hard\libc_nano.a(libc_a-fwalk.o)
                              C:/ST/STM32CubeIDE_1.16.1/STM32CubeIDE/plugins/com.st.stm32cube.ide.mcu.externaltools.gnu-tools-for-stm32.13.3.rel1.win32_1.0.0.202411081344/tools/bin/../lib/gcc/arm-none-eabi/13.3.1/../../../../arm-none-eabi/lib/thumb/v7e-m+fp/hard\libc_nano.a(libc_a-findfp.o) (_fwalk_sglue)
C:/ST/STM32CubeIDE_1.16.1/STM32CubeIDE/plugins/com.st.stm32cube.ide.mcu.externaltools.gnu-tools-for-stm32.13.3.rel1.win32_1.0.0.202411081344/tools/bin/../lib/gcc/arm-none-eabi/13.3.1/../../../../arm-none-eabi/lib/thumb/v7e-m+fp/hard\libc_nano.a(libc_a-stdio.o)
                              C:/ST/STM32CubeIDE_1.16.1/STM32CubeIDE/plugins/com.st.stm32cube.ide.mcu.externaltools.gnu-tools-for-stm32.13.3.rel1.win32_1.0.0.202411081344/tools/bin/../lib/gcc/arm-none-eabi/13.3.1/../../../../arm-none-eabi/lib/thumb/v7e-m+fp/hard\libc_nano.a(libc_a-findfp.o) (__sread)
C:/ST/STM32CubeIDE_1.16.1/STM32CubeIDE/plugins/com.st.stm32cube.ide.mcu.externaltools.gnu-tools-for-stm32.13.3.rel1.win32_1.0.0.202411081344/tools/bin/../lib/gcc/arm-none-eabi/13.3.1/../../../../arm-none-eabi/lib/thumb/v7e-m+fp/hard\libc_nano.a(libc_a-memset.o)
                              C:/ST/STM32CubeIDE_1.16.1/STM32CubeIDE/plugins/com.st.stm32cube.ide.mcu.externaltools.gnu-tools-for-stm32.13.3.rel1.win32_1.0.0.202411081344/tools/bin/../lib/gcc/arm-none-eabi/13.3.1/../../../../arm-none-eabi/lib/thumb/v7e-m+fp/hard/crt0.o (memset)
C:/ST/STM32CubeIDE_1.16.1/STM32CubeIDE/plugins/com.st.stm32cube.ide.mcu.externaltools.gnu-tools-for-stm32.13.3.rel1.win32_1.0.0.202411081344/tools/bin/../lib/gcc/arm-none-eabi/13.3.1/../../../../arm-none-eabi/lib/thumb/v7e-m+fp/hard\libc_nano.a(libc_a-closer.o)
                              C:/ST/STM32CubeIDE_1.16.1/STM32CubeIDE/plugins/com.st.stm32cube.ide.mcu.externaltools.gnu-tools-for-stm32.13.3.rel1.win32_1.0.0.202411081344/tools/bin/../lib/gcc/arm-none-eabi/13.3.1/../../../../arm-none-eabi/lib/thumb/v7e-m+fp/hard\libc_nano.a(libc_a-stdio.o) (_close_r)
C:/ST/STM32CubeIDE_1.16.1/STM32CubeIDE/plugins/com.st.stm32cube.ide.mcu.externaltools.gnu-tools-for-stm32.13.3.rel1.win32_1.0.0.202411081344/tools/bin/../lib/gcc/arm-none-eabi/13.3.1/../../../../arm-none-eabi/lib/thumb/v7e-m+fp/hard\libc_nano.a(libc_a-reent.o)
                              C:/ST/STM32CubeIDE_1.16.1/STM32CubeIDE/plugins/com.st.stm32cube.ide.mcu.externaltools.gnu-tools-for-stm32.13.3.rel1.win32_1.0.0.202411081344/tools/bin/../lib/gcc/arm-none-eabi/13.3.1/../../../../arm-none-eabi/lib/thumb/v7e-m+fp/hard\libc_nano.a(libc_a-closer.o) (errno)
C:/ST/STM32CubeIDE_1.16.1/STM32CubeIDE/plugins/com.st.stm32cube.ide.mcu.externaltools.gnu-tools-for-stm32.13.3.rel1.win32_1.0.0.202411081344/tools/bin/../lib/gcc/arm-none-eabi/13.3.1/../../../../arm-none-eabi/lib/thumb/v7e-m+fp/hard\libc_nano.a(libc_a-impure.o)
                              C:/ST/STM32CubeIDE_1.16.1/STM32CubeIDE/plugins/com.st.stm32cube.ide.mcu.externaltools.gnu-tools-for-stm32.13.3.rel1.win32_1.0.0.202411081344/tools/bin/../lib/gcc/arm-none-eabi/13.3.1/../../../../arm-none-eabi/lib/thumb/v7e-m+fp/hard\libc_nano.a(libc_a-reent.o) (_impure_ptr)
C:/ST/STM32CubeIDE_1.16.1/STM32CubeIDE/plugins/com.st.stm32cube.ide.mcu.externaltools.gnu-tools-for-stm32.13.3.rel1.win32_1.0.0.202411081344/tools/bin/../lib/gcc/arm-none-eabi/13.3.1/../../../../arm-none-eabi/lib/thumb/v7e-m+fp/hard\libc_nano.a(libc_a-lseekr.o)
[...]
Memory Configuration

Name             Origin             Length             Attributes
RAM              0x20000000         0x00018000         xrw
FLASH            0x08000000         0x00080000         xr
*default*        0x00000000         0xffffffff

Linker script and memory map

LOAD C:/ST/STM32CubeIDE_1.16.1/STM32CubeIDE/plugins/com.st.stm32cube.ide.mcu.externaltools.gnu-tools-for-stm32.13.3.rel1.win32_1.0.0.202411081344/tools/bin/../lib/gcc/arm-none-eabi/13.3.1/thumb/v7e-m+fp/hard/crti.o
LOAD C:/ST/STM32CubeIDE_1.16.1/STM32CubeIDE/plugins/com.st.stm32cube.ide.mcu.externaltools.gnu-tools-for-stm32.13.3.rel1.win32_1.0.0.202411081344/tools/bin/../lib/gcc/arm-none-eabi/13.3.1/thumb/v7e-m+fp/hard/crtbegin.o
LOAD C:/ST/STM32CubeIDE_1.16.1/STM32CubeIDE/plugins/com.st.stm32cube.ide.mcu.externaltools.gnu-tools-for-stm32.13.3.rel1.win32_1.0.0.202411081344/tools/bin/../lib/gcc/arm-none-eabi/13.3.1/../../../../arm-none-eabi/lib/thumb/v7e-m+fp/hard/crt0.o
LOAD ./Core/Src/display7seg.o
LOAD ./Core/Src/dma.o
LOAD ./Core/Src/gpio.o
LOAD ./Core/Src/i2c.o
LOAD ./Core/Src/main.o
LOAD ./Core/Src/rtc.o
LOAD ./Core/Src/sht31_int.o
LOAD ./Core/Src/spi.o
LOAD ./Core/Src/stm32f4xx_hal_msp.o
LOAD ./Core/Src/stm32f4xx_it.o
LOAD ./Core/Src/syscalls.o
LOAD ./Core/Src/sysmem.o
LOAD ./Core/Src/system_stm32f4xx.o
LOAD ./Core/Src/tim.o
LOAD ./Core/Startup/startup_stm32f401retx.o
LOAD ./Drivers/STM32F4xx_HAL_Driver/Src/stm32f4xx_hal.o
LOAD ./Drivers/STM32F4xx_HAL_Driver/Src/stm32f4xx_hal_cortex.o
LOAD ./Drivers/STM32F4xx_HAL_Driver/Src/stm32f4xx_hal_dma.o
LOAD ./Drivers/STM32F4xx_HAL_Driver/Src/stm32f4xx_hal_dma_ex.o
LOAD ./Drivers/STM32F4xx_HAL_Driver/Src/stm32f4xx_hal_exti.o
LOAD ./Drivers/STM32F4xx_HAL_Driver/Src/stm32f4xx_hal_flash.o
LOAD ./Drivers/STM32F4xx_HAL_Driver/Src/stm32f4xx_hal_flash_ex.o
LOAD ./Drivers/STM32F4xx_HAL_Driver/Src/stm32f4xx_hal_flash_ramfunc.o
LOAD ./Drivers/STM32F4xx_HAL_Driver/Src/stm32f4xx_hal_gpio.o
LOAD ./Drivers/STM32F4xx_HAL_Driver/Src/stm32f4xx_hal_i2c.o
LOAD ./Drivers/STM32F4xx_HAL_Driver/Src/stm32f4xx_hal_i2c_ex.o
LOAD ./Drivers/STM32F4xx_HAL_Driver/Src/stm32f4xx_hal_pwr.o
LOAD ./Drivers/STM32F4xx_HAL_Driver/Src/stm32f4xx_hal_pwr_ex.o
LOAD ./Drivers/STM32F4xx_HAL_Driver/Src/stm32f4xx_hal_rcc.o
LOAD ./Drivers/STM32F4xx_HAL_Driver/Src/stm32f4xx_hal_rcc_ex.o
LOAD ./Drivers/STM32F4xx_HAL_Driver/Src/stm32f4xx_hal_rtc.o
LOAD ./Drivers/STM32F4xx_HAL_Driver/Src/stm32f4xx_hal_rtc_ex.o
LOAD ./Drivers/STM32F4xx_HAL_Driver/Src/stm32f4xx_hal_spi.o
LOAD ./Drivers/STM32F4xx_HAL_Driver/Src/stm32f4xx_hal_tim.o
LOAD ./Drivers/STM32F4xx_HAL_Driver/Src/stm32f4xx_hal_tim_ex.o
START GROUP
LOAD C:/ST/STM32CubeIDE_1.16.1/STM32CubeIDE/plugins/com.st.stm32cube.ide.mcu.externaltools.gnu-tools-for-stm32.13.3.rel1.win32_1.0.0.202411081344/tools/bin/../lib/gcc/arm-none-eabi/13.3.1/../../../../arm-none-eabi/lib/thumb/v7e-m+fp/hard\libc_nano.a
LOAD C:/ST/STM32CubeIDE_1.16.1/STM32CubeIDE/plugins/com.st.stm32cube.ide.mcu.externaltools.gnu-tools-for-stm32.13.3.rel1.win32_1.0.0.202411081344/tools/bin/../lib/gcc/arm-none-eabi/13.3.1/../../../../arm-none-eabi/lib/thumb/v7e-m+fp/hard\libm.a
END GROUP
START GROUP
LOAD C:/ST/STM32CubeIDE_1.16.1/STM32CubeIDE/plugins/com.st.stm32cube.ide.mcu.externaltools.gnu-tools-for-stm32.13.3.rel1.win32_1.0.0.202411081344/tools/bin/../lib/gcc/arm-none-eabi/13.3.1/thumb/v7e-m+fp/hard\libgcc.a
LOAD C:/ST/STM32CubeIDE_1.16.1/STM32CubeIDE/plugins/com.st.stm32cube.ide.mcu.externaltools.gnu-tools-for-stm32.13.3.rel1.win32_1.0.0.202411081344/tools/bin/../lib/gcc/arm-none-eabi/13.3.1/../../../../arm-none-eabi/lib/thumb/v7e-m+fp/hard\libc_nano.a
END GROUP
START GROUP
LOAD C:/ST/STM32CubeIDE_1.16.1/STM32CubeIDE/plugins/com.st.stm32cube.ide.mcu.externaltools.gnu-tools-for-stm32.13.3.rel1.win32_1.0.0.202411081344/tools/bin/../lib/gcc/arm-none-eabi/13.3.1/thumb/v7e-m+fp/hard\libgcc.a
LOAD C:/ST/STM32CubeIDE_1.16.1/STM32CubeIDE/plugins/com.st.stm32cube.ide.mcu.externaltools.gnu-tools-for-stm32.13.3.rel1.win32_1.0.0.202411081344/tools/bin/../lib/gcc/arm-none-eabi/13.3.1/../../../../arm-none-eabi/lib/thumb/v7e-m+fp/hard\libc_nano.a
LOAD C:/ST/STM32CubeIDE_1.16.1/STM32CubeIDE/plugins/com.st.stm32cube.ide.mcu.externaltools.gnu-tools-for-stm32.13.3.rel1.win32_1.0.0.202411081344/tools/bin/../lib/gcc/arm-none-eabi/13.3.1/../../../../arm-none-eabi/lib/thumb/v7e-m+fp/hard\libnosys.a
END GROUP
START GROUP
LOAD C:/ST/STM32CubeIDE_1.16.1/STM32CubeIDE/plugins/com.st.stm32cube.ide.mcu.externaltools.gnu-tools-for-stm32.13.3.rel1.win32_1.0.0.202411081344/tools/bin/../lib/gcc/arm-none-eabi/13.3.1/thumb/v7e-m+fp/hard\libgcc.a
LOAD C:/ST/STM32CubeIDE_1.16.1/STM32CubeIDE/plugins/com.st.stm32cube.ide.mcu.externaltools.gnu-tools-for-stm32.13.3.rel1.win32_1.0.0.202411081344/tools/bin/../lib/gcc/arm-none-eabi/13.3.1/../../../../arm-none-eabi/lib/thumb/v7e-m+fp/hard\libc_nano.a
LOAD C:/ST/STM32CubeIDE_1.16.1/STM32CubeIDE/plugins/com.st.stm32cube.ide.mcu.externaltools.gnu-tools-for-stm32.13.3.rel1.win32_1.0.0.202411081344/tools/bin/../lib/gcc/arm-none-eabi/13.3.1/../../../../arm-none-eabi/lib/thumb/v7e-m+fp/hard\libnosys.a
END GROUP
LOAD C:/ST/STM32CubeIDE_1.16.1/STM32CubeIDE/plugins/com.st.stm32cube.ide.mcu.externaltools.gnu-tools-for-stm32.13.3.rel1.win32_1.0.0.202411081344/tools/bin/../lib/gcc/arm-none-eabi/13.3.1/thumb/v7e-m+fp/hard/crtend.o
LOAD C:/ST/STM32CubeIDE_1.16.1/STM32CubeIDE/plugins/com.st.stm32cube.ide.mcu.externaltools.gnu-tools-for-stm32.13.3.rel1.win32_1.0.0.202411081344/tools/bin/../lib/gcc/arm-none-eabi/13.3.1/thumb/v7e-m+fp/hard/crtn.o
                0x20018000                        _estack = (ORIGIN (RAM) + LENGTH (RAM))
                0x00000200                        _Min_Heap_Size = 0x200
                0x00000400                        _Min_Stack_Size = 0x400

.isr_vector     0x08000000      0x194
                0x08000000                        . = ALIGN (0x4)
 *(.isr_vector)
 .isr_vector    0x08000000      0x194 ./Core/Startup/startup_stm32f401retx.o
                0x08000000                g_pfnVectors
                0x08000194                        . = ALIGN (0x4)

.text           0x08000194     0x6a30
                0x08000194                        . = ALIGN (0x4)
 *(.text)
 .text          0x08000194       0x40 C:/ST/STM32CubeIDE_1.16.1/STM32CubeIDE/plugins/com.st.stm32cube.ide.mcu.externaltools.gnu-tools-for-stm32.13.3.rel1.win32_1.0.0.202411081344/tools/bin/../lib/gcc/arm-none-eabi/13.3.1/thumb/v7e-m+fp/hard/crtbegin.o
 .text          0x080001d4       0x30 C:/ST/STM32CubeIDE_1.16.1/STM32CubeIDE/plugins/com.st.stm32cube.ide.mcu.externaltools.gnu-tools-for-stm32.13.3.rel1.win32_1.0.0.202411081344/tools/bin/../lib/gcc/arm-none-eabi/13.3.1/thumb/v7e-m+fp/hard\libgcc.a(_aeabi_uldivmod.o)
                0x080001d4                __aeabi_uldivmod
 .text          0x08000204      0x2f8 C:/ST/STM32CubeIDE_1.16.1/STM32CubeIDE/plugins/com.st.stm32cube.ide.mcu.externaltools.gnu-tools-for-stm32.13.3.rel1.win32_1.0.0.202411081344/tools/bin/../lib/gcc/arm-none-eabi/13.3.1/thumb/v7e-m+fp/hard\libgcc.a(_udivmoddi4.o)
                0x08000204                __udivmoddi4
 .text          0x080004fc        0x4 C:/ST/STM32CubeIDE_1.16.1/STM32CubeIDE/plugins/com.st.stm32cube.ide.mcu.externaltools.gnu-tools-for-stm32.13.3.rel1.win32_1.0.0.202411081344/tools/bin/../lib/gcc/arm-none-eabi/13.3.1/thumb/v7e-m+fp/hard\libgcc.a(_dvmd_tls.o)
                0x080004fc                __aeabi_idiv0
                0x080004fc                __aeabi_ldiv0
 *(.text*)
 .text.Display_Init
                0x08000500       0x5c ./Core/Src/display7seg.o
                0x08000500                Display_Init
 .text.Display_SetNumber
                0x0800055c       0xd0 ./Core/Src/display7seg.o
                0x0800055c                Display_SetNumber
 .text.Display_RefreshIfNeeded
                0x0800062c       0x38 ./Core/Src/display7seg.o
                0x0800062c                Display_RefreshIfNeeded
 .text.Display_GetFrontBuffer
                0x08000664       0x14 ./Core/Src/display7seg.o
                0x08000664                Display_GetFrontBuffer
 .text.MX_DMA_Init
                0x08000678       0x60 ./Core/Src/dma.o
                0x08000678                MX_DMA_Init
 .text.MX_GPIO_Init
                0x080006d8       0xd4 ./Core/Src/gpio.o
                0x080006d8                MX_GPIO_Init
 .text.MX_I2C1_Init
                0x080007ac       0x5c ./Core/Src/i2c.o
                0x080007ac                MX_I2C1_Init
 .text.HAL_I2C_MspInit
                0x08000808      0x178 ./Core/Src/i2c.o
                0x08000808                HAL_I2C_MspInit
 .text.main     0x08000980       0xb0 ./Core/Src/main.o
                0x08000980                main
 .text.SystemClock_Config
                0x08000a30       0xc0 ./Core/Src/main.o
                0x08000a30                SystemClock_Config
 .text.HAL_TIM_PeriodElapsedCallback
                0x08000af0       0xa0 ./Core/Src/main.o
                0x08000af0                HAL_TIM_PeriodElapsedCallback
 .text.HAL_SPI_TxCpltCallback
                0x08000b90       0x3c ./Core/Src/main.o
                0x08000b90                HAL_SPI_TxCpltCallback
 .text.SHT31_FSM_1ms
                0x08000bcc       0xc8 ./Core/Src/main.o
                0x08000bcc                SHT31_FSM_1ms
 .text.HAL_I2C_MasterTxCpltCallback
                0x08000c94       0x38 ./Core/Src/main.o
                0x08000c94                HAL_I2C_MasterTxCpltCallback
 .text.HAL_I2C_MasterRxCpltCallback
                0x08000ccc       0xd4 ./Core/Src/main.o
                0x08000ccc                HAL_I2C_MasterRxCpltCallback
 .text.SHT31_Init
                0x08000da0       0x40 ./Core/Src/main.o
                0x08000da0                SHT31_Init
 .text.Error_Handler
                0x08000de0        0xc ./Core/Src/main.o
                0x08000de0                Error_Handler
 .text.MX_RTC_Init
                0x08000dec       0x4c ./Core/Src/rtc.o
                0x08000dec                MX_RTC_Init
 .text.HAL_RTC_MspInit
                0x08000e38       0x58 ./Core/Src/rtc.o
                0x08000e38                HAL_RTC_MspInit
 .text.MX_SPI2_Init
                0x08000e90       0x6c ./Core/Src/spi.o
                0x08000e90                MX_SPI2_Init
 .text.HAL_SPI_MspInit
                0x08000efc      0x144 ./Core/Src/spi.o
                0x08000efc                HAL_SPI_MspInit
 .text.HAL_MspInit
                0x08001040       0x50 ./Core/Src/stm32f4xx_hal_msp.o
                0x08001040                HAL_MspInit
 .text.NMI_Handler
                0x08001090        0x8 ./Core/Src/stm32f4xx_it.o
                0x08001090                NMI_Handler
 .text.HardFault_Handler
                0x08001098        0x8 ./Core/Src/stm32f4xx_it.o
                0x08001098                HardFault_Handler
 .text.MemManage_Handler
                0x080010a0        0x8 ./Core/Src/stm32f4xx_it.o
                0x080010a0                MemManage_Handler
 .text.BusFault_Handler
                0x080010a8        0x8 ./Core/Src/stm32f4xx_it.o
                0x080010a8                BusFault_Handler
 .text.UsageFault_Handler
                0x080010b0        0x8 ./Core/Src/stm32f4xx_it.o
                0x080010b0                UsageFault_Handler
 .text.SVC_Handler
                0x080010b8        0xe ./Core/Src/stm32f4xx_it.o
                0x080010b8                SVC_Handler
 .text.DebugMon_Handler
                0x080010c6        0xe ./Core/Src/stm32f4xx_it.o
                0x080010c6                DebugMon_Handler
 .text.PendSV_Handler
                0x080010d4        0xe ./Core/Src/stm32f4xx_it.o
                0x080010d4                PendSV_Handler
 .text.SysTick_Handler
                0x080010e2        0xc ./Core/Src/stm32f4xx_it.o
                0x080010e2                SysTick_Handler
 *fill*         0x080010ee        0x2 
 .text.DMA1_Stream0_IRQHandler
                0x080010f0       0x14 ./Core/Src/stm32f4xx_it.o
                0x080010f0                DMA1_Stream0_IRQHandler
 .text.DMA1_Stream4_IRQHandler
                0x08001104       0x14 ./Core/Src/stm32f4xx_it.o
                0x08001104                DMA1_Stream4_IRQHandler
 .text.DMA1_Stream6_IRQHandler
                0x08001118       0x14 ./Core/Src/stm32f4xx_it.o
                0x08001118                DMA1_Stream6_IRQHandler
 .text.TIM1_TRG_COM_TIM11_IRQHandler
                0x0800112c       0x14 ./Core/Src/stm32f4xx_it.o
                0x0800112c                TIM1_TRG_COM_TIM11_IRQHandler
 .text.TIM4_IRQHandler
                0x08001140       0x14 ./Core/Src/stm32f4xx_it.o
                0x08001140                TIM4_IRQHandler
 .text.I2C1_EV_IRQHandler
                0x08001154       0x14 ./Core/Src/stm32f4xx_it.o
                0x08001154                I2C1_EV_IRQHandler
 .text.I2C1_ER_IRQHandler
                0x08001168       0x14 ./Core/Src/stm32f4xx_it.o
                0x08001168                I2C1_ER_IRQHandler
 .text.SPI2_IRQHandler
                0x0800117c       0x14 ./Core/Src/stm32f4xx_it.o
                0x0800117c                SPI2_IRQHandler
 .text.SystemInit
                0x08001190       0x24 ./Core/Src/system_stm32f4xx.o
                0x08001190                SystemInit
 .text.MX_TIM4_Init
                0x080011b4       0xb4 ./Core/Src/tim.o
                0x080011b4                MX_TIM4_Init
 .text.MX_TIM11_Init
                0x08001268       0x48 ./Core/Src/tim.o
                0x08001268                MX_TIM11_Init
 .text.HAL_TIM_PWM_MspInit
                0x080012b0       0x50 ./Core/Src/tim.o
                0x080012b0                HAL_TIM_PWM_MspInit
 .text.HAL_TIM_Base_MspInit
                0x08001300       0x50 ./Core/Src/tim.o
                0x08001300                HAL_TIM_Base_MspInit
 .text.HAL_TIM_MspPostInit
                0x08001350       0x74 ./Core/Src/tim.o
                0x08001350                HAL_TIM_MspPostInit
 .text.Reset_Handler
                0x080013c4       0x50 ./Core/Startup/startup_stm32f401retx.o
                0x080013c4                Reset_Handler
 .text.Default_Handler
                0x08001414        0x2 ./Core/Startup/startup_stm32f401retx.o
                0x08001414                RTC_Alarm_IRQHandler
                0x08001414                EXTI2_IRQHandler
                0x08001414                SPI4_IRQHandler
                0x08001414                TIM1_CC_IRQHandler
                0x08001414                DMA2_Stream5_IRQHandler
                0x08001414                DMA1_Stream5_IRQHandler
                0x08001414                PVD_IRQHandler
                0x08001414                SDIO_IRQHandler
                0x08001414                TAMP_STAMP_IRQHandler
                0x08001414                EXTI3_IRQHandler
                0x08001414                TIM1_UP_TIM10_IRQHandler
                0x08001414                I2C3_ER_IRQHandler
                0x08001414                EXTI0_IRQHandler
                0x08001414                I2C2_EV_IRQHandler
                0x08001414                DMA1_Stream2_IRQHandler
                0x08001414                FPU_IRQHandler
                0x08001414                DMA2_Stream2_IRQHandler
                0x08001414                SPI1_IRQHandler
                0x08001414                TIM1_BRK_TIM9_IRQHandler
                0x08001414                DMA2_Stream3_IRQHandler
                0x08001414                USART6_IRQHandler
                0x08001414                DMA2_Stream0_IRQHandler
                0x08001414                DMA1_Stream1_IRQHandler
                0x08001414                TIM3_IRQHandler
                0x08001414                RCC_IRQHandler
                0x08001414                Default_Handler
                0x08001414                EXTI15_10_IRQHandler
                0x08001414                ADC_IRQHandler
                0x08001414                DMA1_Stream7_IRQHandler
                0x08001414                TIM5_IRQHandler
                0x08001414                DMA2_Stream7_IRQHandler
                0x08001414                I2C3_EV_IRQHandler
                0x08001414                EXTI9_5_IRQHandler
                0x08001414                RTC_WKUP_IRQHandler
                0x08001414                EXTI4_IRQHandler
                0x08001414                WWDG_IRQHandler
                0x08001414                TIM2_IRQHandler
                0x08001414                OTG_FS_WKUP_IRQHandler
                0x08001414                EXTI1_IRQHandler
                0x08001414                USART2_IRQHandler
                0x08001414                I2C2_ER_IRQHandler
                0x08001414                DMA2_Stream1_IRQHandler
                0x08001414                FLASH_IRQHandler
                0x08001414                DMA2_Stream4_IRQHandler
                0x08001414                USART1_IRQHandler
                0x08001414                OTG_FS_IRQHandler
                0x08001414                SPI3_IRQHandler
                0x08001414                DMA2_Stream6_IRQHandler
                0x08001414                DMA1_Stream3_IRQHandler
 *fill*         0x08001416        0x2 
 .text.HAL_Init
                0x08001418       0x44 ./Drivers/STM32F4xx_HAL_Driver/Src/stm32f4xx_hal.o
                0x08001418                HAL_Init
 .text.HAL_InitTick
                0x0800145c       0x60 ./Drivers/STM32F4xx_HAL_Driver/Src/stm32f4xx_hal.o
                0x0800145c                HAL_InitTick
 .text.HAL_IncTick
                0x080014bc       0x28 ./Drivers/STM32F4xx_HAL_Driver/Src/stm32f4xx_hal.o
                0x080014bc                HAL_IncTick
 .text.HAL_GetTick
                0x080014e4       0x18 ./Drivers/STM32F4xx_HAL_Driver/Src/stm32f4xx_hal.o
                0x080014e4                HAL_GetTick
 .text.HAL_Delay
                0x080014fc       0x48 ./Drivers/STM32F4xx_HAL_Driver/Src/stm32f4xx_hal.o
                0x080014fc                HAL_Delay
 .text.__NVIC_SetPriorityGrouping
                0x08001544       0x48 ./Drivers/STM32F4xx_HAL_Driver/Src/stm32f4xx_hal_cortex.o
 .text.__NVIC_GetPriorityGrouping
                0x0800158c       0x1c ./Drivers/STM32F4xx_HAL_Driver/Src/stm32f4xx_hal_cortex.o
 .text.__NVIC_EnableIRQ
                0x080015a8       0x3c ./Drivers/STM32F4xx_HAL_Driver/Src/stm32f4xx_hal_cortex.o
 .text.__NVIC_SetPriority
                0x080015e4       0x54 ./Drivers/STM32F4xx_HAL_Driver/Src/stm32f4xx_hal_cortex.o
 .text.NVIC_EncodePriority
                0x08001638       0x66 ./Drivers/STM32F4xx_HAL_Driver/Src/stm32f4xx_hal_cortex.o
 *fill*         0x0800169e        0x2 
 .text.SysTick_Config
                0x080016a0       0x44 ./Drivers/STM32F4xx_HAL_Driver/Src/stm32f4xx_hal_cortex.o
 .text.HAL_NVIC_SetPriorityGrouping
                0x080016e4       0x16 ./Drivers/STM32F4xx_HAL_Driver/Src/stm32f4xx_hal_cortex.o
                0x080016e4                HAL_NVIC_SetPriorityGrouping
 .text.HAL_NVIC_SetPriority
                0x080016fa       0x38 ./Drivers/STM32F4xx_HAL_Driver/Src/stm32f4xx_hal_cortex.o
                0x080016fa                HAL_NVIC_SetPriority
 .text.HAL_NVIC_EnableIRQ
                0x08001732       0x1c ./Drivers/STM32F4xx_HAL_Driver/Src/stm32f4xx_hal_cortex.o
                0x08001732                HAL_NVIC_EnableIRQ
 .text.HAL_SYSTICK_Config
                0x0800174e       0x18 ./Drivers/STM32F4xx_HAL_Driver/Src/stm32f4xx_hal_cortex.o
                0x0800174e                HAL_SYSTICK_Config
 *fill*         0x08001766        0x2 
 .text.HAL_DMA_Init
                0x08001768      0x15c ./Drivers/STM32F4xx_HAL_Driver/Src/stm32f4xx_hal_dma.o
                0x08001768                HAL_DMA_Init
 .text.HAL_DMA_Start_IT
                0x080018c4       0xb0 ./Drivers/STM32F4xx_HAL_Driver/Src/stm32f4xx_hal_dma.o
                0x080018c4                HAL_DMA_Start_IT
 .text.HAL_DMA_Abort_IT
                0x08001974       0x44 ./Drivers/STM32F4xx_HAL_Driver/Src/stm32f4xx_hal_dma.o
                0x08001974                HAL_DMA_Abort_IT
 .text.HAL_DMA_IRQHandler
                0x080019b8      0x314 ./Drivers/STM32F4xx_HAL_Driver/Src/stm32f4xx_hal_dma.o
                0x080019b8                HAL_DMA_IRQHandler
 .text.HAL_DMA_GetState
                0x08001ccc       0x1c ./Drivers/STM32F4xx_HAL_Driver/Src/stm32f4xx_hal_dma.o
                0x08001ccc                HAL_DMA_GetState
 .text.HAL_DMA_GetError
                0x08001ce8       0x18 ./Drivers/STM32F4xx_HAL_Driver/Src/stm32f4xx_hal_dma.o
                0x08001ce8                HAL_DMA_GetError
 .text.DMA_SetConfig
                0x08001d00       0x5c ./Drivers/STM32F4xx_HAL_Driver/Src/stm32f4xx_hal_dma.o
 .text.DMA_CalcBaseAndBitshift
                0x08001d5c       0x6c ./Drivers/STM32F4xx_HAL_Driver/Src/stm32f4xx_hal_dma.o
 .text.DMA_CheckFifoParam
                0x08001dc8       0xf8 ./Drivers/STM32F4xx_HAL_Driver/Src/stm32f4xx_hal_dma.o
 .text.HAL_GPIO_Init
                0x08001ec0      0x308 ./Drivers/STM32F4xx_HAL_Driver/Src/stm32f4xx_hal_gpio.o
                0x08001ec0                HAL_GPIO_Init
 .text.HAL_GPIO_WritePin
                0x080021c8       0x32 ./Drivers/STM32F4xx_HAL_Driver/Src/stm32f4xx_hal_gpio.o
                0x080021c8                HAL_GPIO_WritePin
 .text.HAL_GPIO_TogglePin
                0x080021fa       0x34 ./Drivers/STM32F4xx_HAL_Driver/Src/stm32f4xx_hal_gpio.o
                0x080021fa                HAL_GPIO_TogglePin
 *fill*         0x0800222e        0x2 
 .text.HAL_I2C_Init
                0x08002230      0x288 ./Drivers/STM32F4xx_HAL_Driver/Src/stm32f4xx_hal_i2c.o
                0x08002230                HAL_I2C_Init
 .text.I2C_Flush_DR
                0x080024b8       0x2a ./Drivers/STM32F4xx_HAL_Driver/Src/stm32f4xx_hal_i2c.o
 *fill*         0x080024e2        0x2 
 .text.HAL_I2C_Master_Transmit
                0x080024e4      0x1fc ./Drivers/STM32F4xx_HAL_Driver/Src/stm32f4xx_hal_i2c.o
                0x080024e4                HAL_I2C_Master_Transmit
 .text.HAL_I2C_Master_Transmit_DMA
                0x080026e0      0x258 ./Drivers/STM32F4xx_HAL_Driver/Src/stm32f4xx_hal_i2c.o
                0x080026e0                HAL_I2C_Master_Transmit_DMA
 .text.HAL_I2C_Master_Receive_DMA
                0x08002938      0x258 ./Drivers/STM32F4xx_HAL_Driver/Src/stm32f4xx_hal_i2c.o
                0x08002938                HAL_I2C_Master_Receive_DMA
 .text.HAL_I2C_EV_IRQHandler
                0x08002b90      0x2e2 ./Drivers/STM32F4xx_HAL_Driver/Src/stm32f4xx_hal_i2c.o
                0x08002b90                HAL_I2C_EV_IRQHandler
 .text.HAL_I2C_ER_IRQHandler
                0x08002e72      0x14e ./Drivers/STM32F4xx_HAL_Driver/Src/stm32f4xx_hal_i2c.o
                0x08002e72                HAL_I2C_ER_IRQHandler
 .text.HAL_I2C_SlaveTxCpltCallback
                0x08002fc0       0x14 ./Drivers/STM32F4xx_HAL_Driver/Src/stm32f4xx_hal_i2c.o
                0x08002fc0                HAL_I2C_SlaveTxCpltCallback
 .text.HAL_I2C_SlaveRxCpltCallback
                0x08002fd4       0x14 ./Drivers/STM32F4xx_HAL_Driver/Src/stm32f4xx_hal_i2c.o
                0x08002fd4                HAL_I2C_SlaveRxCpltCallback
 .text.HAL_I2C_AddrCallback
                0x08002fe8       0x1c ./Drivers/STM32F4xx_HAL_Driver/Src/stm32f4xx_hal_i2c.o
                0x08002fe8                HAL_I2C_AddrCallback
 .text.HAL_I2C_ListenCpltCallback
                0x08003004       0x14 ./Drivers/STM32F4xx_HAL_Driver/Src/stm32f4xx_hal_i2c.o
                0x08003004                HAL_I2C_ListenCpltCallback
 .text.HAL_I2C_MemTxCpltCallback
                0x08003018       0x14 ./Drivers/STM32F4xx_HAL_Driver/Src/stm32f4xx_hal_i2c.o
                0x08003018                HAL_I2C_MemTxCpltCallback
 .text.HAL_I2C_MemRxCpltCallback
                0x0800302c       0x14 ./Drivers/STM32F4xx_HAL_Driver/Src/stm32f4xx_hal_i2c.o
                0x0800302c                HAL_I2C_MemRxCpltCallback
 .text.HAL_I2C_ErrorCallback
                0x08003040       0x14 ./Drivers/STM32F4xx_HAL_Driver/Src/stm32f4xx_hal_i2c.o
                0x08003040                HAL_I2C_ErrorCallback
 .text.HAL_I2C_AbortCpltCallback
                0x08003054       0x14 ./Drivers/STM32F4xx_HAL_Driver/Src/stm32f4xx_hal_i2c.o
                0x08003054                HAL_I2C_AbortCpltCallback
 .text.I2C_MasterTransmit_TXE
                0x08003068      0x138 ./Drivers/STM32F4xx_HAL_Driver/Src/stm32f4xx_hal_i2c.o
 .text.I2C_MasterTransmit_BTF
                0x080031a0       0xec ./Drivers/STM32F4xx_HAL_Driver/Src/stm32f4xx_hal_i2c.o
 .text.I2C_MemoryTransmit_TXE_BTF
                0x0800328c      0x130 ./Drivers/STM32F4xx_HAL_Driver/Src/stm32f4xx_hal_i2c.o
 .text.I2C_MasterReceive_RXNE
                0x080033bc      0x190 ./Drivers/STM32F4xx_HAL_Driver/Src/stm32f4xx_hal_i2c.o
 .text.I2C_MasterReceive_BTF
                0x0800354c      0x1ea ./Drivers/STM32F4xx_HAL_Driver/Src/stm32f4xx_hal_i2c.o
 .text.I2C_Master_SB
                0x08003736      0x10c ./Drivers/STM32F4xx_HAL_Driver/Src/stm32f4xx_hal_i2c.o
 .text.I2C_Master_ADD10
                0x08003842       0x54 ./Drivers/STM32F4xx_HAL_Driver/Src/stm32f4xx_hal_i2c.o
 .text.I2C_Master_ADDR
                0x08003896      0x322 ./Drivers/STM32F4xx_HAL_Driver/Src/stm32f4xx_hal_i2c.o
 .text.I2C_SlaveTransmit_TXE
                0x08003bb8       0x7a ./Drivers/STM32F4xx_HAL_Driver/Src/stm32f4xx_hal_i2c.o
 .text.I2C_SlaveTransmit_BTF
                0x08003c32       0x42 ./Drivers/STM32F4xx_HAL_Driver/Src/stm32f4xx_hal_i2c.o
 .text.I2C_SlaveReceive_RXNE
                0x08003c74       0x7c ./Drivers/STM32F4xx_HAL_Driver/Src/stm32f4xx_hal_i2c.o
 .text.I2C_SlaveReceive_BTF
                0x08003cf0       0x44 ./Drivers/STM32F4xx_HAL_Driver/Src/stm32f4xx_hal_i2c.o
 .text.I2C_Slave_ADDR
                0x08003d34       0x94 ./Drivers/STM32F4xx_HAL_Driver/Src/stm32f4xx_hal_i2c.o
 .text.I2C_Slave_STOPF
                0x08003dc8      0x260 ./Drivers/STM32F4xx_HAL_Driver/Src/stm32f4xx_hal_i2c.o
 .text.I2C_Slave_AF
                0x08004028       0xe8 ./Drivers/STM32F4xx_HAL_Driver/Src/stm32f4xx_hal_i2c.o
 .text.I2C_ITError
                0x08004110      0x264 ./Drivers/STM32F4xx_HAL_Driver/Src/stm32f4xx_hal_i2c.o
 .text.I2C_MasterRequestWrite
                0x08004374      0x104 ./Drivers/STM32F4xx_HAL_Driver/Src/stm32f4xx_hal_i2c.o
 .text.I2C_DMAXferCplt
                0x08004478      0x1be ./Drivers/STM32F4xx_HAL_Driver/Src/stm32f4xx_hal_i2c.o
 .text.I2C_DMAError
                0x08004636       0x7a ./Drivers/STM32F4xx_HAL_Driver/Src/stm32f4xx_hal_i2c.o
 .text.I2C_DMAAbort
                0x080046b0      0x150 ./Drivers/STM32F4xx_HAL_Driver/Src/stm32f4xx_hal_i2c.o
 .text.I2C_WaitOnFlagUntilTimeout
                0x08004800       0xf4 ./Drivers/STM32F4xx_HAL_Driver/Src/stm32f4xx_hal_i2c.o
 .text.I2C_WaitOnMasterAddressFlagUntilTimeout
                0x080048f4      0x140 ./Drivers/STM32F4xx_HAL_Driver/Src/stm32f4xx_hal_i2c.o
 .text.I2C_WaitOnTXEFlagUntilTimeout
                0x08004a34       0x90 ./Drivers/STM32F4xx_HAL_Driver/Src/stm32f4xx_hal_i2c.o
 .text.I2C_WaitOnBTFFlagUntilTimeout
                0x08004ac4       0x90 ./Drivers/STM32F4xx_HAL_Driver/Src/stm32f4xx_hal_i2c.o
 .text.I2C_WaitOnSTOPRequestThroughIT
                0x08004b54       0x64 ./Drivers/STM32F4xx_HAL_Driver/Src/stm32f4xx_hal_i2c.o
 .text.I2C_IsAcknowledgeFailed
                0x08004bb8       0x5e ./Drivers/STM32F4xx_HAL_Driver/Src/stm32f4xx_hal_i2c.o
 .text.I2C_ConvertOtherXferOptions
                0x08004c16       0x36 ./Drivers/STM32F4xx_HAL_Driver/Src/stm32f4xx_hal_i2c.o
 .text.HAL_PWR_EnableBkUpAccess
                0x08004c4c       0x28 ./Drivers/STM32F4xx_HAL_Driver/Src/stm32f4xx_hal_pwr.o
                0x08004c4c                HAL_PWR_EnableBkUpAccess
 .text.HAL_RCC_OscConfig
                0x08004c74      0x4f0 ./Drivers/STM32F4xx_HAL_Driver/Src/stm32f4xx_hal_rcc.o
                0x08004c74                HAL_RCC_OscConfig
 .text.HAL_RCC_ClockConfig
                0x08005164      0x1cc ./Drivers/STM32F4xx_HAL_Driver/Src/stm32f4xx_hal_rcc.o
                0x08005164                HAL_RCC_ClockConfig
 .text.HAL_RCC_GetSysClockFreq
                0x08005330      0x18c ./Drivers/STM32F4xx_HAL_Driver/Src/stm32f4xx_hal_rcc.o
                0x08005330                HAL_RCC_GetSysClockFreq
 .text.HAL_RCC_GetHCLKFreq
                0x080054bc       0x18 ./Drivers/STM32F4xx_HAL_Driver/Src/stm32f4xx_hal_rcc.o
                0x080054bc                HAL_RCC_GetHCLKFreq
 .text.HAL_RCC_GetPCLK1Freq
                0x080054d4       0x28 ./Drivers/STM32F4xx_HAL_Driver/Src/stm32f4xx_hal_rcc.o
                0x080054d4                HAL_RCC_GetPCLK1Freq
 .text.HAL_RCCEx_PeriphCLKConfig
                0x080054fc      0x1dc ./Drivers/STM32F4xx_HAL_Driver/Src/stm32f4xx_hal_rcc_ex.o
                0x080054fc                HAL_RCCEx_PeriphCLKConfig
 .text.HAL_RTC_Init
                0x080056d8      0x106 ./Drivers/STM32F4xx_HAL_Driver/Src/stm32f4xx_hal_rtc.o
                0x080056d8                HAL_RTC_Init
 *fill*         0x080057de        0x2 
 .text.HAL_RTC_WaitForSynchro
                0x080057e0       0x4c ./Drivers/STM32F4xx_HAL_Driver/Src/stm32f4xx_hal_rtc.o
                0x080057e0                HAL_RTC_WaitForSynchro
 .text.RTC_EnterInitMode
                0x0800582c       0x6e ./Drivers/STM32F4xx_HAL_Driver/Src/stm32f4xx_hal_rtc.o
                0x0800582c                RTC_EnterInitMode
 .text.RTC_ExitInitMode
                0x0800589a       0x4a ./Drivers/STM32F4xx_HAL_Driver/Src/stm32f4xx_hal_rtc.o
                0x0800589a                RTC_ExitInitMode
 .text.HAL_SPI_Init
                0x080058e4      0x112 ./Drivers/STM32F4xx_HAL_Driver/Src/stm32f4xx_hal_spi.o
                0x080058e4                HAL_SPI_Init
 *fill*         0x080059f6        0x2 
 .text.HAL_SPI_Transmit_DMA
                0x080059f8      0x164 ./Drivers/STM32F4xx_HAL_Driver/Src/stm32f4xx_hal_spi.o
                0x080059f8                HAL_SPI_Transmit_DMA
 .text.HAL_SPI_IRQHandler
                0x08005b5c      0x200 ./Drivers/STM32F4xx_HAL_Driver/Src/stm32f4xx_hal_spi.o
                0x08005b5c                HAL_SPI_IRQHandler
 .text.HAL_SPI_TxHalfCpltCallback
                0x08005d5c       0x14 ./Drivers/STM32F4xx_HAL_Driver/Src/stm32f4xx_hal_spi.o
                0x08005d5c                HAL_SPI_TxHalfCpltCallback
 .text.HAL_SPI_ErrorCallback
                0x08005d70       0x14 ./Drivers/STM32F4xx_HAL_Driver/Src/stm32f4xx_hal_spi.o
                0x08005d70                HAL_SPI_ErrorCallback
 .text.SPI_DMATransmitCplt
                0x08005d84       0xa8 ./Drivers/STM32F4xx_HAL_Driver/Src/stm32f4xx_hal_spi.o
 .text.SPI_DMAHalfTransmitCplt
                0x08005e2c       0x1c ./Drivers/STM32F4xx_HAL_Driver/Src/stm32f4xx_hal_spi.o
 .text.SPI_DMAError
                0x08005e48       0x40 ./Drivers/STM32F4xx_HAL_Driver/Src/stm32f4xx_hal_spi.o
 .text.SPI_DMAAbortOnError
                0x08005e88       0x28 ./Drivers/STM32F4xx_HAL_Driver/Src/stm32f4xx_hal_spi.o
 .text.SPI_WaitFlagStateUntilTimeout
                0x08005eb0      0x110 ./Drivers/STM32F4xx_HAL_Driver/Src/stm32f4xx_hal_spi.o
 .text.SPI_EndRxTxTransaction
                0x08005fc0       0xa8 ./Drivers/STM32F4xx_HAL_Driver/Src/stm32f4xx_hal_spi.o
 .text.HAL_TIM_Base_Init
                0x08006068       0x9e ./Drivers/STM32F4xx_HAL_Driver/Src/stm32f4xx_hal_tim.o
                0x08006068                HAL_TIM_Base_Init
 *fill*         0x08006106        0x2 
 .text.HAL_TIM_Base_Start_IT
                0x08006108       0xc4 ./Drivers/STM32F4xx_HAL_Driver/Src/stm32f4xx_hal_tim.o
                0x08006108                HAL_TIM_Base_Start_IT
 .text.HAL_TIM_PWM_Init
                0x080061cc       0x9e ./Drivers/STM32F4xx_HAL_Driver/Src/stm32f4xx_hal_tim.o
                0x080061cc                HAL_TIM_PWM_Init
 .text.HAL_TIM_IRQHandler
                0x0800626a      0x1e0 ./Drivers/STM32F4xx_HAL_Driver/Src/stm32f4xx_hal_tim.o
                0x0800626a                HAL_TIM_IRQHandler
 *fill*         0x0800644a        0x2 
 .text.HAL_TIM_PWM_ConfigChannel
                0x0800644c      0x184 ./Drivers/STM32F4xx_HAL_Driver/Src/stm32f4xx_hal_tim.o
                0x0800644c                HAL_TIM_PWM_ConfigChannel
 .text.HAL_TIM_OC_DelayElapsedCallback
                0x080065d0       0x14 ./Drivers/STM32F4xx_HAL_Driver/Src/stm32f4xx_hal_tim.o
                0x080065d0                HAL_TIM_OC_DelayElapsedCallback
 .text.HAL_TIM_IC_CaptureCallback
                0x080065e4       0x14 ./Drivers/STM32F4xx_HAL_Driver/Src/stm32f4xx_hal_tim.o
                0x080065e4                HAL_TIM_IC_CaptureCallback
 .text.HAL_TIM_PWM_PulseFinishedCallback
                0x080065f8       0x14 ./Drivers/STM32F4xx_HAL_Driver/Src/stm32f4xx_hal_tim.o
                0x080065f8                HAL_TIM_PWM_PulseFinishedCallback
 .text.HAL_TIM_TriggerCallback
                0x0800660c       0x14 ./Drivers/STM32F4xx_HAL_Driver/Src/stm32f4xx_hal_tim.o
                0x0800660c                HAL_TIM_TriggerCallback
 .text.TIM_Base_SetConfig
                0x08006620      0x118 ./Drivers/STM32F4xx_HAL_Driver/Src/stm32f4xx_hal_tim.o
                0x08006620                TIM_Base_SetConfig
 .text.TIM_OC1_SetConfig
                0x08006738       0xcc ./Drivers/STM32F4xx_HAL_Driver/Src/stm32f4xx_hal_tim.o
 .text.TIM_OC2_SetConfig
                0x08006804       0xd8 ./Drivers/STM32F4xx_HAL_Driver/Src/stm32f4xx_hal_tim.o
                0x08006804                TIM_OC2_SetConfig
 .text.TIM_OC3_SetConfig
                0x080068dc       0xd4 ./Drivers/STM32F4xx_HAL_Driver/Src/stm32f4xx_hal_tim.o
 .text.TIM_OC4_SetConfig
                0x080069b0       0xa0 ./Drivers/STM32F4xx_HAL_Driver/Src/stm32f4xx_hal_tim.o
 .text.HAL_TIMEx_MasterConfigSynchronization
                0x08006a50       0xdc ./Drivers/STM32F4xx_HAL_Driver/Src/stm32f4xx_hal_tim_ex.o
                0x08006a50                HAL_TIMEx_MasterConfigSynchronization
 .text.HAL_TIMEx_CommutCallback
                0x08006b2c       0x14 ./Drivers/STM32F4xx_HAL_Driver/Src/stm32f4xx_hal_tim_ex.o
                0x08006b2c                HAL_TIMEx_CommutCallback
 .text.HAL_TIMEx_BreakCallback
                0x08006b40       0x14 ./Drivers/STM32F4xx_HAL_Driver/Src/stm32f4xx_hal_tim_ex.o
                0x08006b40                HAL_TIMEx_BreakCallback
 .text.memset   0x08006b54       0x10 C:/ST/STM32CubeIDE_1.16.1/STM32CubeIDE/plugins/com.st.stm32cube.ide.mcu.externaltools.gnu-tools-for-stm32.13.3.rel1.win32_1.0.0.202411081344/tools/bin/../lib/gcc/arm-none-eabi/13.3.1/../../../../arm-none-eabi/lib/thumb/v7e-m+fp/hard\libc_nano.a(libc_a-memset.o)
                0x08006b54                memset
 .text.__libc_init_array
                0x08006b64       0x48 C:/ST/STM32CubeIDE_1.16.1/STM32CubeIDE/plugins/com.st.stm32cube.ide.mcu.externaltools.gnu-tools-for-stm32.13.3.rel1.win32_1.0.0.202411081344/tools/bin/../lib/gcc/arm-none-eabi/13.3.1/../../../../arm-none-eabi/lib/thumb/v7e-m+fp/hard\libc_nano.a(libc_a-init.o)
                0x08006b64                __libc_init_array
 *(.glue_7)
 .glue_7        0x08006bac        0x0 linker stubs
 *(.glue_7t)
 .glue_7t       0x08006bac        0x0 linker stubs
 *(.eh_frame)
 .eh_frame      0x08006bac        0x0 C:/ST/STM32CubeIDE_1.16.1/STM32CubeIDE/plugins/com.st.stm32cube.ide.mcu.externaltools.gnu-tools-for-stm32.13.3.rel1.win32_1.0.0.202411081344/tools/bin/../lib/gcc/arm-none-eabi/13.3.1/thumb/v7e-m+fp/hard/crtbegin.o
 *(.init)
 .init          0x08006bac        0x4 C:/ST/STM32CubeIDE_1.16.1/STM32CubeIDE/plugins/com.st.stm32cube.ide.mcu.externaltools.gnu-tools-for-stm32.13.3.rel1.win32_1.0.0.202411081344/tools/bin/../lib/gcc/arm-none-eabi/13.3.1/thumb/v7e-m+fp/hard/crti.o
                0x08006bac                _init
 .init          0x08006bb0        0x8 C:/ST/STM32CubeIDE_1.16.1/STM32CubeIDE/plugins/com.st.stm32cube.ide.mcu.externaltools.gnu-tools-for-stm32.13.3.rel1.win32_1.0.0.202411081344/tools/bin/../lib/gcc/arm-none-eabi/13.3.1/thumb/v7e-m+fp/hard/crtn.o
 *(.fini)
 .fini          0x08006bb8        0x4 C:/ST/STM32CubeIDE_1.16.1/STM32CubeIDE/plugins/com.st.stm32cube.ide.mcu.externaltools.gnu-tools-for-stm32.13.3.rel1.win32_1.0.0.202411081344/tools/bin/../lib/gcc/arm-none-eabi/13.3.1/thumb/v7e-m+fp/hard/crti.o
                0x08006bb8                _fini
 .fini          0x08006bbc        0x8 C:/ST/STM32CubeIDE_1.16.1/STM32CubeIDE/plugins/com.st.stm32cube.ide.mcu.externaltools.gnu-tools-for-stm32.13.3.rel1.win32_1.0.0.202411081344/tools/bin/../lib/gcc/arm-none-eabi/13.3.1/thumb/v7e-m+fp/hard/crtn.o
                0x08006bc4                        . = ALIGN (0x4)
                0x08006bc4                        _etext = .

.vfp11_veneer   0x08006bc4        0x0
 .vfp11_veneer  0x08006bc4        0x0 linker stubs

.v4_bx          0x08006bc4        0x0
 .v4_bx         0x08006bc4        0x0 linker stubs

.iplt           0x08006bc4        0x0
 .iplt          0x08006bc4        0x0 C:/ST/STM32CubeIDE_1.16.1/STM32CubeIDE/plugins/com.st.stm32cube.ide.mcu.externaltools.gnu-tools-for-stm32.13.3.rel1.win32_1.0.0.202411081344/tools/bin/../lib/gcc/arm-none-eabi/13.3.1/thumb/v7e-m+fp/hard/crtbegin.o

.rodata         0x08006bc4       0x34
                0x08006bc4                        . = ALIGN (0x4)
 *(.rodata)
 *(.rodata*)
 .rodata.segmentDigits
                0x08006bc4       0x14 ./Core/Src/display7seg.o
 .rodata.AHBPrescTable
                0x08006bd8       0x10 ./Core/Src/system_stm32f4xx.o
                0x08006bd8                AHBPrescTable
 .rodata.APBPrescTable
                0x08006be8        0x8 ./Core/Src/system_stm32f4xx.o
                0x08006be8                APBPrescTable
 .rodata.flagBitshiftOffset.0
                0x08006bf0        0x8 ./Drivers/STM32F4xx_HAL_Driver/Src/stm32f4xx_hal_dma.o
                0x08006bf8                        . = ALIGN (0x4)

.ARM.extab      0x08006bf8        0x0
                0x08006bf8                        . = ALIGN (0x4)
 *(.ARM.extab* .gnu.linkonce.armextab.*)
                0x08006bf8                        . = ALIGN (0x4)

.ARM            0x08006bf8        0x8
                0x08006bf8                        . = ALIGN (0x4)
                0x08006bf8                        __exidx_start = .
 *(.ARM.exidx*)
 .ARM.exidx     0x08006bf8        0x8 C:/ST/STM32CubeIDE_1.16.1/STM32CubeIDE/plugins/com.st.stm32cube.ide.mcu.externaltools.gnu-tools-for-stm32.13.3.rel1.win32_1.0.0.202411081344/tools/bin/../lib/gcc/arm-none-eabi/13.3.1/thumb/v7e-m+fp/hard\libgcc.a(_udivmoddi4.o)
                0x08006c00                        __exidx_end = .
                0x08006c00                        . = ALIGN (0x4)

.preinit_array  0x08006c00        0x0
                0x08006c00                        . = ALIGN (0x4)
                0x08006c00                        PROVIDE (__preinit_array_start = .)
 *(.preinit_array*)
                0x08006c00                        PROVIDE (__preinit_array_end = .)
                0x08006c00                        . = ALIGN (0x4)

.init_array     0x08006c00        0x4
                0x08006c00                        . = ALIGN (0x4)
                0x08006c00                        PROVIDE (__init_array_start = .)
 *(SORT_BY_NAME(.init_array.*))
 *(.init_array*)
 .init_array    0x08006c00        0x4 C:/ST/STM32CubeIDE_1.16.1/STM32CubeIDE/plugins/com.st.stm32cube.ide.mcu.externaltools.gnu-tools-for-stm32.13.3.rel1.win32_1.0.0.202411081344/tools/bin/../lib/gcc/arm-none-eabi/13.3.1/thumb/v7e-m+fp/hard/crtbegin.o
                0x08006c04                        PROVIDE (__init_array_end = .)
                0x08006c04                        . = ALIGN (0x4)

.fini_array     0x08006c04        0x4
                0x08006c04                        . = ALIGN (0x4)
                [!provide]                        PROVIDE (__fini_array_start = .)
 *(SORT_BY_NAME(.fini_array.*))
 *(.fini_array*)
 .fini_array    0x08006c04        0x4 C:/ST/STM32CubeIDE_1.16.1/STM32CubeIDE/plugins/com.st.stm32cube.ide.mcu.externaltools.gnu-tools-for-stm32.13.3.rel1.win32_1.0.0.202411081344/tools/bin/../lib/gcc/arm-none-eabi/13.3.1/thumb/v7e-m+fp/hard/crtbegin.o
                [!provide]                        PROVIDE (__fini_array_end = .)
                0x08006c08                        . = ALIGN (0x4)
                0x08006c08                        _sidata = LOADADDR (.data)

.rel.dyn        0x08006c08        0x0
 .rel.iplt      0x08006c08        0x0 C:/ST/STM32CubeIDE_1.16.1/STM32CubeIDE/plugins/com.st.stm32cube.ide.mcu.externaltools.gnu-tools-for-stm32.13.3.rel1.win32_1.0.0.202411081344/tools/bin/../lib/gcc/arm-none-eabi/13.3.1/thumb/v7e-m+fp/hard/crtbegin.o

.data           0x20000000       0x14 load address 0x08006c08
                0x20000000                        . = ALIGN (0x4)
                0x20000000                        _sdata = .
 *(.data)
 *(.data*)
 .data.sht31_resetCmd
                0x20000000        0x2 ./Core/Src/main.o
 *fill*         0x20000002        0x2 
 .data.sht31_measureCmd
                0x20000004        0x2 ./Core/Src/main.o
 .data.isSpiReady
                0x20000006        0x1 ./Core/Src/main.o
 *fill*         0x20000007        0x1 
 .data.SystemCoreClock
                0x20000008        0x4 ./Core/Src/system_stm32f4xx.o
                0x20000008                SystemCoreClock
 .data.uwTickPrio
                0x2000000c        0x4 ./Drivers/STM32F4xx_HAL_Driver/Src/stm32f4xx_hal.o
                0x2000000c                uwTickPrio
 .data.uwTickFreq
                0x20000010        0x1 ./Drivers/STM32F4xx_HAL_Driver/Src/stm32f4xx_hal.o
                0x20000010                uwTickFreq
 *(.RamFunc)
 *(.RamFunc*)
                0x20000014                        . = ALIGN (0x4)
 *fill*         0x20000011        0x3 
                0x20000014                        _edata = .

.igot.plt       0x20000014        0x0 load address 0x08006c1c
 .igot.plt      0x20000014        0x0 C:/ST/STM32CubeIDE_1.16.1/STM32CubeIDE/plugins/com.st.stm32cube.ide.mcu.externaltools.gnu-tools-for-stm32.13.3.rel1.win32_1.0.0.202411081344/tools/bin/../lib/gcc/arm-none-eabi/13.3.1/thumb/v7e-m+fp/hard/crtbegin.o
                0x20000014                        . = ALIGN (0x4)

.bss            0x20000014      0x2c4 load address 0x08006c1c
                0x20000014                        _sbss = .
                0x20000014                        __bss_start__ = _sbss
 *(.bss)
 .bss           0x20000014       0x1c C:/ST/STM32CubeIDE_1.16.1/STM32CubeIDE/plugins/com.st.stm32cube.ide.mcu.externaltools.gnu-tools-for-stm32.13.3.rel1.win32_1.0.0.202411081344/tools/bin/../lib/gcc/arm-none-eabi/13.3.1/thumb/v7e-m+fp/hard/crtbegin.o
 *(.bss*)
 .bss.frontBuffer
                0x20000030        0x6 ./Core/Src/display7seg.o
 *fill*         0x20000036        0x2 
 .bss.backBuffer
                0x20000038        0x6 ./Core/Src/display7seg.o
 .bss.display_needs_update
                0x2000003e        0x1 ./Core/Src/display7seg.o
 *fill*         0x2000003f        0x1 
 .bss.hi2c1     0x20000040       0x54 ./Core/Src/i2c.o
                0x20000040                hi2c1
 .bss.hdma_i2c1_rx
                0x20000094       0x60 ./Core/Src/i2c.o
                0x20000094                hdma_i2c1_rx
 .bss.hdma_i2c1_tx
                0x200000f4       0x60 ./Core/Src/i2c.o
                0x200000f4                hdma_i2c1_tx
 .bss.sht31_state
                0x20000154        0x1 ./Core/Src/main.o
 *fill*         0x20000155        0x3 
 .bss.sht31_timerMs
                0x20000158        0x4 ./Core/Src/main.o
 .bss.sht31_rxBuf
                0x2000015c        0x6 ./Core/Src/main.o
 .bss.sht31_temperatureCenti
                0x20000162        0x2 ./Core/Src/main.o
 .bss.sht31_tempIsNegative
                0x20000164        0x1 ./Core/Src/main.o
 *fill*         0x20000165        0x1 
 .bss.sht31_humidityCenti
                0x20000166        0x2 ./Core/Src/main.o
 .bss.msCount.0
                0x20000168        0x1 ./Core/Src/main.o
 *fill*         0x20000169        0x3 
 .bss.hrtc      0x2000016c       0x20 ./Core/Src/rtc.o
                0x2000016c                hrtc
 .bss.hspi2     0x2000018c       0x58 ./Core/Src/spi.o
                0x2000018c                hspi2
 .bss.hdma_spi2_tx
                0x200001e4       0x60 ./Core/Src/spi.o
                0x200001e4                hdma_spi2_tx
 .bss.htim4     0x20000244       0x48 ./Core/Src/tim.o
                0x20000244                htim4
 .bss.htim11    0x2000028c       0x48 ./Core/Src/tim.o
                0x2000028c                htim11
 .bss.uwTick    0x200002d4        0x4 ./Drivers/STM32F4xx_HAL_Driver/Src/stm32f4xx_hal.o
                0x200002d4                uwTick
 *(COMMON)
                0x200002d8                        . = ALIGN (0x4)
                0x200002d8                        _ebss = .
                0x200002d8                        __bss_end__ = _ebss

._user_heap_stack
                0x200002d8      0x600 load address 0x08006c1c
                0x200002d8                        . = ALIGN (0x8)
                [!provide]                        PROVIDE (end = .)
                0x200002d8                        PROVIDE (_end = .)
                0x200004d8                        . = (. + _Min_Heap_Size)
 *fill*         0x200002d8      0x200 
                0x200008d8                        . = (. + _Min_Stack_Size)
 *fill*         0x200004d8      0x400 
                0x200008d8                        . = ALIGN (0x8)

/DISCARD/
 libc.a(*)
 libm.a(*)
 libgcc.a(*)

.ARM.attributes
                0x00000000       0x30
 *(.ARM.attributes)
 .ARM.attributes
                0x00000000       0x22 C:/ST/STM32CubeIDE_1.16.1/STM32CubeIDE/plugins/com.st.stm32cube.ide.mcu.externaltools.gnu-tools-for-stm32.13.3.rel1.win32_1.0.0.202411081344/tools/bin/../lib/gcc/arm-none-eabi/13.3.1/thumb/v7e-m+fp/hard/crti.o
 .ARM.attributes
                0x00000022       0x34 C:/ST/STM32CubeIDE_1.16.1/STM32CubeIDE/plugins/com.st.stm32cube.ide.mcu.externaltools.gnu-tools-for-stm32.13.3.rel1.win32_1.0.0.202411081344/tools/bin/../lib/gcc/arm-none-eabi/13.3.1/thumb/v7e-m+fp/hard/crtbegin.o
 .ARM.attributes
                0x00000056       0x34 ./Core/Src/display7seg.o
 .ARM.attributes
                0x0000008a       0x34 ./Core/Src/dma.o
 .ARM.attributes
                0x000000be       0x34 ./Core/Src/gpio.o
 .ARM.attributes
                0x000000f2       0x34 ./Core/Src/i2c.o
 .ARM.attributes
                0x00000126       0x34 ./Core/Src/main.o
 .ARM.attributes
                0x0000015a       0x34 ./Core/Src/rtc.o
 .ARM.attributes
                0x0000018e       0x34 ./Core/Src/spi.o
 .ARM.attributes
                0x000001c2       0x34 ./Core/Src/stm32f4xx_hal_msp.o
 .ARM.attributes
                0x000001f6       0x34 ./Core/Src/stm32f4xx_it.o
 .ARM.attributes
                0x0000022a       0x34 ./Core/Src/system_stm32f4xx.o
 .ARM.attributes
                0x0000025e       0x34 ./Core/Src/tim.o
 .ARM.attributes
                0x00000292       0x21 ./Core/Startup/startup_stm32f401retx.o
 .ARM.attributes
                0x000002b3       0x34 ./Drivers/STM32F4xx_HAL_Driver/Src/stm32f4xx_hal.o
 .ARM.attributes
                0x000002e7       0x34 ./Drivers/STM32F4xx_HAL_Driver/Src/stm32f4xx_hal_cortex.o
 .ARM.attributes
                0x0000031b       0x34 ./Drivers/STM32F4xx_HAL_Driver/Src/stm32f4xx_hal_dma.o
 .ARM.attributes
                0x0000034f       0x34 ./Drivers/STM32F4xx_HAL_Driver/Src/stm32f4xx_hal_gpio.o
 .ARM.attributes
                0x00000383       0x34 ./Drivers/STM32F4xx_HAL_Driver/Src/stm32f4xx_hal_i2c.o
 .ARM.attributes
                0x000003b7       0x34 ./Drivers/STM32F4xx_HAL_Driver/Src/stm32f4xx_hal_pwr.o
 .ARM.attributes
                0x000003eb       0x34 ./Drivers/STM32F4xx_HAL_Driver/Src/stm32f4xx_hal_rcc.o
 .ARM.attributes
                0x0000041f       0x34 ./Drivers/STM32F4xx_HAL_Driver/Src/stm32f4xx_hal_rcc_ex.o
 .ARM.attributes
                0x00000453       0x34 ./Drivers/STM32F4xx_HAL_Driver/Src/stm32f4xx_hal_rtc.o
 .ARM.attributes
                0x00000487       0x34 ./Drivers/STM32F4xx_HAL_Driver/Src/stm32f4xx_hal_spi.o
 .ARM.attributes
                0x000004bb       0x34 ./Drivers/STM32F4xx_HAL_Driver/Src/stm32f4xx_hal_tim.o
 .ARM.attributes
                0x000004ef       0x34 ./Drivers/STM32F4xx_HAL_Driver/Src/stm32f4xx_hal_tim_ex.o
 .ARM.attributes
                0x00000523       0x34 C:/ST/STM32CubeIDE_1.16.1/STM32CubeIDE/plugins/com.st.stm32cube.ide.mcu.externaltools.gnu-tools-for-stm32.13.3.rel1.win32_1.0.0.202411081344/tools/bin/../lib/gcc/arm-none-eabi/13.3.1/../../../../arm-none-eabi/lib/thumb/v7e-m+fp/hard\libc_nano.a(libc_a-memset.o)
 .ARM.attributes
                0x00000557       0x34 C:/ST/STM32CubeIDE_1.16.1/STM32CubeIDE/plugins/com.st.stm32cube.ide.mcu.externaltools.gnu-tools-for-stm32.13.3.rel1.win32_1.0.0.202411081344/tools/bin/../lib/gcc/arm-none-eabi/13.3.1/../../../../arm-none-eabi/lib/thumb/v7e-m+fp/hard\libc_nano.a(libc_a-init.o)
 .ARM.attributes
                0x0000058b       0x22 C:/ST/STM32CubeIDE_1.16.1/STM32CubeIDE/plugins/com.st.stm32cube.ide.mcu.externaltools.gnu-tools-for-stm32.13.3.rel1.win32_1.0.0.202411081344/tools/bin/../lib/gcc/arm-none-eabi/13.3.1/thumb/v7e-m+fp/hard\libgcc.a(_aeabi_uldivmod.o)
 .ARM.attributes
                0x000005ad       0x34 C:/ST/STM32CubeIDE_1.16.1/STM32CubeIDE/plugins/com.st.stm32cube.ide.mcu.externaltools.gnu-tools-for-stm32.13.3.rel1.win32_1.0.0.202411081344/tools/bin/../lib/gcc/arm-none-eabi/13.3.1/thumb/v7e-m+fp/hard\libgcc.a(_udivmoddi4.o)
 .ARM.attributes
                0x000005e1       0x22 C:/ST/STM32CubeIDE_1.16.1/STM32CubeIDE/plugins/com.st.stm32cube.ide.mcu.externaltools.gnu-tools-for-stm32.13.3.rel1.win32_1.0.0.202411081344/tools/bin/../lib/gcc/arm-none-eabi/13.3.1/thumb/v7e-m+fp/hard\libgcc.a(_dvmd_tls.o)
 .ARM.attributes
                0x00000603       0x22 C:/ST/STM32CubeIDE_1.16.1/STM32CubeIDE/plugins/com.st.stm32cube.ide.mcu.externaltools.gnu-tools-for-stm32.13.3.rel1.win32_1.0.0.202411081344/tools/bin/../lib/gcc/arm-none-eabi/13.3.1/thumb/v7e-m+fp/hard/crtn.o
OUTPUT(NewCzerwona1.elf elf32-littlearm)
LOAD linker stubs
LOAD C:/ST/STM32CubeIDE_1.16.1/STM32CubeIDE/plugins/com.st.stm32cube.ide.mcu.externaltools.gnu-tools-for-stm32.13.3.rel1.win32_1.0.0.202411081344/tools/bin/../lib/gcc/arm-none-eabi/13.3.1/../../../../arm-none-eabi/lib/thumb/v7e-m+fp/hard\libc.a
LOAD C:/ST/STM32CubeIDE_1.16.1/STM32CubeIDE/plugins/com.st.stm32cube.ide.mcu.externaltools.gnu-tools-for-stm32.13.3.rel1.win32_1.0.0.202411081344/tools/bin/../lib/gcc/arm-none-eabi/13.3.1/../../../../arm-none-eabi/lib/thumb/v7e-m+fp/hard\libm.a
LOAD C:/ST/STM32CubeIDE_1.16.1/STM32CubeIDE/plugins/com.st.stm32cube.ide.mcu.externaltools.gnu-tools-for-stm32.13.3.rel1.win32_1.0.0.202411081344/tools/bin/../lib/gcc/arm-none-eabi/13.3.1/thumb/v7e-m+fp/hard\libgcc.a

.debug_info     0x00000000    0x11fd3
 .debug_info    0x00000000      0x36b ./Core/Src/display7seg.o
 .debug_info    0x0000036b      0x43f ./Core/Src/dma.o
 .debug_info    0x000007aa      0x417 ./Core/Src/gpio.o
 .debug_info    0x00000bc1      0xbcb ./Core/Src/i2c.o
 .debug_info    0x0000178c     0x14ef ./Core/Src/main.o
 .debug_info    0x00002c7b      0x573 ./Core/Src/rtc.o
 .debug_info    0x000031ee      0xbb3 ./Core/Src/spi.o
 .debug_info    0x00003da1      0x291 ./Core/Src/stm32f4xx_hal_msp.o
 .debug_info    0x00004032      0xd35 ./Core/Src/stm32f4xx_it.o
 .debug_info    0x00004d67      0x53e ./Core/Src/system_stm32f4xx.o
 .debug_info    0x000052a5      0xdef ./Core/Src/tim.o
 .debug_info    0x00006094       0x30 ./Core/Startup/startup_stm32f401retx.o
 .debug_info    0x000060c4      0x8bb ./Drivers/STM32F4xx_HAL_Driver/Src/stm32f4xx_hal.o
 .debug_info    0x0000697f      0xcf6 ./Drivers/STM32F4xx_HAL_Driver/Src/stm32f4xx_hal_cortex.o
 .debug_info    0x00007675      0x8e6 ./Drivers/STM32F4xx_HAL_Driver/Src/stm32f4xx_hal_dma.o
 .debug_info    0x00007f5b      0x6f9 ./Drivers/STM32F4xx_HAL_Driver/Src/stm32f4xx_hal_gpio.o
 .debug_info    0x00008654     0x2426 ./Drivers/STM32F4xx_HAL_Driver/Src/stm32f4xx_hal_i2c.o
 .debug_info    0x0000aa7a      0x71b ./Drivers/STM32F4xx_HAL_Driver/Src/stm32f4xx_hal_pwr.o
 .debug_info    0x0000b195      0x8f1 ./Drivers/STM32F4xx_HAL_Driver/Src/stm32f4xx_hal_rcc.o
 .debug_info    0x0000ba86      0x570 ./Drivers/STM32F4xx_HAL_Driver/Src/stm32f4xx_hal_rcc_ex.o
 .debug_info    0x0000bff6      0xc43 ./Drivers/STM32F4xx_HAL_Driver/Src/stm32f4xx_hal_rtc.o
 .debug_info    0x0000cc39     0x1530 ./Drivers/STM32F4xx_HAL_Driver/Src/stm32f4xx_hal_spi.o
 .debug_info    0x0000e169     0x2996 ./Drivers/STM32F4xx_HAL_Driver/Src/stm32f4xx_hal_tim.o
 .debug_info    0x00010aff     0x14d4 ./Drivers/STM32F4xx_HAL_Driver/Src/stm32f4xx_hal_tim_ex.o

.debug_abbrev   0x00000000     0x2e8b
 .debug_abbrev  0x00000000      0x196 ./Core/Src/display7seg.o
 .debug_abbrev  0x00000196      0x10e ./Core/Src/dma.o
 .debug_abbrev  0x000002a4      0x151 ./Core/Src/gpio.o
 .debug_abbrev  0x000003f5      0x225 ./Core/Src/i2c.o
 .debug_abbrev  0x0000061a      0x2d8 ./Core/Src/main.o
 .debug_abbrev  0x000008f2      0x198 ./Core/Src/rtc.o
 .debug_abbrev  0x00000a8a      0x22b ./Core/Src/spi.o
 .debug_abbrev  0x00000cb5       0xd8 ./Core/Src/stm32f4xx_hal_msp.o
 .debug_abbrev  0x00000d8d      0x1c8 ./Core/Src/stm32f4xx_it.o
 .debug_abbrev  0x00000f55      0x11a ./Core/Src/system_stm32f4xx.o
 .debug_abbrev  0x0000106f      0x23a ./Core/Src/tim.o
 .debug_abbrev  0x000012a9       0x24 ./Core/Startup/startup_stm32f401retx.o
 .debug_abbrev  0x000012cd      0x24b ./Drivers/STM32F4xx_HAL_Driver/Src/stm32f4xx_hal.o
 .debug_abbrev  0x00001518      0x31d ./Drivers/STM32F4xx_HAL_Driver/Src/stm32f4xx_hal_cortex.o
 .debug_abbrev  0x00001835      0x221 ./Drivers/STM32F4xx_HAL_Driver/Src/stm32f4xx_hal_dma.o
 .debug_abbrev  0x00001a56      0x1d3 ./Drivers/STM32F4xx_HAL_Driver/Src/stm32f4xx_hal_gpio.o
 .debug_abbrev  0x00001c29      0x2bc ./Drivers/STM32F4xx_HAL_Driver/Src/stm32f4xx_hal_i2c.o
 .debug_abbrev  0x00001ee5      0x1ae ./Drivers/STM32F4xx_HAL_Driver/Src/stm32f4xx_hal_pwr.o
 .debug_abbrev  0x00002093      0x2b6 ./Drivers/STM32F4xx_HAL_Driver/Src/stm32f4xx_hal_rcc.o
 .debug_abbrev  0x00002349      0x1b0 ./Drivers/STM32F4xx_HAL_Driver/Src/stm32f4xx_hal_rcc_ex.o
 .debug_abbrev  0x000024f9      0x1fb ./Drivers/STM32F4xx_HAL_Driver/Src/stm32f4xx_hal_rtc.o
 .debug_abbrev  0x000026f4      0x276 ./Drivers/STM32F4xx_HAL_Driver/Src/stm32f4xx_hal_spi.o
 .debug_abbrev  0x0000296a      0x28b ./Drivers/STM32F4xx_HAL_Driver/Src/stm32f4xx_hal_tim.o
 .debug_abbrev  0x00002bf5      0x296 ./Drivers/STM32F4xx_HAL_Driver/Src/stm32f4xx_hal_tim_ex.o

.debug_aranges  0x00000000     0x11e8
 .debug_aranges
                0x00000000       0x48 ./Core/Src/display7seg.o
 .debug_aranges
                0x00000048       0x20 ./Core/Src/dma.o
 .debug_aranges
                0x00000068       0x20 ./Core/Src/gpio.o
 .debug_aranges
                0x00000088       0x30 ./Core/Src/i2c.o
 .debug_aranges
                0x000000b8       0x60 ./Core/Src/main.o
 .debug_aranges
                0x00000118       0x30 ./Core/Src/rtc.o
 .debug_aranges
                0x00000148       0x30 ./Core/Src/spi.o
 .debug_aranges
                0x00000178       0x20 ./Core/Src/stm32f4xx_hal_msp.o
 .debug_aranges
                0x00000198       0xa0 ./Core/Src/stm32f4xx_it.o
 .debug_aranges
                0x00000238       0x28 ./Core/Src/system_stm32f4xx.o
 .debug_aranges
                0x00000260       0x50 ./Core/Src/tim.o
 .debug_aranges
                0x000002b0       0x28 ./Core/Startup/startup_stm32f401retx.o
 .debug_aranges
                0x000002d8       0xf0 ./Drivers/STM32F4xx_HAL_Driver/Src/stm32f4xx_hal.o
 .debug_aranges
                0x000003c8      0x130 ./Drivers/STM32F4xx_HAL_Driver/Src/stm32f4xx_hal_cortex.o
 .debug_aranges
                0x000004f8       0x90 ./Drivers/STM32F4xx_HAL_Driver/Src/stm32f4xx_hal_dma.o
 .debug_aranges
                0x00000588       0x58 ./Drivers/STM32F4xx_HAL_Driver/Src/stm32f4xx_hal_gpio.o
 .debug_aranges
                0x000005e0      0x2a8 ./Drivers/STM32F4xx_HAL_Driver/Src/stm32f4xx_hal_i2c.o
 .debug_aranges
                0x00000888       0xa0 ./Drivers/STM32F4xx_HAL_Driver/Src/stm32f4xx_hal_pwr.o
 .debug_aranges
                0x00000928       0x88 ./Drivers/STM32F4xx_HAL_Driver/Src/stm32f4xx_hal_rcc.o
 .debug_aranges
                0x000009b0       0x48 ./Drivers/STM32F4xx_HAL_Driver/Src/stm32f4xx_hal_rcc_ex.o
 .debug_aranges
                0x000009f8       0xe8 ./Drivers/STM32F4xx_HAL_Driver/Src/stm32f4xx_hal_rtc.o
 .debug_aranges
                0x00000ae0      0x1d0 ./Drivers/STM32F4xx_HAL_Driver/Src/stm32f4xx_hal_spi.o
 .debug_aranges
                0x00000cb0      0x3d0 ./Drivers/STM32F4xx_HAL_Driver/Src/stm32f4xx_hal_tim.o
 .debug_aranges
                0x00001080      0x168 ./Drivers/STM32F4xx_HAL_Driver/Src/stm32f4xx_hal_tim_ex.o

.debug_rnglists
                0x00000000      0xdf5
 .debug_rnglists
                0x00000000       0x33 ./Core/Src/display7seg.o
 .debug_rnglists
                0x00000033       0x13 ./Core/Src/dma.o
 .debug_rnglists
                0x00000046       0x14 ./Core/Src/gpio.o
 .debug_rnglists
                0x0000005a       0x20 ./Core/Src/i2c.o
 .debug_rnglists
                0x0000007a       0x60 ./Core/Src/main.o
 .debug_rnglists
                0x000000da       0x1f ./Core/Src/rtc.o
 .debug_rnglists
                0x000000f9       0x20 ./Core/Src/spi.o
 .debug_rnglists
                0x00000119       0x13 ./Core/Src/stm32f4xx_hal_msp.o
 .debug_rnglists
                0x0000012c       0x73 ./Core/Src/stm32f4xx_it.o
 .debug_rnglists
                0x0000019f       0x1a ./Core/Src/system_stm32f4xx.o
 .debug_rnglists
                0x000001b9       0x38 ./Core/Src/tim.o
 .debug_rnglists
                0x000001f1       0x19 ./Core/Startup/startup_stm32f401retx.o
 .debug_rnglists
                0x0000020a       0xaf ./Drivers/STM32F4xx_HAL_Driver/Src/stm32f4xx_hal.o
 .debug_rnglists
                0x000002b9       0xe0 ./Drivers/STM32F4xx_HAL_Driver/Src/stm32f4xx_hal_cortex.o
 .debug_rnglists
                0x00000399       0x70 ./Drivers/STM32F4xx_HAL_Driver/Src/stm32f4xx_hal_dma.o
 .debug_rnglists
                0x00000409       0x3f ./Drivers/STM32F4xx_HAL_Driver/Src/stm32f4xx_hal_gpio.o
 .debug_rnglists
                0x00000448      0x23c ./Drivers/STM32F4xx_HAL_Driver/Src/stm32f4xx_hal_i2c.o
 .debug_rnglists
                0x00000684       0x74 ./Drivers/STM32F4xx_HAL_Driver/Src/stm32f4xx_hal_pwr.o
 .debug_rnglists
                0x000006f8       0x66 ./Drivers/STM32F4xx_HAL_Driver/Src/stm32f4xx_hal_rcc.o
 .debug_rnglists
                0x0000075e       0x35 ./Drivers/STM32F4xx_HAL_Driver/Src/stm32f4xx_hal_rcc_ex.o
 .debug_rnglists
                0x00000793       0xb4 ./Drivers/STM32F4xx_HAL_Driver/Src/stm32f4xx_hal_rtc.o
 .debug_rnglists
                0x00000847      0x16f ./Drivers/STM32F4xx_HAL_Driver/Src/stm32f4xx_hal_spi.o
 .debug_rnglists
                0x000009b6      0x31a ./Drivers/STM32F4xx_HAL_Driver/Src/stm32f4xx_hal_tim.o
 .debug_rnglists
                0x00000cd0      0x125 ./Drivers/STM32F4xx_HAL_Driver/Src/stm32f4xx_hal_tim_ex.o

.debug_macro    0x00000000    0x18459
 .debug_macro   0x00000000      0x2fa ./Core/Src/display7seg.o
 .debug_macro   0x000002fa      0xad8 ./Core/Src/display7seg.o
 .debug_macro   0x00000dd2       0x22 ./Core/Src/display7seg.o
 .debug_macro   0x00000df4       0x8e ./Core/Src/display7seg.o
 .debug_macro   0x00000e82       0x51 ./Core/Src/display7seg.o
 .debug_macro   0x00000ed3      0x103 ./Core/Src/display7seg.o
 .debug_macro   0x00000fd6       0x6a ./Core/Src/display7seg.o
 .debug_macro   0x00001040      0x1df ./Core/Src/display7seg.o
 .debug_macro   0x0000121f       0x3a ./Core/Src/display7seg.o
 .debug_macro   0x00001259      0x2a7 ./Core/Src/display7seg.o
 .debug_macro   0x00001500       0x2e ./Core/Src/display7seg.o
 .debug_macro   0x0000152e       0x28 ./Core/Src/display7seg.o
 .debug_macro   0x00001556       0x1c ./Core/Src/display7seg.o
 .debug_macro   0x00001572       0x22 ./Core/Src/display7seg.o
 .debug_macro   0x00001594       0xfb ./Core/Src/display7seg.o
 .debug_macro   0x0000168f     0x1011 ./Core/Src/display7seg.o
 .debug_macro   0x000026a0      0x11f ./Core/Src/display7seg.o
 .debug_macro   0x000027bf     0xb86c ./Core/Src/display7seg.o
 .debug_macro   0x0000e02b       0x6d ./Core/Src/display7seg.o
 .debug_macro   0x0000e098     0x369a ./Core/Src/display7seg.o
 .debug_macro   0x00011732      0x190 ./Core/Src/display7seg.o
 .debug_macro   0x000118c2       0x5c ./Core/Src/display7seg.o
 .debug_macro   0x0001191e      0x416 ./Core/Src/display7seg.o
 .debug_macro   0x00011d34      0x9e9 ./Core/Src/display7seg.o
 .debug_macro   0x0001271d      0x115 ./Core/Src/display7seg.o
 .debug_macro   0x00012832       0xf8 ./Core/Src/display7seg.o
 .debug_macro   0x0001292a       0xa5 ./Core/Src/display7seg.o
 .debug_macro   0x000129cf      0x15f ./Core/Src/display7seg.o
 .debug_macro   0x00012b2e      0x287 ./Core/Src/display7seg.o
 .debug_macro   0x00012db5       0x5f ./Core/Src/display7seg.o
 .debug_macro   0x00012e14      0x236 ./Core/Src/display7seg.o
 .debug_macro   0x0001304a      0x132 ./Core/Src/display7seg.o
 .debug_macro   0x0001317c      0x264 ./Core/Src/display7seg.o
 .debug_macro   0x000133e0       0x2e ./Core/Src/display7seg.o
 .debug_macro   0x0001340e      0x1b5 ./Core/Src/display7seg.o
 .debug_macro   0x000135c3       0x22 ./Core/Src/display7seg.o
 .debug_macro   0x000135e5       0xd6 ./Core/Src/display7seg.o
 .debug_macro   0x000136bb      0x127 ./Core/Src/display7seg.o
 .debug_macro   0x000137e2       0x85 ./Core/Src/display7seg.o
 .debug_macro   0x00013867       0x89 ./Core/Src/display7seg.o
 .debug_macro   0x000138f0      0x305 ./Core/Src/display7seg.o
 .debug_macro   0x00013bf5      0x429 ./Core/Src/display7seg.o
 .debug_macro   0x0001401e       0xeb ./Core/Src/display7seg.o
 .debug_macro   0x00014109      0x225 ./Core/Src/display7seg.o
 .debug_macro   0x0001432e      0x8ed ./Core/Src/display7seg.o
 .debug_macro   0x00014c1b       0x47 ./Core/Src/display7seg.o
 .debug_macro   0x00014c62      0x126 ./Core/Src/display7seg.o
 .debug_macro   0x00014d88       0x1c ./Core/Src/display7seg.o
 .debug_macro   0x00014da4       0x61 ./Core/Src/display7seg.o
 .debug_macro   0x00014e05       0x2a ./Core/Src/display7seg.o
 .debug_macro   0x00014e2f       0x43 ./Core/Src/display7seg.o
 .debug_macro   0x00014e72       0x34 ./Core/Src/display7seg.o
 .debug_macro   0x00014ea6      0x370 ./Core/Src/display7seg.o
 .debug_macro   0x00015216       0x16 ./Core/Src/display7seg.o
 .debug_macro   0x0001522c       0x4a ./Core/Src/display7seg.o
 .debug_macro   0x00015276       0x34 ./Core/Src/display7seg.o
 .debug_macro   0x000152aa       0x10 ./Core/Src/display7seg.o
 .debug_macro   0x000152ba       0x58 ./Core/Src/display7seg.o
 .debug_macro   0x00015312       0x8e ./Core/Src/display7seg.o
 .debug_macro   0x000153a0       0x1c ./Core/Src/display7seg.o
 .debug_macro   0x000153bc      0x185 ./Core/Src/display7seg.o
 .debug_macro   0x00015541       0x10 ./Core/Src/display7seg.o
 .debug_macro   0x00015551       0x3c ./Core/Src/display7seg.o
 .debug_macro   0x0001558d       0x20 ./Core/Src/display7seg.o
 .debug_macro   0x000155ad      0x219 ./Core/Src/dma.o
 .debug_macro   0x000157c6      0x219 ./Core/Src/gpio.o
 .debug_macro   0x000159df      0x219 ./Core/Src/i2c.o
 .debug_macro   0x00015bf8      0x27f ./Core/Src/main.o
 .debug_macro   0x00015e77       0x40 ./Core/Src/main.o
 .debug_macro   0x00015eb7       0x28 ./Core/Src/main.o
 .debug_macro   0x00015edf      0x219 ./Core/Src/rtc.o
 .debug_macro   0x000160f8      0x219 ./Core/Src/spi.o
 .debug_macro   0x00016311      0x20f ./Core/Src/stm32f4xx_hal_msp.o
 .debug_macro   0x00016520      0x219 ./Core/Src/stm32f4xx_it.o
 .debug_macro   0x00016739      0x200 ./Core/Src/system_stm32f4xx.o
 .debug_macro   0x00016939      0x219 ./Core/Src/tim.o
 .debug_macro   0x00016b52      0x260 ./Drivers/STM32F4xx_HAL_Driver/Src/stm32f4xx_hal.o
 .debug_macro   0x00016db2      0x200 ./Drivers/STM32F4xx_HAL_Driver/Src/stm32f4xx_hal_cortex.o
 .debug_macro   0x00016fb2      0x206 ./Drivers/STM32F4xx_HAL_Driver/Src/stm32f4xx_hal_dma.o
 .debug_macro   0x000171b8      0x206 ./Drivers/STM32F4xx_HAL_Driver/Src/stm32f4xx_hal_gpio.o
 .debug_macro   0x000173be      0x24e ./Drivers/STM32F4xx_HAL_Driver/Src/stm32f4xx_hal_i2c.o
 .debug_macro   0x0001760c      0x218 ./Drivers/STM32F4xx_HAL_Driver/Src/stm32f4xx_hal_pwr.o
 .debug_macro   0x00017824      0x224 ./Drivers/STM32F4xx_HAL_Driver/Src/stm32f4xx_hal_rcc.o
 .debug_macro   0x00017a48      0x200 ./Drivers/STM32F4xx_HAL_Driver/Src/stm32f4xx_hal_rcc_ex.o
 .debug_macro   0x00017c48      0x201 ./Drivers/STM32F4xx_HAL_Driver/Src/stm32f4xx_hal_rtc.o
 .debug_macro   0x00017e49      0x20f ./Drivers/STM32F4xx_HAL_Driver/Src/stm32f4xx_hal_spi.o
 .debug_macro   0x00018058      0x201 ./Drivers/STM32F4xx_HAL_Driver/Src/stm32f4xx_hal_tim.o
 .debug_macro   0x00018259      0x200 ./Drivers/STM32F4xx_HAL_Driver/Src/stm32f4xx_hal_tim_ex.o

.debug_line     0x00000000    0x16feb
 .debug_line    0x00000000      0xa76 ./Core/Src/display7seg.o
 .debug_line    0x00000a76      0x7a7 ./Core/Src/dma.o
 .debug_line    0x0000121d      0x7c4 ./Core/Src/gpio.o
 .debug_line    0x000019e1      0x871 ./Core/Src/i2c.o
 .debug_line    0x00002252      0xa10 ./Core/Src/main.o
 .debug_line    0x00002c62      0x811 ./Core/Src/rtc.o
 .debug_line    0x00003473      0x85c ./Core/Src/spi.o
 .debug_line    0x00003ccf      0x7a7 ./Core/Src/stm32f4xx_hal_msp.o
 .debug_line    0x00004476      0x916 ./Core/Src/stm32f4xx_it.o
 .debug_line    0x00004d8c      0x82c ./Core/Src/system_stm32f4xx.o
 .debug_line    0x000055b8      0x8cb ./Core/Src/tim.o
 .debug_line    0x00005e83       0x7a ./Core/Startup/startup_stm32f401retx.o
 .debug_line    0x00005efd      0xa99 ./Drivers/STM32F4xx_HAL_Driver/Src/stm32f4xx_hal.o
 .debug_line    0x00006996      0xd69 ./Drivers/STM32F4xx_HAL_Driver/Src/stm32f4xx_hal_cortex.o
 .debug_line    0x000076ff     0x1005 ./Drivers/STM32F4xx_HAL_Driver/Src/stm32f4xx_hal_dma.o
 .debug_line    0x00008704      0xbb5 ./Drivers/STM32F4xx_HAL_Driver/Src/stm32f4xx_hal_gpio.o
 .debug_line    0x000092b9     0x3b4b ./Drivers/STM32F4xx_HAL_Driver/Src/stm32f4xx_hal_i2c.o
 .debug_line    0x0000ce04      0x9a7 ./Drivers/STM32F4xx_HAL_Driver/Src/stm32f4xx_hal_pwr.o
 .debug_line    0x0000d7ab      0xea6 ./Drivers/STM32F4xx_HAL_Driver/Src/stm32f4xx_hal_rcc.o
 .debug_line    0x0000e651      0xb22 ./Drivers/STM32F4xx_HAL_Driver/Src/stm32f4xx_hal_rcc_ex.o
 .debug_line    0x0000f173     0x11d6 ./Drivers/STM32F4xx_HAL_Driver/Src/stm32f4xx_hal_rtc.o
 .debug_line    0x00010349     0x1d2e ./Drivers/STM32F4xx_HAL_Driver/Src/stm32f4xx_hal_spi.o
 .debug_line    0x00012077     0x35e0 ./Drivers/STM32F4xx_HAL_Driver/Src/stm32f4xx_hal_tim.o
 .debug_line    0x00015657     0x1994 ./Drivers/STM32F4xx_HAL_Driver/Src/stm32f4xx_hal_tim_ex.o

.debug_str      0x00000000    0x9541b
 .debug_str     0x00000000    0x9541b ./Core/Src/display7seg.o
                              0x9016c (size before relaxing)
 .debug_str     0x0009541b    0x8d246 ./Core/Src/dma.o
 .debug_str     0x0009541b    0x8cf56 ./Core/Src/gpio.o
 .debug_str     0x0009541b    0x8d892 ./Core/Src/i2c.o
 .debug_str     0x0009541b    0x8e141 ./Core/Src/main.o
 .debug_str     0x0009541b    0x8d0d0 ./Core/Src/rtc.o
 .debug_str     0x0009541b    0x8d7dd ./Core/Src/spi.o
 .debug_str     0x0009541b    0x8ce8b ./Core/Src/stm32f4xx_hal_msp.o
 .debug_str     0x0009541b    0x8d8fd ./Core/Src/stm32f4xx_it.o
 .debug_str     0x0009541b    0x8cedc ./Core/Src/system_stm32f4xx.o
 .debug_str     0x0009541b    0x8da1c ./Core/Src/tim.o
 .debug_str     0x0009541b       0x63 ./Core/Startup/startup_stm32f401retx.o
 .debug_str     0x0009541b    0x8d8fe ./Drivers/STM32F4xx_HAL_Driver/Src/stm32f4xx_hal.o
 .debug_str     0x0009541b    0x8d668 ./Drivers/STM32F4xx_HAL_Driver/Src/stm32f4xx_hal_cortex.o
 .debug_str     0x0009541b    0x8d2e4 ./Drivers/STM32F4xx_HAL_Driver/Src/stm32f4xx_hal_dma.o
 .debug_str     0x0009541b    0x8d057 ./Drivers/STM32F4xx_HAL_Driver/Src/stm32f4xx_hal_gpio.o
 .debug_str     0x0009541b    0x8deed ./Drivers/STM32F4xx_HAL_Driver/Src/stm32f4xx_hal_i2c.o
 .debug_str     0x0009541b    0x8d112 ./Drivers/STM32F4xx_HAL_Driver/Src/stm32f4xx_hal_pwr.o
 .debug_str     0x0009541b    0x8d310 ./Drivers/STM32F4xx_HAL_Driver/Src/stm32f4xx_hal_rcc.o
 .debug_str     0x0009541b    0x8d03f ./Drivers/STM32F4xx_HAL_Driver/Src/stm32f4xx_hal_rcc_ex.o
 .debug_str     0x0009541b    0x8d339 ./Drivers/STM32F4xx_HAL_Driver/Src/stm32f4xx_hal_rtc.o
 .debug_str     0x0009541b    0x8d788 ./Drivers/STM32F4xx_HAL_Driver/Src/stm32f4xx_hal_spi.o
 .debug_str     0x0009541b    0x8e254 ./Drivers/STM32F4xx_HAL_Driver/Src/stm32f4xx_hal_tim.o
 .debug_str     0x0009541b    0x8da60 ./Drivers/STM32F4xx_HAL_Driver/Src/stm32f4xx_hal_tim_ex.o

.comment        0x00000000       0x43
 .comment       0x00000000       0x43 ./Core/Src/display7seg.o
                                 0x44 (size before relaxing)
 .comment       0x00000043       0x44 ./Core/Src/dma.o
 .comment       0x00000043       0x44 ./Core/Src/gpio.o
 .comment       0x00000043       0x44 ./Core/Src/i2c.o
 .comment       0x00000043       0x44 ./Core/Src/main.o
 .comment       0x00000043       0x44 ./Core/Src/rtc.o
 .comment       0x00000043       0x44 ./Core/Src/spi.o
 .comment       0x00000043       0x44 ./Core/Src/stm32f4xx_hal_msp.o
 .comment       0x00000043       0x44 ./Core/Src/stm32f4xx_it.o
 .comment       0x00000043       0x44 ./Core/Src/system_stm32f4xx.o
 .comment       0x00000043       0x44 ./Core/Src/tim.o
 .comment       0x00000043       0x44 ./Drivers/STM32F4xx_HAL_Driver/Src/stm32f4xx_hal.o
 .comment       0x00000043       0x44 ./Drivers/STM32F4xx_HAL_Driver/Src/stm32f4xx_hal_cortex.o
 .comment       0x00000043       0x44 ./Drivers/STM32F4xx_HAL_Driver/Src/stm32f4xx_hal_dma.o
 .comment       0x00000043       0x44 ./Drivers/STM32F4xx_HAL_Driver/Src/stm32f4xx_hal_gpio.o
 .comment       0x00000043       0x44 ./Drivers/STM32F4xx_HAL_Driver/Src/stm32f4xx_hal_i2c.o
 .comment       0x00000043       0x44 ./Drivers/STM32F4xx_HAL_Driver/Src/stm32f4xx_hal_pwr.o
 .comment       0x00000043       0x44 ./Drivers/STM32F4xx_HAL_Driver/Src/stm32f4xx_hal_rcc.o
 .comment       0x00000043       0x44 ./Drivers/STM32F4xx_HAL_Driver/Src/stm32f4xx_hal_rcc_ex.o
 .comment       0x00000043       0x44 ./Drivers/STM32F4xx_HAL_Driver/Src/stm32f4xx_hal_rtc.o
 .comment       0x00000043       0x44 ./Drivers/STM32F4xx_HAL_Driver/Src/stm32f4xx_hal_spi.o
 .comment       0x00000043       0x44 ./Drivers/STM32F4xx_HAL_Driver/Src/stm32f4xx_hal_tim.o
 .comment       0x00000043       0x44 ./Drivers/STM32F4xx_HAL_Driver/Src/stm32f4xx_hal_tim_ex.o

.debug_frame    0x00000000     0x4a04
 .debug_frame   0x00000000       0xe4 ./Core/Src/display7seg.o
 .debug_frame   0x000000e4       0x34 ./Core/Src/dma.o
 .debug_frame   0x00000118       0x34 ./Core/Src/gpio.o
 .debug_frame   0x0000014c       0x74 ./Core/Src/i2c.o
 .debug_frame   0x000001c0      0x144 ./Core/Src/main.o
 .debug_frame   0x00000304       0x78 ./Core/Src/rtc.o
 .debug_frame   0x0000037c       0x74 ./Core/Src/spi.o
 .debug_frame   0x000003f0       0x38 ./Core/Src/stm32f4xx_hal_msp.o
 .debug_frame   0x00000428      0x1e4 ./Core/Src/stm32f4xx_it.o
 .debug_frame   0x0000060c       0x58 ./Core/Src/system_stm32f4xx.o
 .debug_frame   0x00000664      0x104 ./Core/Src/tim.o
 .debug_frame   0x00000768      0x374 ./Drivers/STM32F4xx_HAL_Driver/Src/stm32f4xx_hal.o
 .debug_frame   0x00000adc      0x508 ./Drivers/STM32F4xx_HAL_Driver/Src/stm32f4xx_hal_cortex.o
 .debug_frame   0x00000fe4      0x250 ./Drivers/STM32F4xx_HAL_Driver/Src/stm32f4xx_hal_dma.o
 .debug_frame   0x00001234      0x14c ./Drivers/STM32F4xx_HAL_Driver/Src/stm32f4xx_hal_gpio.o
 .debug_frame   0x00001380      0xc84 ./Drivers/STM32F4xx_HAL_Driver/Src/stm32f4xx_hal_i2c.o
 .debug_frame   0x00002004      0x264 ./Drivers/STM32F4xx_HAL_Driver/Src/stm32f4xx_hal_pwr.o
 .debug_frame   0x00002268      0x1f4 ./Drivers/STM32F4xx_HAL_Driver/Src/stm32f4xx_hal_rcc.o
 .debug_frame   0x0000245c       0xf0 ./Drivers/STM32F4xx_HAL_Driver/Src/stm32f4xx_hal_rcc_ex.o
 .debug_frame   0x0000254c      0x3f4 ./Drivers/STM32F4xx_HAL_Driver/Src/stm32f4xx_hal_rtc.o
 .debug_frame   0x00002940      0x828 ./Drivers/STM32F4xx_HAL_Driver/Src/stm32f4xx_hal_spi.o
 .debug_frame   0x00003168     0x11b8 ./Drivers/STM32F4xx_HAL_Driver/Src/stm32f4xx_hal_tim.o
 .debug_frame   0x00004320      0x638 ./Drivers/STM32F4xx_HAL_Driver/Src/stm32f4xx_hal_tim_ex.o
 .debug_frame   0x00004958       0x20 C:/ST/STM32CubeIDE_1.16.1/STM32CubeIDE/plugins/com.st.stm32cube.ide.mcu.externaltools.gnu-tools-for-stm32.13.3.rel1.win32_1.0.0.202411081344/tools/bin/../lib/gcc/arm-none-eabi/13.3.1/../../../../arm-none-eabi/lib/thumb/v7e-m+fp/hard\libc_nano.a(libc_a-memset.o)
 .debug_frame   0x00004978       0x2c C:/ST/STM32CubeIDE_1.16.1/STM32CubeIDE/plugins/com.st.stm32cube.ide.mcu.externaltools.gnu-tools-for-stm32.13.3.rel1.win32_1.0.0.202411081344/tools/bin/../lib/gcc/arm-none-eabi/13.3.1/../../../../arm-none-eabi/lib/thumb/v7e-m+fp/hard\libc_nano.a(libc_a-init.o)
 .debug_frame   0x000049a4       0x2c C:/ST/STM32CubeIDE_1.16.1/STM32CubeIDE/plugins/com.st.stm32cube.ide.mcu.externaltools.gnu-tools-for-stm32.13.3.rel1.win32_1.0.0.202411081344/tools/bin/../lib/gcc/arm-none-eabi/13.3.1/thumb/v7e-m+fp/hard\libgcc.a(_aeabi_uldivmod.o)
 .debug_frame   0x000049d0       0x34 C:/ST/STM32CubeIDE_1.16.1/STM32CubeIDE/plugins/com.st.stm32cube.ide.mcu.externaltools.gnu-tools-for-stm32.13.3.rel1.win32_1.0.0.202411081344/tools/bin/../lib/gcc/arm-none-eabi/13.3.1/thumb/v7e-m+fp/hard\libgcc.a(_udivmoddi4.o)

.debug_line_str
                0x00000000       0x47
 .debug_line_str
                0x00000000       0x47 ./Core/Startup/startup_stm32f401retx.o
