Archive member included to satisfy reference by file (symbol)

C:/ST/STM32CubeIDE_1.16.1/STM32CubeIDE/plugins/com.st.stm32cube.ide.mcu.externaltools.gnu-tools-for-stm32.13.3.rel1.win32_1.0.0.202411081344/tools/bin/../lib/gcc/arm-none-eabi/13.3.1/../../../../arm-none-eabi/lib/thumb/v7e-m+fp/hard\libc_nano.a(libc_a-exit.o)
                              C:/ST/STM32CubeIDE_1.16.1/STM32CubeIDE/plugins/com.st.stm32cube.ide.mcu.externaltools.gnu-tools-for-stm32.13.3.rel1.win32_1.0.0.202411081344/tools/bin/../lib/gcc/arm-none-eabi/13.3.1/../../../../arm-none-eabi/lib/thumb/v7e-m+fp/hard/crt0.o (exit)
C:/ST/STM32CubeIDE_1.16.1/STM32CubeIDE/plugins/com.st.stm32cube.ide.mcu.externaltools.gnu-tools-for-stm32.13.3.rel1.win32_1.0.0.202411081344/tools/bin/../lib/gcc/arm-none-eabi/13.3.1/../../../../arm-none-eabi/lib/thumb/v7e-m+fp/hard\libc_nano.a(libc_a-findfp.o)
                              C:/ST/STM32CubeIDE_1.16.1/STM32CubeIDE/plugins/com.st.stm32cube.ide.mcu.externaltools.gnu-tools-for-stm32.13.3.rel1.win32_1.0.0.202411081344/tools/bin/../lib/gcc/arm-none-eabi/13.3.1/../../../../arm-none-eabi/lib/thumb/v7e-m+fp/hard\libc_nano.a(libc_a-exit.o) (__stdio_exit_handler)
C:/ST/STM32CubeIDE_1.16.1/STM32CubeIDE/plugins/com.st.stm32cube.ide.mcu.externaltools.gnu-tools-for-stm32.13.3.rel1.win32_1.0.0.202411081344/tools/bin/../lib/gcc/arm-none-eabi/13.3.1/../../../../arm-none-eabi/lib/thumb/v7e-m+fp/hard\libc_nano.a(libc_a-fwalk.o)
                              C:/ST/STM32CubeIDE_1.16.1/STM32CubeIDE/plugins/com.st.stm32cube.ide.mcu.externaltools.gnu-tools-for-stm32.13.3.rel1.win32_1.0.0.202411081344/tools/bin/../lib/gcc/arm-none-eabi/13.3.1/../../../../arm-none-eabi/lib/thumb/v7e-m+fp/hard\libc_nano.a(libc_a-findfp.o) (_fwalk_sglue)
C:/ST/STM32CubeIDE_1.16.1/STM32CubeIDE/plugins/com.st.stm32cube.ide.mcu.externaltools.gnu-tools-for-stm32.13.3.rel1.win32_1.0.0.202411081344/tools/bin/../lib/gcc/arm-none-eabi/13.3.1/../../../../arm-none-eabi/lib/thumb/v7e-m+fp/hard\libc_nano.a(libc_a-stdio.o)
                              C:/ST/STM32CubeIDE_1.16.1/STM32CubeIDE/plugins/com.st.stm32cube.ide.mcu.externaltools.gnu-tools-for-stm32.13.3.rel1.win32_1.0.0.202411081344/tools/bin/../lib/gcc/arm-none-eabi/13.3.1/../../../../arm-none-eabi/lib/thumb/v7e-m+fp/hard\libc_nano.a(libc_a-findfp.o) (__sread)
C:/ST/STM32CubeIDE_1.16.1/STM32CubeIDE/plugins/com.st.stm32cube.ide.mcu.externaltools.gnu-tools-for-stm32.13.3.rel1.win32_1.0.0.202411081344/tools/bin/../lib/gcc/arm-none-eabi/13.3.1/../../../../arm-none-eabi/lib/thumb/v7e-m+fp/hard\libc_nano.a(libc_a-memset.o)
                              C:/ST/STM32CubeIDE_1.16.1/STM32CubeIDE/plugins/com.st.stm32cube.ide.mcu.externaltools.gnu-tools-for-stm32.13.3.rel1.win32_1.0.0.202411081344/tools/bin/../lib/gcc/arm-none-eabi/13.3.1/../../../../arm-none-eabi/lib/thumb/v7e-m+fp/hard/crt0.o (memset)
C:/ST/STM32CubeIDE_1.16.1/STM32CubeIDE/plugins/com.st.stm32cube.ide.mcu.externaltools.gnu-tools-for-stm32.13.3.rel1.win32_1.0.0.202411081344/tools/bin/../lib/gcc/arm-none-eabi/13.3.1/../../../../arm-none-eabi/lib/thumb/v7e-m+fp/hard\libc_nano.a(libc_a-closer.o)
                              C:/ST/STM32CubeIDE_1.16.1/STM32CubeIDE/plugins/com.st.stm32cube.ide.mcu.externaltools.gnu-tools-for-stm32.13.3.rel1.win32_1.0.0.202411081344/tools/bin/../lib/gcc/arm-none-eabi/13.3.1/../../../../arm-none-eabi/lib/thumb/v7e-m+fp/hard\libc_nano.a(libc_a-stdio.o) (_close_r)
C:/ST/STM32CubeIDE_1.16.1/STM32CubeIDE/plugins/com.st.stm32cube.ide.mcu.externaltools.gnu-tools-for-stm32.13.3.rel1.win32_1.0.0.202411081344/tools/bin/../lib/gcc/arm-none-eabi/13.3.1/../../../../arm-none-eabi/lib/thumb/v7e-m+fp/hard\libc_nano.a(libc_a-reent.o)
                              C:/ST/STM32CubeIDE_1.16.1/STM32CubeIDE/plugins/com.st.stm32cube.ide.mcu.externaltools.gnu-tools-for-stm32.13.3.rel1.win32_1.0.0.202411081344/tools/bin/../lib/gcc/arm-none-eabi/13.3.1/../../../../arm-none-eabi/lib/thumb/v7e-m+fp/hard\libc_nano.a(libc_a-closer.o) (errno)
C:/ST/STM32CubeIDE_1.16.1/STM32CubeIDE/plugins/com.st.stm32cube.ide.mcu.externaltools.gnu-tools-for-stm32.13.3.rel1.win32_1.0.0.202411081344/tools/bin/../lib/gcc/arm-none-eabi/13.3.1/../../../../arm-none-eabi/lib/thumb/v7e-m+fp/hard\libc_nano.a(libc_a-impure.o)
                              C:/ST/STM32CubeIDE_1.16.1/STM32CubeIDE/plugins/com.st.stm32cube.ide.mcu.externaltools.gnu-tools-for-stm32.13.3.rel1.win32_1.0.0.202411081344/tools/bin/../lib/gcc/arm-none-eabi/13.3.1/../../../../arm-none-eabi/lib/thumb/v7e-m+fp/hard\libc_nano.a(libc_a-reent.o) (_impure_ptr)
C:/ST/STM32CubeIDE_1.16.1/STM32CubeIDE/plugins/com.st.stm32cube.ide.mcu.externaltools.gnu-tools-for-stm32.13.3.rel1.win32_1.0.0.202411081344/tools/bin/../lib/gcc/arm-none-eabi/13.3.1/../../../../arm-none-eabi/lib/thumb/v7e-m+fp/hard\libc_nano.a(libc_a-lseekr.o)
[...]
Memory Configuration

Name             Origin             Length             Attributes
RAM              0x20000000         0x00018000         xrw
FLASH            0x08000000         0x00080000         xr
*default*        0x00000000         0xffffffff

Linker script and memory map

LOAD C:/ST/STM32CubeIDE_1.16.1/STM32CubeIDE/plugins/com.st.stm32cube.ide.mcu.externaltools.gnu-tools-for-stm32.13.3.rel1.win32_1.0.0.202411081344/tools/bin/../lib/gcc/arm-none-eabi/13.3.1/thumb/v7e-m+fp/hard/crti.o
LOAD C:/ST/STM32CubeIDE_1.16.1/STM32CubeIDE/plugins/com.st.stm32cube.ide.mcu.externaltools.gnu-tools-for-stm32.13.3.rel1.win32_1.0.0.202411081344/tools/bin/../lib/gcc/arm-none-eabi/13.3.1/thumb/v7e-m+fp/hard/crtbegin.o
LOAD C:/ST/STM32CubeIDE_1.16.1/STM32CubeIDE/plugins/com.st.stm32cube.ide.mcu.externaltools.gnu-tools-for-stm32.13.3.rel1.win32_1.0.0.202411081344/tools/bin/../lib/gcc/arm-none-eabi/13.3.1/../../../../arm-none-eabi/lib/thumb/v7e-m+fp/hard/crt0.o
LOAD ./Core/Src/caliper.o
LOAD ./Core/Src/display7seg.o
LOAD ./Core/Src/dma.o
LOAD ./Core/Src/gpio.o
LOAD ./Core/Src/i2c.o
LOAD ./Core/Src/main.o
LOAD ./Core/Src/rtc.o
LOAD ./Core/Src/sht31_int.o
LOAD ./Core/Src/spi.o
LOAD ./Core/Src/stm32f4xx_hal_msp.o
LOAD ./Core/Src/stm32f4xx_it.o
LOAD ./Core/Src/syscalls.o
LOAD ./Core/Src/sysmem.o
LOAD ./Core/Src/system_stm32f4xx.o
LOAD ./Core/Src/tim.o
LOAD ./Core/Src/usart.o
LOAD ./Core/Startup/startup_stm32f401retx.o
LOAD ./Drivers/STM32F4xx_HAL_Driver/Src/stm32f4xx_hal.o
LOAD ./Drivers/STM32F4xx_HAL_Driver/Src/stm32f4xx_hal_cortex.o
LOAD ./Drivers/STM32F4xx_HAL_Driver/Src/stm32f4xx_hal_dma.o
LOAD ./Drivers/STM32F4xx_HAL_Driver/Src/stm32f4xx_hal_dma_ex.o
LOAD ./Drivers/STM32F4xx_HAL_Driver/Src/stm32f4xx_hal_exti.o
LOAD ./Drivers/STM32F4xx_HAL_Driver/Src/stm32f4xx_hal_flash.o
LOAD ./Drivers/STM32F4xx_HAL_Driver/Src/stm32f4xx_hal_flash_ex.o
LOAD ./Drivers/STM32F4xx_HAL_Driver/Src/stm32f4xx_hal_flash_ramfunc.o
LOAD ./Drivers/STM32F4xx_HAL_Driver/Src/stm32f4xx_hal_gpio.o
LOAD ./Drivers/STM32F4xx_HAL_Driver/Src/stm32f4xx_hal_i2c.o
LOAD ./Drivers/STM32F4xx_HAL_Driver/Src/stm32f4xx_hal_i2c_ex.o
LOAD ./Drivers/STM32F4xx_HAL_Driver/Src/stm32f4xx_hal_pwr.o
LOAD ./Drivers/STM32F4xx_HAL_Driver/Src/stm32f4xx_hal_pwr_ex.o
LOAD ./Drivers/STM32F4xx_HAL_Driver/Src/stm32f4xx_hal_rcc.o
LOAD ./Drivers/STM32F4xx_HAL_Driver/Src/stm32f4xx_hal_rcc_ex.o
LOAD ./Drivers/STM32F4xx_HAL_Driver/Src/stm32f4xx_hal_rtc.o
LOAD ./Drivers/STM32F4xx_HAL_Driver/Src/stm32f4xx_hal_rtc_ex.o
LOAD ./Drivers/STM32F4xx_HAL_Driver/Src/stm32f4xx_hal_spi.o
LOAD ./Drivers/STM32F4xx_HAL_Driver/Src/stm32f4xx_hal_tim.o
LOAD ./Drivers/STM32F4xx_HAL_Driver/Src/stm32f4xx_hal_tim_ex.o
LOAD ./Drivers/STM32F4xx_HAL_Driver/Src/stm32f4xx_hal_uart.o
START GROUP
LOAD C:/ST/STM32CubeIDE_1.16.1/STM32CubeIDE/plugins/com.st.stm32cube.ide.mcu.externaltools.gnu-tools-for-stm32.13.3.rel1.win32_1.0.0.202411081344/tools/bin/../lib/gcc/arm-none-eabi/13.3.1/../../../../arm-none-eabi/lib/thumb/v7e-m+fp/hard\libc_nano.a
LOAD C:/ST/STM32CubeIDE_1.16.1/STM32CubeIDE/plugins/com.st.stm32cube.ide.mcu.externaltools.gnu-tools-for-stm32.13.3.rel1.win32_1.0.0.202411081344/tools/bin/../lib/gcc/arm-none-eabi/13.3.1/../../../../arm-none-eabi/lib/thumb/v7e-m+fp/hard\libm.a
END GROUP
START GROUP
LOAD C:/ST/STM32CubeIDE_1.16.1/STM32CubeIDE/plugins/com.st.stm32cube.ide.mcu.externaltools.gnu-tools-for-stm32.13.3.rel1.win32_1.0.0.202411081344/tools/bin/../lib/gcc/arm-none-eabi/13.3.1/thumb/v7e-m+fp/hard\libgcc.a
LOAD C:/ST/STM32CubeIDE_1.16.1/STM32CubeIDE/plugins/com.st.stm32cube.ide.mcu.externaltools.gnu-tools-for-stm32.13.3.rel1.win32_1.0.0.202411081344/tools/bin/../lib/gcc/arm-none-eabi/13.3.1/../../../../arm-none-eabi/lib/thumb/v7e-m+fp/hard\libc_nano.a
END GROUP
START GROUP
LOAD C:/ST/STM32CubeIDE_1.16.1/STM32CubeIDE/plugins/com.st.stm32cube.ide.mcu.externaltools.gnu-tools-for-stm32.13.3.rel1.win32_1.0.0.202411081344/tools/bin/../lib/gcc/arm-none-eabi/13.3.1/thumb/v7e-m+fp/hard\libgcc.a
LOAD C:/ST/STM32CubeIDE_1.16.1/STM32CubeIDE/plugins/com.st.stm32cube.ide.mcu.externaltools.gnu-tools-for-stm32.13.3.rel1.win32_1.0.0.202411081344/tools/bin/../lib/gcc/arm-none-eabi/13.3.1/../../../../arm-none-eabi/lib/thumb/v7e-m+fp/hard\libc_nano.a
LOAD C:/ST/STM32CubeIDE_1.16.1/STM32CubeIDE/plugins/com.st.stm32cube.ide.mcu.externaltools.gnu-tools-for-stm32.13.3.rel1.win32_1.0.0.202411081344/tools/bin/../lib/gcc/arm-none-eabi/13.3.1/../../../../arm-none-eabi/lib/thumb/v7e-m+fp/hard\libnosys.a
END GROUP
START GROUP
LOAD C:/ST/STM32CubeIDE_1.16.1/STM32CubeIDE/plugins/com.st.stm32cube.ide.mcu.externaltools.gnu-tools-for-stm32.13.3.rel1.win32_1.0.0.202411081344/tools/bin/../lib/gcc/arm-none-eabi/13.3.1/thumb/v7e-m+fp/hard\libgcc.a
LOAD C:/ST/STM32CubeIDE_1.16.1/STM32CubeIDE/plugins/com.st.stm32cube.ide.mcu.externaltools.gnu-tools-for-stm32.13.3.rel1.win32_1.0.0.202411081344/tools/bin/../lib/gcc/arm-none-eabi/13.3.1/../../../../arm-none-eabi/lib/thumb/v7e-m+fp/hard\libc_nano.a
LOAD C:/ST/STM32CubeIDE_1.16.1/STM32CubeIDE/plugins/com.st.stm32cube.ide.mcu.externaltools.gnu-tools-for-stm32.13.3.rel1.win32_1.0.0.202411081344/tools/bin/../lib/gcc/arm-none-eabi/13.3.1/../../../../arm-none-eabi/lib/thumb/v7e-m+fp/hard\libnosys.a
END GROUP
LOAD C:/ST/STM32CubeIDE_1.16.1/STM32CubeIDE/plugins/com.st.stm32cube.ide.mcu.externaltools.gnu-tools-for-stm32.13.3.rel1.win32_1.0.0.202411081344/tools/bin/../lib/gcc/arm-none-eabi/13.3.1/thumb/v7e-m+fp/hard/crtend.o
LOAD C:/ST/STM32CubeIDE_1.16.1/STM32CubeIDE/plugins/com.st.stm32cube.ide.mcu.externaltools.gnu-tools-for-stm32.13.3.rel1.win32_1.0.0.202411081344/tools/bin/../lib/gcc/arm-none-eabi/13.3.1/thumb/v7e-m+fp/hard/crtn.o
                0x20018000                        _estack = (ORIGIN (RAM) + LENGTH (RAM))
                0x00000200                        _Min_Heap_Size = 0x200
                0x00000400                        _Min_Stack_Size = 0x400

.isr_vector     0x08000000      0x194
                0x08000000                        . = ALIGN (0x4)
 *(.isr_vector)
 .isr_vector    0x08000000      0x194 ./Core/Startup/startup_stm32f401retx.o
                0x08000000                g_pfnVectors
                0x08000194                        . = ALIGN (0x4)

.text           0x08000194     0x6da4
                0x08000194                        . = ALIGN (0x4)
 *(.text)
 .text          0x08000194       0x40 C:/ST/STM32CubeIDE_1.16.1/STM32CubeIDE/plugins/com.st.stm32cube.ide.mcu.externaltools.gnu-tools-for-stm32.13.3.rel1.win32_1.0.0.202411081344/tools/bin/../lib/gcc/arm-none-eabi/13.3.1/thumb/v7e-m+fp/hard/crtbegin.o
 .text          0x080001d4       0x30 C:/ST/STM32CubeIDE_1.16.1/STM32CubeIDE/plugins/com.st.stm32cube.ide.mcu.externaltools.gnu-tools-for-stm32.13.3.rel1.win32_1.0.0.202411081344/tools/bin/../lib/gcc/arm-none-eabi/13.3.1/thumb/v7e-m+fp/hard\libgcc.a(_aeabi_uldivmod.o)
                0x080001d4                __aeabi_uldivmod
 .text          0x08000204      0x2f8 C:/ST/STM32CubeIDE_1.16.1/STM32CubeIDE/plugins/com.st.stm32cube.ide.mcu.externaltools.gnu-tools-for-stm32.13.3.rel1.win32_1.0.0.202411081344/tools/bin/../lib/gcc/arm-none-eabi/13.3.1/thumb/v7e-m+fp/hard\libgcc.a(_udivmoddi4.o)
                0x08000204                __udivmoddi4
 .text          0x080004fc        0x4 C:/ST/STM32CubeIDE_1.16.1/STM32CubeIDE/plugins/com.st.stm32cube.ide.mcu.externaltools.gnu-tools-for-stm32.13.3.rel1.win32_1.0.0.202411081344/tools/bin/../lib/gcc/arm-none-eabi/13.3.1/thumb/v7e-m+fp/hard\libgcc.a(_dvmd_tls.o)
                0x080004fc                __aeabi_idiv0
                0x080004fc                __aeabi_ldiv0
 *(.text*)
 .text.Caliper_ResetCapture
                0x08000500       0x5c ./Core/Src/caliper.o
                0x08000500                Caliper_ResetCapture
 .text.Caliper_ProcessBit
                0x0800055c       0xd8 ./Core/Src/caliper.o
                0x0800055c                Caliper_ProcessBit
 .text.Caliper_FrameReady
                0x08000634       0x18 ./Core/Src/caliper.o
                0x08000634                Caliper_FrameReady
 .text.Raw24_To_Um
                0x0800064c       0x4a ./Core/Src/caliper.o
 *fill*         0x08000696        0x2 
 .text.Caliper_ExtractValues
                0x08000698       0x44 ./Core/Src/caliper.o
                0x08000698                Caliper_ExtractValues
 .text.Display_Init
                0x080006dc       0x5c ./Core/Src/display7seg.o
                0x080006dc                Display_Init
 .text.Display_RefreshIfNeeded
                0x08000738       0x38 ./Core/Src/display7seg.o
                0x08000738                Display_RefreshIfNeeded
 .text.Display_GetFrontBuffer
                0x08000770       0x14 ./Core/Src/display7seg.o
                0x08000770                Display_GetFrontBuffer
 .text.Display_ShowMicrometers
                0x08000784      0x180 ./Core/Src/display7seg.o
                0x08000784                Display_ShowMicrometers
 .text.MX_DMA_Init
                0x08000904       0x60 ./Core/Src/dma.o
                0x08000904                MX_DMA_Init
 .text.MX_GPIO_Init
                0x08000964      0x130 ./Core/Src/gpio.o
                0x08000964                MX_GPIO_Init
 .text.MX_I2C1_Init
                0x08000a94       0x5c ./Core/Src/i2c.o
                0x08000a94                MX_I2C1_Init
 .text.HAL_I2C_MspInit
                0x08000af0      0x178 ./Core/Src/i2c.o
                0x08000af0                HAL_I2C_MspInit
 .text.main     0x08000c68       0x64 ./Core/Src/main.o
                0x08000c68                main
 .text.SystemClock_Config
                0x08000ccc       0xc0 ./Core/Src/main.o
                0x08000ccc                SystemClock_Config
 .text.HAL_TIM_PeriodElapsedCallback
                0x08000d8c       0x9c ./Core/Src/main.o
                0x08000d8c                HAL_TIM_PeriodElapsedCallback
 .text.HAL_SPI_TxCpltCallback
                0x08000e28       0x3c ./Core/Src/main.o
                0x08000e28                HAL_SPI_TxCpltCallback
 .text.HAL_GPIO_EXTI_Callback
                0x08000e64       0x64 ./Core/Src/main.o
                0x08000e64                HAL_GPIO_EXTI_Callback
 .text.Error_Handler
                0x08000ec8        0xc ./Core/Src/main.o
                0x08000ec8                Error_Handler
 .text.MX_RTC_Init
                0x08000ed4       0x4c ./Core/Src/rtc.o
                0x08000ed4                MX_RTC_Init
 .text.HAL_RTC_MspInit
                0x08000f20       0x58 ./Core/Src/rtc.o
                0x08000f20                HAL_RTC_MspInit
 .text.MX_SPI2_Init
                0x08000f78       0x6c ./Core/Src/spi.o
                0x08000f78                MX_SPI2_Init
 .text.HAL_SPI_MspInit
                0x08000fe4      0x144 ./Core/Src/spi.o
                0x08000fe4                HAL_SPI_MspInit
 .text.HAL_MspInit
                0x08001128       0x50 ./Core/Src/stm32f4xx_hal_msp.o
                0x08001128                HAL_MspInit
 .text.NMI_Handler
                0x08001178        0x8 ./Core/Src/stm32f4xx_it.o
                0x08001178                NMI_Handler
 .text.HardFault_Handler
                0x08001180        0x8 ./Core/Src/stm32f4xx_it.o
                0x08001180                HardFault_Handler
 .text.MemManage_Handler
                0x08001188        0x8 ./Core/Src/stm32f4xx_it.o
                0x08001188                MemManage_Handler
 .text.BusFault_Handler
                0x08001190        0x8 ./Core/Src/stm32f4xx_it.o
                0x08001190                BusFault_Handler
 .text.UsageFault_Handler
                0x08001198        0x8 ./Core/Src/stm32f4xx_it.o
                0x08001198                UsageFault_Handler
 .text.SVC_Handler
                0x080011a0        0xe ./Core/Src/stm32f4xx_it.o
                0x080011a0                SVC_Handler
 .text.DebugMon_Handler
                0x080011ae        0xe ./Core/Src/stm32f4xx_it.o
                0x080011ae                DebugMon_Handler
 .text.PendSV_Handler
                0x080011bc        0xe ./Core/Src/stm32f4xx_it.o
                0x080011bc                PendSV_Handler
 .text.SysTick_Handler
                0x080011ca        0xc ./Core/Src/stm32f4xx_it.o
                0x080011ca                SysTick_Handler
 .text.EXTI0_IRQHandler
                0x080011d6        0xe ./Core/Src/stm32f4xx_it.o
                0x080011d6                EXTI0_IRQHandler
 .text.DMA1_Stream0_IRQHandler
                0x080011e4       0x14 ./Core/Src/stm32f4xx_it.o
                0x080011e4                DMA1_Stream0_IRQHandler
 .text.DMA1_Stream4_IRQHandler
                0x080011f8       0x14 ./Core/Src/stm32f4xx_it.o
                0x080011f8                DMA1_Stream4_IRQHandler
 .text.DMA1_Stream6_IRQHandler
                0x0800120c       0x14 ./Core/Src/stm32f4xx_it.o
                0x0800120c                DMA1_Stream6_IRQHandler
 .text.TIM1_TRG_COM_TIM11_IRQHandler
                0x08001220       0x14 ./Core/Src/stm32f4xx_it.o
                0x08001220                TIM1_TRG_COM_TIM11_IRQHandler
 .text.TIM4_IRQHandler
                0x08001234       0x14 ./Core/Src/stm32f4xx_it.o
                0x08001234                TIM4_IRQHandler
 .text.I2C1_EV_IRQHandler
                0x08001248       0x14 ./Core/Src/stm32f4xx_it.o
                0x08001248                I2C1_EV_IRQHandler
 .text.I2C1_ER_IRQHandler
                0x0800125c       0x14 ./Core/Src/stm32f4xx_it.o
                0x0800125c                I2C1_ER_IRQHandler
 .text.SPI2_IRQHandler
                0x08001270       0x14 ./Core/Src/stm32f4xx_it.o
                0x08001270                SPI2_IRQHandler
 .text.USART2_IRQHandler
                0x08001284       0x14 ./Core/Src/stm32f4xx_it.o
                0x08001284                USART2_IRQHandler
 .text.SystemInit
                0x08001298       0x24 ./Core/Src/system_stm32f4xx.o
                0x08001298                SystemInit
 .text.MX_TIM4_Init
                0x080012bc       0xb4 ./Core/Src/tim.o
                0x080012bc                MX_TIM4_Init
 .text.MX_TIM11_Init
                0x08001370       0x48 ./Core/Src/tim.o
                0x08001370                MX_TIM11_Init
 .text.HAL_TIM_PWM_MspInit
                0x080013b8       0x50 ./Core/Src/tim.o
                0x080013b8                HAL_TIM_PWM_MspInit
 .text.HAL_TIM_Base_MspInit
                0x08001408       0x50 ./Core/Src/tim.o
                0x08001408                HAL_TIM_Base_MspInit
 .text.HAL_TIM_MspPostInit
                0x08001458       0x74 ./Core/Src/tim.o
                0x08001458                HAL_TIM_MspPostInit
 .text.MX_USART2_UART_Init
                0x080014cc       0x54 ./Core/Src/usart.o
                0x080014cc                MX_USART2_UART_Init
 .text.HAL_UART_MspInit
                0x08001520       0xa0 ./Core/Src/usart.o
                0x08001520                HAL_UART_MspInit
 .text.Reset_Handler
                0x080015c0       0x50 ./Core/Startup/startup_stm32f401retx.o
                0x080015c0                Reset_Handler
 .text.Default_Handler
                0x08001610        0x2 ./Core/Startup/startup_stm32f401retx.o
                0x08001610                RTC_Alarm_IRQHandler
                0x08001610                EXTI2_IRQHandler
                0x08001610                SPI4_IRQHandler
                0x08001610                TIM1_CC_IRQHandler
                0x08001610                DMA2_Stream5_IRQHandler
                0x08001610                DMA1_Stream5_IRQHandler
                0x08001610                PVD_IRQHandler
                0x08001610                SDIO_IRQHandler
                0x08001610                TAMP_STAMP_IRQHandler
                0x08001610                EXTI3_IRQHandler
                0x08001610                TIM1_UP_TIM10_IRQHandler
                0x08001610                I2C3_ER_IRQHandler
                0x08001610                I2C2_EV_IRQHandler
                0x08001610                DMA1_Stream2_IRQHandler
                0x08001610                FPU_IRQHandler
                0x08001610                DMA2_Stream2_IRQHandler
                0x08001610                SPI1_IRQHandler
                0x08001610                TIM1_BRK_TIM9_IRQHandler
                0x08001610                DMA2_Stream3_IRQHandler
                0x08001610                USART6_IRQHandler
                0x08001610                DMA2_Stream0_IRQHandler
                0x08001610                DMA1_Stream1_IRQHandler
                0x08001610                TIM3_IRQHandler
                0x08001610                RCC_IRQHandler
                0x08001610                Default_Handler
                0x08001610                EXTI15_10_IRQHandler
                0x08001610                ADC_IRQHandler
                0x08001610                DMA1_Stream7_IRQHandler
                0x08001610                TIM5_IRQHandler
                0x08001610                DMA2_Stream7_IRQHandler
                0x08001610                I2C3_EV_IRQHandler
                0x08001610                EXTI9_5_IRQHandler
                0x08001610                RTC_WKUP_IRQHandler
                0x08001610                EXTI4_IRQHandler
                0x08001610                WWDG_IRQHandler
                0x08001610                TIM2_IRQHandler
                0x08001610                OTG_FS_WKUP_IRQHandler
                0x08001610                EXTI1_IRQHandler
                0x08001610                I2C2_ER_IRQHandler
                0x08001610                DMA2_Stream1_IRQHandler
                0x08001610                FLASH_IRQHandler
                0x08001610                DMA2_Stream4_IRQHandler
                0x08001610                USART1_IRQHandler
                0x08001610                OTG_FS_IRQHandler
                0x08001610                SPI3_IRQHandler
                0x08001610                DMA2_Stream6_IRQHandler
                0x08001610                DMA1_Stream3_IRQHandler
 *fill*         0x08001612        0x2 
 .text.HAL_Init
                0x08001614       0x44 ./Drivers/STM32F4xx_HAL_Driver/Src/stm32f4xx_hal.o
                0x08001614                HAL_Init
 .text.HAL_InitTick
                0x08001658       0x60 ./Drivers/STM32F4xx_HAL_Driver/Src/stm32f4xx_hal.o
                0x08001658                HAL_InitTick
 .text.HAL_IncTick
                0x080016b8       0x28 ./Drivers/STM32F4xx_HAL_Driver/Src/stm32f4xx_hal.o
                0x080016b8                HAL_IncTick
 .text.HAL_GetTick
                0x080016e0       0x18 ./Drivers/STM32F4xx_HAL_Driver/Src/stm32f4xx_hal.o
                0x080016e0                HAL_GetTick
 .text.__NVIC_SetPriorityGrouping
                0x080016f8       0x48 ./Drivers/STM32F4xx_HAL_Driver/Src/stm32f4xx_hal_cortex.o
 .text.__NVIC_GetPriorityGrouping
                0x08001740       0x1c ./Drivers/STM32F4xx_HAL_Driver/Src/stm32f4xx_hal_cortex.o
 .text.__NVIC_EnableIRQ
                0x0800175c       0x3c ./Drivers/STM32F4xx_HAL_Driver/Src/stm32f4xx_hal_cortex.o
 .text.__NVIC_SetPriority
                0x08001798       0x54 ./Drivers/STM32F4xx_HAL_Driver/Src/stm32f4xx_hal_cortex.o
 .text.NVIC_EncodePriority
                0x080017ec       0x66 ./Drivers/STM32F4xx_HAL_Driver/Src/stm32f4xx_hal_cortex.o
 *fill*         0x08001852        0x2 
 .text.SysTick_Config
                0x08001854       0x44 ./Drivers/STM32F4xx_HAL_Driver/Src/stm32f4xx_hal_cortex.o
 .text.HAL_NVIC_SetPriorityGrouping
                0x08001898       0x16 ./Drivers/STM32F4xx_HAL_Driver/Src/stm32f4xx_hal_cortex.o
                0x08001898                HAL_NVIC_SetPriorityGrouping
 .text.HAL_NVIC_SetPriority
                0x080018ae       0x38 ./Drivers/STM32F4xx_HAL_Driver/Src/stm32f4xx_hal_cortex.o
                0x080018ae                HAL_NVIC_SetPriority
 .text.HAL_NVIC_EnableIRQ
                0x080018e6       0x1c ./Drivers/STM32F4xx_HAL_Driver/Src/stm32f4xx_hal_cortex.o
                0x080018e6                HAL_NVIC_EnableIRQ
 .text.HAL_SYSTICK_Config
                0x08001902       0x18 ./Drivers/STM32F4xx_HAL_Driver/Src/stm32f4xx_hal_cortex.o
                0x08001902                HAL_SYSTICK_Config
 *fill*         0x0800191a        0x2 
 .text.HAL_DMA_Init
                0x0800191c      0x15c ./Drivers/STM32F4xx_HAL_Driver/Src/stm32f4xx_hal_dma.o
                0x0800191c                HAL_DMA_Init
 .text.HAL_DMA_Start_IT
                0x08001a78       0xb0 ./Drivers/STM32F4xx_HAL_Driver/Src/stm32f4xx_hal_dma.o
                0x08001a78                HAL_DMA_Start_IT
 .text.HAL_DMA_Abort
                0x08001b28       0xe0 ./Drivers/STM32F4xx_HAL_Driver/Src/stm32f4xx_hal_dma.o
                0x08001b28                HAL_DMA_Abort
 .text.HAL_DMA_Abort_IT
                0x08001c08       0x44 ./Drivers/STM32F4xx_HAL_Driver/Src/stm32f4xx_hal_dma.o
                0x08001c08                HAL_DMA_Abort_IT
 .text.HAL_DMA_IRQHandler
                0x08001c4c      0x314 ./Drivers/STM32F4xx_HAL_Driver/Src/stm32f4xx_hal_dma.o
                0x08001c4c                HAL_DMA_IRQHandler
 .text.HAL_DMA_GetState
                0x08001f60       0x1c ./Drivers/STM32F4xx_HAL_Driver/Src/stm32f4xx_hal_dma.o
                0x08001f60                HAL_DMA_GetState
 .text.DMA_SetConfig
                0x08001f7c       0x5c ./Drivers/STM32F4xx_HAL_Driver/Src/stm32f4xx_hal_dma.o
 .text.DMA_CalcBaseAndBitshift
                0x08001fd8       0x6c ./Drivers/STM32F4xx_HAL_Driver/Src/stm32f4xx_hal_dma.o
 .text.DMA_CheckFifoParam
                0x08002044       0xf8 ./Drivers/STM32F4xx_HAL_Driver/Src/stm32f4xx_hal_dma.o
 .text.HAL_GPIO_Init
                0x0800213c      0x308 ./Drivers/STM32F4xx_HAL_Driver/Src/stm32f4xx_hal_gpio.o
                0x0800213c                HAL_GPIO_Init
 .text.HAL_GPIO_ReadPin
                0x08002444       0x30 ./Drivers/STM32F4xx_HAL_Driver/Src/stm32f4xx_hal_gpio.o
                0x08002444                HAL_GPIO_ReadPin
 .text.HAL_GPIO_WritePin
                0x08002474       0x32 ./Drivers/STM32F4xx_HAL_Driver/Src/stm32f4xx_hal_gpio.o
                0x08002474                HAL_GPIO_WritePin
 *fill*         0x080024a6        0x2 
 .text.HAL_GPIO_EXTI_IRQHandler
                0x080024a8       0x30 ./Drivers/STM32F4xx_HAL_Driver/Src/stm32f4xx_hal_gpio.o
                0x080024a8                HAL_GPIO_EXTI_IRQHandler
 .text.HAL_I2C_Init
                0x080024d8      0x288 ./Drivers/STM32F4xx_HAL_Driver/Src/stm32f4xx_hal_i2c.o
                0x080024d8                HAL_I2C_Init
 .text.I2C_Flush_DR
                0x08002760       0x2a ./Drivers/STM32F4xx_HAL_Driver/Src/stm32f4xx_hal_i2c.o
 .text.HAL_I2C_EV_IRQHandler
                0x0800278a      0x2e2 ./Drivers/STM32F4xx_HAL_Driver/Src/stm32f4xx_hal_i2c.o
                0x0800278a                HAL_I2C_EV_IRQHandler
 .text.HAL_I2C_ER_IRQHandler
                0x08002a6c      0x14e ./Drivers/STM32F4xx_HAL_Driver/Src/stm32f4xx_hal_i2c.o
                0x08002a6c                HAL_I2C_ER_IRQHandler
 .text.HAL_I2C_MasterTxCpltCallback
                0x08002bba       0x14 ./Drivers/STM32F4xx_HAL_Driver/Src/stm32f4xx_hal_i2c.o
                0x08002bba                HAL_I2C_MasterTxCpltCallback
 .text.HAL_I2C_MasterRxCpltCallback
                0x08002bce       0x14 ./Drivers/STM32F4xx_HAL_Driver/Src/stm32f4xx_hal_i2c.o
                0x08002bce                HAL_I2C_MasterRxCpltCallback
 .text.HAL_I2C_SlaveTxCpltCallback
                0x08002be2       0x14 ./Drivers/STM32F4xx_HAL_Driver/Src/stm32f4xx_hal_i2c.o
                0x08002be2                HAL_I2C_SlaveTxCpltCallback
 .text.HAL_I2C_SlaveRxCpltCallback
                0x08002bf6       0x14 ./Drivers/STM32F4xx_HAL_Driver/Src/stm32f4xx_hal_i2c.o
                0x08002bf6                HAL_I2C_SlaveRxCpltCallback
 .text.HAL_I2C_AddrCallback
                0x08002c0a       0x1c ./Drivers/STM32F4xx_HAL_Driver/Src/stm32f4xx_hal_i2c.o
                0x08002c0a                HAL_I2C_AddrCallback
 .text.HAL_I2C_ListenCpltCallback
                0x08002c26       0x14 ./Drivers/STM32F4xx_HAL_Driver/Src/stm32f4xx_hal_i2c.o
                0x08002c26                HAL_I2C_ListenCpltCallback
 .text.HAL_I2C_MemTxCpltCallback
                0x08002c3a       0x14 ./Drivers/STM32F4xx_HAL_Driver/Src/stm32f4xx_hal_i2c.o
                0x08002c3a                HAL_I2C_MemTxCpltCallback
 .text.HAL_I2C_MemRxCpltCallback
                0x08002c4e       0x14 ./Drivers/STM32F4xx_HAL_Driver/Src/stm32f4xx_hal_i2c.o
                0x08002c4e                HAL_I2C_MemRxCpltCallback
 .text.HAL_I2C_ErrorCallback
                0x08002c62       0x14 ./Drivers/STM32F4xx_HAL_Driver/Src/stm32f4xx_hal_i2c.o
                0x08002c62                HAL_I2C_ErrorCallback
 .text.HAL_I2C_AbortCpltCallback
                0x08002c76       0x14 ./Drivers/STM32F4xx_HAL_Driver/Src/stm32f4xx_hal_i2c.o
                0x08002c76                HAL_I2C_AbortCpltCallback
 .text.I2C_MasterTransmit_TXE
                0x08002c8a      0x138 ./Drivers/STM32F4xx_HAL_Driver/Src/stm32f4xx_hal_i2c.o
 .text.I2C_MasterTransmit_BTF
                0x08002dc2       0xec ./Drivers/STM32F4xx_HAL_Driver/Src/stm32f4xx_hal_i2c.o
 .text.I2C_MemoryTransmit_TXE_BTF
                0x08002eae      0x130 ./Drivers/STM32F4xx_HAL_Driver/Src/stm32f4xx_hal_i2c.o
 .text.I2C_MasterReceive_RXNE
                0x08002fde      0x190 ./Drivers/STM32F4xx_HAL_Driver/Src/stm32f4xx_hal_i2c.o
 .text.I2C_MasterReceive_BTF
                0x0800316e      0x1ea ./Drivers/STM32F4xx_HAL_Driver/Src/stm32f4xx_hal_i2c.o
 .text.I2C_Master_SB
                0x08003358      0x10c ./Drivers/STM32F4xx_HAL_Driver/Src/stm32f4xx_hal_i2c.o
 .text.I2C_Master_ADD10
                0x08003464       0x54 ./Drivers/STM32F4xx_HAL_Driver/Src/stm32f4xx_hal_i2c.o
 .text.I2C_Master_ADDR
                0x080034b8      0x322 ./Drivers/STM32F4xx_HAL_Driver/Src/stm32f4xx_hal_i2c.o
 .text.I2C_SlaveTransmit_TXE
                0x080037da       0x7a ./Drivers/STM32F4xx_HAL_Driver/Src/stm32f4xx_hal_i2c.o
 .text.I2C_SlaveTransmit_BTF
                0x08003854       0x42 ./Drivers/STM32F4xx_HAL_Driver/Src/stm32f4xx_hal_i2c.o
 .text.I2C_SlaveReceive_RXNE
                0x08003896       0x7c ./Drivers/STM32F4xx_HAL_Driver/Src/stm32f4xx_hal_i2c.o
 .text.I2C_SlaveReceive_BTF
                0x08003912       0x44 ./Drivers/STM32F4xx_HAL_Driver/Src/stm32f4xx_hal_i2c.o
 .text.I2C_Slave_ADDR
                0x08003956       0x94 ./Drivers/STM32F4xx_HAL_Driver/Src/stm32f4xx_hal_i2c.o
 *fill*         0x080039ea        0x2 
 .text.I2C_Slave_STOPF
                0x080039ec      0x260 ./Drivers/STM32F4xx_HAL_Driver/Src/stm32f4xx_hal_i2c.o
 .text.I2C_Slave_AF
                0x08003c4c       0xe8 ./Drivers/STM32F4xx_HAL_Driver/Src/stm32f4xx_hal_i2c.o
 .text.I2C_ITError
                0x08003d34      0x264 ./Drivers/STM32F4xx_HAL_Driver/Src/stm32f4xx_hal_i2c.o
 .text.I2C_DMAAbort
                0x08003f98      0x150 ./Drivers/STM32F4xx_HAL_Driver/Src/stm32f4xx_hal_i2c.o
 .text.I2C_WaitOnSTOPRequestThroughIT
                0x080040e8       0x64 ./Drivers/STM32F4xx_HAL_Driver/Src/stm32f4xx_hal_i2c.o
 .text.I2C_ConvertOtherXferOptions
                0x0800414c       0x36 ./Drivers/STM32F4xx_HAL_Driver/Src/stm32f4xx_hal_i2c.o
 *fill*         0x08004182        0x2 
 .text.HAL_RCC_OscConfig
                0x08004184      0x4f0 ./Drivers/STM32F4xx_HAL_Driver/Src/stm32f4xx_hal_rcc.o
                0x08004184                HAL_RCC_OscConfig
 .text.HAL_RCC_ClockConfig
                0x08004674      0x1cc ./Drivers/STM32F4xx_HAL_Driver/Src/stm32f4xx_hal_rcc.o
                0x08004674                HAL_RCC_ClockConfig
 .text.HAL_RCC_GetSysClockFreq
                0x08004840      0x18c ./Drivers/STM32F4xx_HAL_Driver/Src/stm32f4xx_hal_rcc.o
                0x08004840                HAL_RCC_GetSysClockFreq
 .text.HAL_RCC_GetHCLKFreq
                0x080049cc       0x18 ./Drivers/STM32F4xx_HAL_Driver/Src/stm32f4xx_hal_rcc.o
                0x080049cc                HAL_RCC_GetHCLKFreq
 .text.HAL_RCC_GetPCLK1Freq
                0x080049e4       0x28 ./Drivers/STM32F4xx_HAL_Driver/Src/stm32f4xx_hal_rcc.o
                0x080049e4                HAL_RCC_GetPCLK1Freq
 .text.HAL_RCC_GetPCLK2Freq
                0x08004a0c       0x28 ./Drivers/STM32F4xx_HAL_Driver/Src/stm32f4xx_hal_rcc.o
                0x08004a0c                HAL_RCC_GetPCLK2Freq
 .text.HAL_RCCEx_PeriphCLKConfig
                0x08004a34      0x1dc ./Drivers/STM32F4xx_HAL_Driver/Src/stm32f4xx_hal_rcc_ex.o
                0x08004a34                HAL_RCCEx_PeriphCLKConfig
 .text.HAL_RTC_Init
                0x08004c10      0x106 ./Drivers/STM32F4xx_HAL_Driver/Src/stm32f4xx_hal_rtc.o
                0x08004c10                HAL_RTC_Init
 *fill*         0x08004d16        0x2 
 .text.HAL_RTC_WaitForSynchro
                0x08004d18       0x4c ./Drivers/STM32F4xx_HAL_Driver/Src/stm32f4xx_hal_rtc.o
                0x08004d18                HAL_RTC_WaitForSynchro
 .text.RTC_EnterInitMode
                0x08004d64       0x6e ./Drivers/STM32F4xx_HAL_Driver/Src/stm32f4xx_hal_rtc.o
                0x08004d64                RTC_EnterInitMode
 .text.RTC_ExitInitMode
                0x08004dd2       0x4a ./Drivers/STM32F4xx_HAL_Driver/Src/stm32f4xx_hal_rtc.o
                0x08004dd2                RTC_ExitInitMode
 .text.HAL_SPI_Init
                0x08004e1c      0x112 ./Drivers/STM32F4xx_HAL_Driver/Src/stm32f4xx_hal_spi.o
                0x08004e1c                HAL_SPI_Init
 *fill*         0x08004f2e        0x2 
 .text.HAL_SPI_Transmit_DMA
                0x08004f30      0x164 ./Drivers/STM32F4xx_HAL_Driver/Src/stm32f4xx_hal_spi.o
                0x08004f30                HAL_SPI_Transmit_DMA
 .text.HAL_SPI_IRQHandler
                0x08005094      0x200 ./Drivers/STM32F4xx_HAL_Driver/Src/stm32f4xx_hal_spi.o
                0x08005094                HAL_SPI_IRQHandler
 .text.HAL_SPI_TxHalfCpltCallback
                0x08005294       0x14 ./Drivers/STM32F4xx_HAL_Driver/Src/stm32f4xx_hal_spi.o
                0x08005294                HAL_SPI_TxHalfCpltCallback
 .text.HAL_SPI_ErrorCallback
                0x080052a8       0x14 ./Drivers/STM32F4xx_HAL_Driver/Src/stm32f4xx_hal_spi.o
                0x080052a8                HAL_SPI_ErrorCallback
 .text.SPI_DMATransmitCplt
                0x080052bc       0xa8 ./Drivers/STM32F4xx_HAL_Driver/Src/stm32f4xx_hal_spi.o
 .text.SPI_DMAHalfTransmitCplt
                0x08005364       0x1c ./Drivers/STM32F4xx_HAL_Driver/Src/stm32f4xx_hal_spi.o
 .text.SPI_DMAError
                0x08005380       0x40 ./Drivers/STM32F4xx_HAL_Driver/Src/stm32f4xx_hal_spi.o
 .text.SPI_DMAAbortOnError
                0x080053c0       0x28 ./Drivers/STM32F4xx_HAL_Driver/Src/stm32f4xx_hal_spi.o
 .text.SPI_WaitFlagStateUntilTimeout
                0x080053e8      0x110 ./Drivers/STM32F4xx_HAL_Driver/Src/stm32f4xx_hal_spi.o
 .text.SPI_EndRxTxTransaction
                0x080054f8       0xa8 ./Drivers/STM32F4xx_HAL_Driver/Src/stm32f4xx_hal_spi.o
 .text.HAL_TIM_Base_Init
                0x080055a0       0x9e ./Drivers/STM32F4xx_HAL_Driver/Src/stm32f4xx_hal_tim.o
                0x080055a0                HAL_TIM_Base_Init
 *fill*         0x0800563e        0x2 
 .text.HAL_TIM_Base_Start_IT
                0x08005640       0xc4 ./Drivers/STM32F4xx_HAL_Driver/Src/stm32f4xx_hal_tim.o
                0x08005640                HAL_TIM_Base_Start_IT
 .text.HAL_TIM_PWM_Init
                0x08005704       0x9e ./Drivers/STM32F4xx_HAL_Driver/Src/stm32f4xx_hal_tim.o
                0x08005704                HAL_TIM_PWM_Init
 .text.HAL_TIM_IRQHandler
                0x080057a2      0x1e0 ./Drivers/STM32F4xx_HAL_Driver/Src/stm32f4xx_hal_tim.o
                0x080057a2                HAL_TIM_IRQHandler
 *fill*         0x08005982        0x2 
 .text.HAL_TIM_PWM_ConfigChannel
                0x08005984      0x184 ./Drivers/STM32F4xx_HAL_Driver/Src/stm32f4xx_hal_tim.o
                0x08005984                HAL_TIM_PWM_ConfigChannel
 .text.HAL_TIM_OC_DelayElapsedCallback
                0x08005b08       0x14 ./Drivers/STM32F4xx_HAL_Driver/Src/stm32f4xx_hal_tim.o
                0x08005b08                HAL_TIM_OC_DelayElapsedCallback
 .text.HAL_TIM_IC_CaptureCallback
                0x08005b1c       0x14 ./Drivers/STM32F4xx_HAL_Driver/Src/stm32f4xx_hal_tim.o
                0x08005b1c                HAL_TIM_IC_CaptureCallback
 .text.HAL_TIM_PWM_PulseFinishedCallback
                0x08005b30       0x14 ./Drivers/STM32F4xx_HAL_Driver/Src/stm32f4xx_hal_tim.o
                0x08005b30                HAL_TIM_PWM_PulseFinishedCallback
 .text.HAL_TIM_TriggerCallback
                0x08005b44       0x14 ./Drivers/STM32F4xx_HAL_Driver/Src/stm32f4xx_hal_tim.o
                0x08005b44                HAL_TIM_TriggerCallback
 .text.TIM_Base_SetConfig
                0x08005b58      0x118 ./Drivers/STM32F4xx_HAL_Driver/Src/stm32f4xx_hal_tim.o
                0x08005b58                TIM_Base_SetConfig
 .text.TIM_OC1_SetConfig
                0x08005c70       0xcc ./Drivers/STM32F4xx_HAL_Driver/Src/stm32f4xx_hal_tim.o
 .text.TIM_OC2_SetConfig
                0x08005d3c       0xd8 ./Drivers/STM32F4xx_HAL_Driver/Src/stm32f4xx_hal_tim.o
                0x08005d3c                TIM_OC2_SetConfig
 .text.TIM_OC3_SetConfig
                0x08005e14       0xd4 ./Drivers/STM32F4xx_HAL_Driver/Src/stm32f4xx_hal_tim.o
 .text.TIM_OC4_SetConfig
                0x08005ee8       0xa0 ./Drivers/STM32F4xx_HAL_Driver/Src/stm32f4xx_hal_tim.o
 .text.HAL_TIMEx_MasterConfigSynchronization
                0x08005f88       0xdc ./Drivers/STM32F4xx_HAL_Driver/Src/stm32f4xx_hal_tim_ex.o
                0x08005f88                HAL_TIMEx_MasterConfigSynchronization
 .text.HAL_TIMEx_CommutCallback
                0x08006064       0x14 ./Drivers/STM32F4xx_HAL_Driver/Src/stm32f4xx_hal_tim_ex.o
                0x08006064                HAL_TIMEx_CommutCallback
 .text.HAL_TIMEx_BreakCallback
                0x08006078       0x14 ./Drivers/STM32F4xx_HAL_Driver/Src/stm32f4xx_hal_tim_ex.o
                0x08006078                HAL_TIMEx_BreakCallback
 .text.HAL_UART_Init
                0x0800608c       0xa0 ./Drivers/STM32F4xx_HAL_Driver/Src/stm32f4xx_hal_uart.o
                0x0800608c                HAL_UART_Init
 .text.HAL_UART_IRQHandler
                0x0800612c      0x524 ./Drivers/STM32F4xx_HAL_Driver/Src/stm32f4xx_hal_uart.o
                0x0800612c                HAL_UART_IRQHandler
 .text.HAL_UART_TxCpltCallback
                0x08006650       0x14 ./Drivers/STM32F4xx_HAL_Driver/Src/stm32f4xx_hal_uart.o
                0x08006650                HAL_UART_TxCpltCallback
 .text.HAL_UART_RxCpltCallback
                0x08006664       0x14 ./Drivers/STM32F4xx_HAL_Driver/Src/stm32f4xx_hal_uart.o
                0x08006664                HAL_UART_RxCpltCallback
 .text.HAL_UART_ErrorCallback
                0x08006678       0x14 ./Drivers/STM32F4xx_HAL_Driver/Src/stm32f4xx_hal_uart.o
                0x08006678                HAL_UART_ErrorCallback
 .text.HAL_UARTEx_RxEventCallback
                0x0800668c       0x18 ./Drivers/STM32F4xx_HAL_Driver/Src/stm32f4xx_hal_uart.o
                0x0800668c                HAL_UARTEx_RxEventCallback
 .text.UART_EndRxTransfer
                0x080066a4       0xc6 ./Drivers/STM32F4xx_HAL_Driver/Src/stm32f4xx_hal_uart.o
 .text.UART_DMAAbortOnError
                0x0800676a       0x28 ./Drivers/STM32F4xx_HAL_Driver/Src/stm32f4xx_hal_uart.o
 .text.UART_Transmit_IT
                0x08006792       0xa0 ./Drivers/STM32F4xx_HAL_Driver/Src/stm32f4xx_hal_uart.o
 .text.UART_EndTransmit_IT
                0x08006832       0x30 ./Drivers/STM32F4xx_HAL_Driver/Src/stm32f4xx_hal_uart.o
 .text.UART_Receive_IT
                0x08006862      0x17c ./Drivers/STM32F4xx_HAL_Driver/Src/stm32f4xx_hal_uart.o
 *fill*         0x080069de        0x2 
 .text.UART_SetConfig
                0x080069e0      0x4e8 ./Drivers/STM32F4xx_HAL_Driver/Src/stm32f4xx_hal_uart.o
 .text.memset   0x08006ec8       0x10 C:/ST/STM32CubeIDE_1.16.1/STM32CubeIDE/plugins/com.st.stm32cube.ide.mcu.externaltools.gnu-tools-for-stm32.13.3.rel1.win32_1.0.0.202411081344/tools/bin/../lib/gcc/arm-none-eabi/13.3.1/../../../../arm-none-eabi/lib/thumb/v7e-m+fp/hard\libc_nano.a(libc_a-memset.o)
                0x08006ec8                memset
 .text.__libc_init_array
                0x08006ed8       0x48 C:/ST/STM32CubeIDE_1.16.1/STM32CubeIDE/plugins/com.st.stm32cube.ide.mcu.externaltools.gnu-tools-for-stm32.13.3.rel1.win32_1.0.0.202411081344/tools/bin/../lib/gcc/arm-none-eabi/13.3.1/../../../../arm-none-eabi/lib/thumb/v7e-m+fp/hard\libc_nano.a(libc_a-init.o)
                0x08006ed8                __libc_init_array
 *(.glue_7)
 .glue_7        0x08006f20        0x0 linker stubs
 *(.glue_7t)
 .glue_7t       0x08006f20        0x0 linker stubs
 *(.eh_frame)
 .eh_frame      0x08006f20        0x0 C:/ST/STM32CubeIDE_1.16.1/STM32CubeIDE/plugins/com.st.stm32cube.ide.mcu.externaltools.gnu-tools-for-stm32.13.3.rel1.win32_1.0.0.202411081344/tools/bin/../lib/gcc/arm-none-eabi/13.3.1/thumb/v7e-m+fp/hard/crtbegin.o
 *(.init)
 .init          0x08006f20        0x4 C:/ST/STM32CubeIDE_1.16.1/STM32CubeIDE/plugins/com.st.stm32cube.ide.mcu.externaltools.gnu-tools-for-stm32.13.3.rel1.win32_1.0.0.202411081344/tools/bin/../lib/gcc/arm-none-eabi/13.3.1/thumb/v7e-m+fp/hard/crti.o
                0x08006f20                _init
 .init          0x08006f24        0x8 C:/ST/STM32CubeIDE_1.16.1/STM32CubeIDE/plugins/com.st.stm32cube.ide.mcu.externaltools.gnu-tools-for-stm32.13.3.rel1.win32_1.0.0.202411081344/tools/bin/../lib/gcc/arm-none-eabi/13.3.1/thumb/v7e-m+fp/hard/crtn.o
 *(.fini)
 .fini          0x08006f2c        0x4 C:/ST/STM32CubeIDE_1.16.1/STM32CubeIDE/plugins/com.st.stm32cube.ide.mcu.externaltools.gnu-tools-for-stm32.13.3.rel1.win32_1.0.0.202411081344/tools/bin/../lib/gcc/arm-none-eabi/13.3.1/thumb/v7e-m+fp/hard/crti.o
                0x08006f2c                _fini
 .fini          0x08006f30        0x8 C:/ST/STM32CubeIDE_1.16.1/STM32CubeIDE/plugins/com.st.stm32cube.ide.mcu.externaltools.gnu-tools-for-stm32.13.3.rel1.win32_1.0.0.202411081344/tools/bin/../lib/gcc/arm-none-eabi/13.3.1/thumb/v7e-m+fp/hard/crtn.o
                0x08006f38                        . = ALIGN (0x4)
                0x08006f38                        _etext = .

.vfp11_veneer   0x08006f38        0x0
 .vfp11_veneer  0x08006f38        0x0 linker stubs

.v4_bx          0x08006f38        0x0
 .v4_bx         0x08006f38        0x0 linker stubs

.iplt           0x08006f38        0x0
 .iplt          0x08006f38        0x0 C:/ST/STM32CubeIDE_1.16.1/STM32CubeIDE/plugins/com.st.stm32cube.ide.mcu.externaltools.gnu-tools-for-stm32.13.3.rel1.win32_1.0.0.202411081344/tools/bin/../lib/gcc/arm-none-eabi/13.3.1/thumb/v7e-m+fp/hard/crtbegin.o

.rodata         0x08006f38       0x34
                0x08006f38                        . = ALIGN (0x4)
 *(.rodata)
 *(.rodata*)
 .rodata.segmentDigits
                0x08006f38       0x14 ./Core/Src/display7seg.o
 .rodata.AHBPrescTable
                0x08006f4c       0x10 ./Core/Src/system_stm32f4xx.o
                0x08006f4c                AHBPrescTable
 .rodata.APBPrescTable
                0x08006f5c        0x8 ./Core/Src/system_stm32f4xx.o
                0x08006f5c                APBPrescTable
 .rodata.flagBitshiftOffset.0
                0x08006f64        0x8 ./Drivers/STM32F4xx_HAL_Driver/Src/stm32f4xx_hal_dma.o
                0x08006f6c                        . = ALIGN (0x4)

.ARM.extab      0x08006f6c        0x0
                0x08006f6c                        . = ALIGN (0x4)
 *(.ARM.extab* .gnu.linkonce.armextab.*)
                0x08006f6c                        . = ALIGN (0x4)

.ARM            0x08006f6c        0x8
                0x08006f6c                        . = ALIGN (0x4)
                0x08006f6c                        __exidx_start = .
 *(.ARM.exidx*)
 .ARM.exidx     0x08006f6c        0x8 C:/ST/STM32CubeIDE_1.16.1/STM32CubeIDE/plugins/com.st.stm32cube.ide.mcu.externaltools.gnu-tools-for-stm32.13.3.rel1.win32_1.0.0.202411081344/tools/bin/../lib/gcc/arm-none-eabi/13.3.1/thumb/v7e-m+fp/hard\libgcc.a(_udivmoddi4.o)
                0x08006f74                        __exidx_end = .
                0x08006f74                        . = ALIGN (0x4)

.preinit_array  0x08006f74        0x0
                0x08006f74                        . = ALIGN (0x4)
                0x08006f74                        PROVIDE (__preinit_array_start = .)
 *(.preinit_array*)
                0x08006f74                        PROVIDE (__preinit_array_end = .)
                0x08006f74                        . = ALIGN (0x4)

.init_array     0x08006f74        0x4
                0x08006f74                        . = ALIGN (0x4)
                0x08006f74                        PROVIDE (__init_array_start = .)
 *(SORT_BY_NAME(.init_array.*))
 *(.init_array*)
 .init_array    0x08006f74        0x4 C:/ST/STM32CubeIDE_1.16.1/STM32CubeIDE/plugins/com.st.stm32cube.ide.mcu.externaltools.gnu-tools-for-stm32.13.3.rel1.win32_1.0.0.202411081344/tools/bin/../lib/gcc/arm-none-eabi/13.3.1/thumb/v7e-m+fp/hard/crtbegin.o
                0x08006f78                        PROVIDE (__init_array_end = .)
                0x08006f78                        . = ALIGN (0x4)

.fini_array     0x08006f78        0x4
                0x08006f78                        . = ALIGN (0x4)
                [!provide]                        PROVIDE (__fini_array_start = .)
 *(SORT_BY_NAME(.fini_array.*))
 *(.fini_array*)
 .fini_array    0x08006f78        0x4 C:/ST/STM32CubeIDE_1.16.1/STM32CubeIDE/plugins/com.st.stm32cube.ide.mcu.externaltools.gnu-tools-for-stm32.13.3.rel1.win32_1.0.0.202411081344/tools/bin/../lib/gcc/arm-none-eabi/13.3.1/thumb/v7e-m+fp/hard/crtbegin.o
                [!provide]                        PROVIDE (__fini_array_end = .)
                0x08006f7c                        . = ALIGN (0x4)
                0x08006f7c                        _sidata = LOADADDR (.data)

.rel.dyn        0x08006f7c        0x0
 .rel.iplt      0x08006f7c        0x0 C:/ST/STM32CubeIDE_1.16.1/STM32CubeIDE/plugins/com.st.stm32cube.ide.mcu.externaltools.gnu-tools-for-stm32.13.3.rel1.win32_1.0.0.202411081344/tools/bin/../lib/gcc/arm-none-eabi/13.3.1/thumb/v7e-m+fp/hard/crtbegin.o

.data           0x20000000       0x10 load address 0x08006f7c
                0x20000000                        . = ALIGN (0x4)
                0x20000000                        _sdata = .
 *(.data)
 *(.data*)
 .data.isSpiReady
                0x20000000        0x1 ./Core/Src/main.o
 *fill*         0x20000001        0x3 
 .data.SystemCoreClock
                0x20000004        0x4 ./Core/Src/system_stm32f4xx.o
                0x20000004                SystemCoreClock
 .data.uwTickPrio
                0x20000008        0x4 ./Drivers/STM32F4xx_HAL_Driver/Src/stm32f4xx_hal.o
                0x20000008                uwTickPrio
 .data.uwTickFreq
                0x2000000c        0x1 ./Drivers/STM32F4xx_HAL_Driver/Src/stm32f4xx_hal.o
                0x2000000c                uwTickFreq
 *(.RamFunc)
 *(.RamFunc*)
                0x20000010                        . = ALIGN (0x4)
 *fill*         0x2000000d        0x3 
                0x20000010                        _edata = .

.igot.plt       0x20000010        0x0 load address 0x08006f8c
 .igot.plt      0x20000010        0x0 C:/ST/STM32CubeIDE_1.16.1/STM32CubeIDE/plugins/com.st.stm32cube.ide.mcu.externaltools.gnu-tools-for-stm32.13.3.rel1.win32_1.0.0.202411081344/tools/bin/../lib/gcc/arm-none-eabi/13.3.1/thumb/v7e-m+fp/hard/crtbegin.o
                0x20000010                        . = ALIGN (0x4)

.bss            0x20000010      0x314 load address 0x08006f8c
                0x20000010                        _sbss = .
                0x20000010                        __bss_start__ = _sbss
 *(.bss)
 .bss           0x20000010       0x1c C:/ST/STM32CubeIDE_1.16.1/STM32CubeIDE/plugins/com.st.stm32cube.ide.mcu.externaltools.gnu-tools-for-stm32.13.3.rel1.win32_1.0.0.202411081344/tools/bin/../lib/gcc/arm-none-eabi/13.3.1/thumb/v7e-m+fp/hard/crtbegin.o
 *(.bss*)
 *fill*         0x2000002c        0x4 
 .bss.shift_reg
                0x20000030        0x8 ./Core/Src/caliper.o
 .bss.bit_index
                0x20000038        0x1 ./Core/Src/caliper.o
 .bss.frame_ready
                0x20000039        0x1 ./Core/Src/caliper.o
 *fill*         0x2000003a        0x2 
 .bss.raw_bits  0x2000003c        0x6 ./Core/Src/caliper.o
 *fill*         0x20000042        0x2 
 .bss.frontBuffer
                0x20000044        0x6 ./Core/Src/display7seg.o
 *fill*         0x2000004a        0x2 
 .bss.backBuffer
                0x2000004c        0x6 ./Core/Src/display7seg.o
 .bss.display_needs_update
                0x20000052        0x1 ./Core/Src/display7seg.o
 *fill*         0x20000053        0x1 
 .bss.hi2c1     0x20000054       0x54 ./Core/Src/i2c.o
                0x20000054                hi2c1
 .bss.hdma_i2c1_rx
                0x200000a8       0x60 ./Core/Src/i2c.o
                0x200000a8                hdma_i2c1_rx
 .bss.hdma_i2c1_tx
                0x20000108       0x60 ./Core/Src/i2c.o
                0x20000108                hdma_i2c1_tx
 .bss.msCount.1
                0x20000168        0x1 ./Core/Src/main.o
 *fill*         0x20000169        0x3 
 .bss.last_ms.0
                0x2000016c        0x4 ./Core/Src/main.o
 .bss.hrtc      0x20000170       0x20 ./Core/Src/rtc.o
                0x20000170                hrtc
 .bss.hspi2     0x20000190       0x58 ./Core/Src/spi.o
                0x20000190                hspi2
 .bss.hdma_spi2_tx
                0x200001e8       0x60 ./Core/Src/spi.o
                0x200001e8                hdma_spi2_tx
 .bss.htim4     0x20000248       0x48 ./Core/Src/tim.o
                0x20000248                htim4
 .bss.htim11    0x20000290       0x48 ./Core/Src/tim.o
                0x20000290                htim11
 .bss.huart2    0x200002d8       0x48 ./Core/Src/usart.o
                0x200002d8                huart2
 .bss.uwTick    0x20000320        0x4 ./Drivers/STM32F4xx_HAL_Driver/Src/stm32f4xx_hal.o
                0x20000320                uwTick
 *(COMMON)
                0x20000324                        . = ALIGN (0x4)
                0x20000324                        _ebss = .
                0x20000324                        __bss_end__ = _ebss

._user_heap_stack
                0x20000324      0x604 load address 0x08006f8c
                0x20000328                        . = ALIGN (0x8)
 *fill*         0x20000324        0x4 
                [!provide]                        PROVIDE (end = .)
                0x20000328                        PROVIDE (_end = .)
                0x20000528                        . = (. + _Min_Heap_Size)
 *fill*         0x20000328      0x200 
                0x20000928                        . = (. + _Min_Stack_Size)
 *fill*         0x20000528      0x400 
                0x20000928                        . = ALIGN (0x8)

/DISCARD/
 libc.a(*)
 libm.a(*)
 libgcc.a(*)

.ARM.attributes
                0x00000000       0x30
 *(.ARM.attributes)
 .ARM.attributes
                0x00000000       0x22 C:/ST/STM32CubeIDE_1.16.1/STM32CubeIDE/plugins/com.st.stm32cube.ide.mcu.externaltools.gnu-tools-for-stm32.13.3.rel1.win32_1.0.0.202411081344/tools/bin/../lib/gcc/arm-none-eabi/13.3.1/thumb/v7e-m+fp/hard/crti.o
 .ARM.attributes
                0x00000022       0x34 C:/ST/STM32CubeIDE_1.16.1/STM32CubeIDE/plugins/com.st.stm32cube.ide.mcu.externaltools.gnu-tools-for-stm32.13.3.rel1.win32_1.0.0.202411081344/tools/bin/../lib/gcc/arm-none-eabi/13.3.1/thumb/v7e-m+fp/hard/crtbegin.o
 .ARM.attributes
                0x00000056       0x34 ./Core/Src/caliper.o
 .ARM.attributes
                0x0000008a       0x34 ./Core/Src/display7seg.o
 .ARM.attributes
                0x000000be       0x34 ./Core/Src/dma.o
 .ARM.attributes
                0x000000f2       0x34 ./Core/Src/gpio.o
 .ARM.attributes
                0x00000126       0x34 ./Core/Src/i2c.o
 .ARM.attributes
                0x0000015a       0x34 ./Core/Src/main.o
 .ARM.attributes
                0x0000018e       0x34 ./Core/Src/rtc.o
 .ARM.attributes
                0x000001c2       0x34 ./Core/Src/spi.o
 .ARM.attributes
                0x000001f6       0x34 ./Core/Src/stm32f4xx_hal_msp.o
 .ARM.attributes
                0x0000022a       0x34 ./Core/Src/stm32f4xx_it.o
 .ARM.attributes
                0x0000025e       0x34 ./Core/Src/system_stm32f4xx.o
 .ARM.attributes
                0x00000292       0x34 ./Core/Src/tim.o
 .ARM.attributes
                0x000002c6       0x34 ./Core/Src/usart.o
 .ARM.attributes
                0x000002fa       0x21 ./Core/Startup/startup_stm32f401retx.o
 .ARM.attributes
                0x0000031b       0x34 ./Drivers/STM32F4xx_HAL_Driver/Src/stm32f4xx_hal.o
 .ARM.attributes
                0x0000034f       0x34 ./Drivers/STM32F4xx_HAL_Driver/Src/stm32f4xx_hal_cortex.o
 .ARM.attributes
                0x00000383       0x34 ./Drivers/STM32F4xx_HAL_Driver/Src/stm32f4xx_hal_dma.o
 .ARM.attributes
                0x000003b7       0x34 ./Drivers/STM32F4xx_HAL_Driver/Src/stm32f4xx_hal_gpio.o
 .ARM.attributes
                0x000003eb       0x34 ./Drivers/STM32F4xx_HAL_Driver/Src/stm32f4xx_hal_i2c.o
 .ARM.attributes
                0x0000041f       0x34 ./Drivers/STM32F4xx_HAL_Driver/Src/stm32f4xx_hal_rcc.o
 .ARM.attributes
                0x00000453       0x34 ./Drivers/STM32F4xx_HAL_Driver/Src/stm32f4xx_hal_rcc_ex.o
 .ARM.attributes
                0x00000487       0x34 ./Drivers/STM32F4xx_HAL_Driver/Src/stm32f4xx_hal_rtc.o
 .ARM.attributes
                0x000004bb       0x34 ./Drivers/STM32F4xx_HAL_Driver/Src/stm32f4xx_hal_spi.o
 .ARM.attributes
                0x000004ef       0x34 ./Drivers/STM32F4xx_HAL_Driver/Src/stm32f4xx_hal_tim.o
 .ARM.attributes
                0x00000523       0x34 ./Drivers/STM32F4xx_HAL_Driver/Src/stm32f4xx_hal_tim_ex.o
 .ARM.attributes
                0x00000557       0x34 ./Drivers/STM32F4xx_HAL_Driver/Src/stm32f4xx_hal_uart.o
 .ARM.attributes
                0x0000058b       0x34 C:/ST/STM32CubeIDE_1.16.1/STM32CubeIDE/plugins/com.st.stm32cube.ide.mcu.externaltools.gnu-tools-for-stm32.13.3.rel1.win32_1.0.0.202411081344/tools/bin/../lib/gcc/arm-none-eabi/13.3.1/../../../../arm-none-eabi/lib/thumb/v7e-m+fp/hard\libc_nano.a(libc_a-memset.o)
 .ARM.attributes
                0x000005bf       0x34 C:/ST/STM32CubeIDE_1.16.1/STM32CubeIDE/plugins/com.st.stm32cube.ide.mcu.externaltools.gnu-tools-for-stm32.13.3.rel1.win32_1.0.0.202411081344/tools/bin/../lib/gcc/arm-none-eabi/13.3.1/../../../../arm-none-eabi/lib/thumb/v7e-m+fp/hard\libc_nano.a(libc_a-init.o)
 .ARM.attributes
                0x000005f3       0x22 C:/ST/STM32CubeIDE_1.16.1/STM32CubeIDE/plugins/com.st.stm32cube.ide.mcu.externaltools.gnu-tools-for-stm32.13.3.rel1.win32_1.0.0.202411081344/tools/bin/../lib/gcc/arm-none-eabi/13.3.1/thumb/v7e-m+fp/hard\libgcc.a(_aeabi_uldivmod.o)
 .ARM.attributes
                0x00000615       0x34 C:/ST/STM32CubeIDE_1.16.1/STM32CubeIDE/plugins/com.st.stm32cube.ide.mcu.externaltools.gnu-tools-for-stm32.13.3.rel1.win32_1.0.0.202411081344/tools/bin/../lib/gcc/arm-none-eabi/13.3.1/thumb/v7e-m+fp/hard\libgcc.a(_udivmoddi4.o)
 .ARM.attributes
                0x00000649       0x22 C:/ST/STM32CubeIDE_1.16.1/STM32CubeIDE/plugins/com.st.stm32cube.ide.mcu.externaltools.gnu-tools-for-stm32.13.3.rel1.win32_1.0.0.202411081344/tools/bin/../lib/gcc/arm-none-eabi/13.3.1/thumb/v7e-m+fp/hard\libgcc.a(_dvmd_tls.o)
 .ARM.attributes
                0x0000066b       0x22 C:/ST/STM32CubeIDE_1.16.1/STM32CubeIDE/plugins/com.st.stm32cube.ide.mcu.externaltools.gnu-tools-for-stm32.13.3.rel1.win32_1.0.0.202411081344/tools/bin/../lib/gcc/arm-none-eabi/13.3.1/thumb/v7e-m+fp/hard/crtn.o
OUTPUT(NewCzerwona3.elf elf32-littlearm)
LOAD linker stubs
LOAD C:/ST/STM32CubeIDE_1.16.1/STM32CubeIDE/plugins/com.st.stm32cube.ide.mcu.externaltools.gnu-tools-for-stm32.13.3.rel1.win32_1.0.0.202411081344/tools/bin/../lib/gcc/arm-none-eabi/13.3.1/../../../../arm-none-eabi/lib/thumb/v7e-m+fp/hard\libc.a
LOAD C:/ST/STM32CubeIDE_1.16.1/STM32CubeIDE/plugins/com.st.stm32cube.ide.mcu.externaltools.gnu-tools-for-stm32.13.3.rel1.win32_1.0.0.202411081344/tools/bin/../lib/gcc/arm-none-eabi/13.3.1/../../../../arm-none-eabi/lib/thumb/v7e-m+fp/hard\libm.a
LOAD C:/ST/STM32CubeIDE_1.16.1/STM32CubeIDE/plugins/com.st.stm32cube.ide.mcu.externaltools.gnu-tools-for-stm32.13.3.rel1.win32_1.0.0.202411081344/tools/bin/../lib/gcc/arm-none-eabi/13.3.1/thumb/v7e-m+fp/hard\libgcc.a

.debug_info     0x00000000    0x15752
 .debug_info    0x00000000      0x270 ./Core/Src/caliper.o
 .debug_info    0x00000270      0x4e5 ./Core/Src/display7seg.o
 .debug_info    0x00000755      0x43f ./Core/Src/dma.o
 .debug_info    0x00000b94      0x5f6 ./Core/Src/gpio.o
 .debug_info    0x0000118a      0xbcb ./Core/Src/i2c.o
 .debug_info    0x00001d55     0x10ad ./Core/Src/main.o
 .debug_info    0x00002e02      0x573 ./Core/Src/rtc.o
 .debug_info    0x00003375      0xbb3 ./Core/Src/spi.o
 .debug_info    0x00003f28      0x291 ./Core/Src/stm32f4xx_hal_msp.o
 .debug_info    0x000041b9      0xfca ./Core/Src/stm32f4xx_it.o
 .debug_info    0x00005183      0x53e ./Core/Src/system_stm32f4xx.o
 .debug_info    0x000056c1      0xdef ./Core/Src/tim.o
 .debug_info    0x000064b0      0xb28 ./Core/Src/usart.o
 .debug_info    0x00006fd8       0x30 ./Core/Startup/startup_stm32f401retx.o
 .debug_info    0x00007008      0x8bb ./Drivers/STM32F4xx_HAL_Driver/Src/stm32f4xx_hal.o
 .debug_info    0x000078c3      0xcf6 ./Drivers/STM32F4xx_HAL_Driver/Src/stm32f4xx_hal_cortex.o
 .debug_info    0x000085b9      0x8e6 ./Drivers/STM32F4xx_HAL_Driver/Src/stm32f4xx_hal_dma.o
 .debug_info    0x00008e9f      0x6f9 ./Drivers/STM32F4xx_HAL_Driver/Src/stm32f4xx_hal_gpio.o
 .debug_info    0x00009598     0x2426 ./Drivers/STM32F4xx_HAL_Driver/Src/stm32f4xx_hal_i2c.o
 .debug_info    0x0000b9be      0x8f1 ./Drivers/STM32F4xx_HAL_Driver/Src/stm32f4xx_hal_rcc.o
 .debug_info    0x0000c2af      0x570 ./Drivers/STM32F4xx_HAL_Driver/Src/stm32f4xx_hal_rcc_ex.o
 .debug_info    0x0000c81f      0xc43 ./Drivers/STM32F4xx_HAL_Driver/Src/stm32f4xx_hal_rtc.o
 .debug_info    0x0000d462     0x1530 ./Drivers/STM32F4xx_HAL_Driver/Src/stm32f4xx_hal_spi.o
 .debug_info    0x0000e992     0x2996 ./Drivers/STM32F4xx_HAL_Driver/Src/stm32f4xx_hal_tim.o
 .debug_info    0x00011328     0x14d4 ./Drivers/STM32F4xx_HAL_Driver/Src/stm32f4xx_hal_tim_ex.o
 .debug_info    0x000127fc     0x2f56 ./Drivers/STM32F4xx_HAL_Driver/Src/stm32f4xx_hal_uart.o

.debug_abbrev   0x00000000     0x33e6
 .debug_abbrev  0x00000000      0x134 ./Core/Src/caliper.o
 .debug_abbrev  0x00000134      0x1f6 ./Core/Src/display7seg.o
 .debug_abbrev  0x0000032a      0x10e ./Core/Src/dma.o
 .debug_abbrev  0x00000438      0x173 ./Core/Src/gpio.o
 .debug_abbrev  0x000005ab      0x225 ./Core/Src/i2c.o
 .debug_abbrev  0x000007d0      0x2e5 ./Core/Src/main.o
 .debug_abbrev  0x00000ab5      0x198 ./Core/Src/rtc.o
 .debug_abbrev  0x00000c4d      0x22b ./Core/Src/spi.o
 .debug_abbrev  0x00000e78       0xd8 ./Core/Src/stm32f4xx_hal_msp.o
 .debug_abbrev  0x00000f50      0x1dc ./Core/Src/stm32f4xx_it.o
 .debug_abbrev  0x0000112c      0x11a ./Core/Src/system_stm32f4xx.o
 .debug_abbrev  0x00001246      0x23a ./Core/Src/tim.o
 .debug_abbrev  0x00001480      0x217 ./Core/Src/usart.o
 .debug_abbrev  0x00001697       0x24 ./Core/Startup/startup_stm32f401retx.o
 .debug_abbrev  0x000016bb      0x24b ./Drivers/STM32F4xx_HAL_Driver/Src/stm32f4xx_hal.o
 .debug_abbrev  0x00001906      0x31d ./Drivers/STM32F4xx_HAL_Driver/Src/stm32f4xx_hal_cortex.o
 .debug_abbrev  0x00001c23      0x221 ./Drivers/STM32F4xx_HAL_Driver/Src/stm32f4xx_hal_dma.o
 .debug_abbrev  0x00001e44      0x1d3 ./Drivers/STM32F4xx_HAL_Driver/Src/stm32f4xx_hal_gpio.o
 .debug_abbrev  0x00002017      0x2bc ./Drivers/STM32F4xx_HAL_Driver/Src/stm32f4xx_hal_i2c.o
 .debug_abbrev  0x000022d3      0x2b6 ./Drivers/STM32F4xx_HAL_Driver/Src/stm32f4xx_hal_rcc.o
 .debug_abbrev  0x00002589      0x1b0 ./Drivers/STM32F4xx_HAL_Driver/Src/stm32f4xx_hal_rcc_ex.o
 .debug_abbrev  0x00002739      0x1fb ./Drivers/STM32F4xx_HAL_Driver/Src/stm32f4xx_hal_rtc.o
 .debug_abbrev  0x00002934      0x276 ./Drivers/STM32F4xx_HAL_Driver/Src/stm32f4xx_hal_spi.o
 .debug_abbrev  0x00002baa      0x28b ./Drivers/STM32F4xx_HAL_Driver/Src/stm32f4xx_hal_tim.o
 .debug_abbrev  0x00002e35      0x296 ./Drivers/STM32F4xx_HAL_Driver/Src/stm32f4xx_hal_tim_ex.o
 .debug_abbrev  0x000030cb      0x31b ./Drivers/STM32F4xx_HAL_Driver/Src/stm32f4xx_hal_uart.o

.debug_aranges  0x00000000     0x13e0
 .debug_aranges
                0x00000000       0x48 ./Core/Src/caliper.o
 .debug_aranges
                0x00000048       0x60 ./Core/Src/display7seg.o
 .debug_aranges
                0x000000a8       0x20 ./Core/Src/dma.o
 .debug_aranges
                0x000000c8       0x20 ./Core/Src/gpio.o
 .debug_aranges
                0x000000e8       0x30 ./Core/Src/i2c.o
 .debug_aranges
                0x00000118       0x50 ./Core/Src/main.o
 .debug_aranges
                0x00000168       0x30 ./Core/Src/rtc.o
 .debug_aranges
                0x00000198       0x30 ./Core/Src/spi.o
 .debug_aranges
                0x000001c8       0x20 ./Core/Src/stm32f4xx_hal_msp.o
 .debug_aranges
                0x000001e8       0xb0 ./Core/Src/stm32f4xx_it.o
 .debug_aranges
                0x00000298       0x28 ./Core/Src/system_stm32f4xx.o
 .debug_aranges
                0x000002c0       0x50 ./Core/Src/tim.o
 .debug_aranges
                0x00000310       0x30 ./Core/Src/usart.o
 .debug_aranges
                0x00000340       0x28 ./Core/Startup/startup_stm32f401retx.o
 .debug_aranges
                0x00000368       0xf0 ./Drivers/STM32F4xx_HAL_Driver/Src/stm32f4xx_hal.o
 .debug_aranges
                0x00000458      0x130 ./Drivers/STM32F4xx_HAL_Driver/Src/stm32f4xx_hal_cortex.o
 .debug_aranges
                0x00000588       0x90 ./Drivers/STM32F4xx_HAL_Driver/Src/stm32f4xx_hal_dma.o
 .debug_aranges
                0x00000618       0x58 ./Drivers/STM32F4xx_HAL_Driver/Src/stm32f4xx_hal_gpio.o
 .debug_aranges
                0x00000670      0x2a8 ./Drivers/STM32F4xx_HAL_Driver/Src/stm32f4xx_hal_i2c.o
 .debug_aranges
                0x00000918       0x88 ./Drivers/STM32F4xx_HAL_Driver/Src/stm32f4xx_hal_rcc.o
 .debug_aranges
                0x000009a0       0x48 ./Drivers/STM32F4xx_HAL_Driver/Src/stm32f4xx_hal_rcc_ex.o
 .debug_aranges
                0x000009e8       0xe8 ./Drivers/STM32F4xx_HAL_Driver/Src/stm32f4xx_hal_rtc.o
 .debug_aranges
                0x00000ad0      0x1d0 ./Drivers/STM32F4xx_HAL_Driver/Src/stm32f4xx_hal_spi.o
 .debug_aranges
                0x00000ca0      0x3d0 ./Drivers/STM32F4xx_HAL_Driver/Src/stm32f4xx_hal_tim.o
 .debug_aranges
                0x00001070      0x168 ./Drivers/STM32F4xx_HAL_Driver/Src/stm32f4xx_hal_tim_ex.o
 .debug_aranges
                0x000011d8      0x208 ./Drivers/STM32F4xx_HAL_Driver/Src/stm32f4xx_hal_uart.o

.debug_rnglists
                0x00000000      0xfa1
 .debug_rnglists
                0x00000000       0x32 ./Core/Src/caliper.o
 .debug_rnglists
                0x00000032       0x48 ./Core/Src/display7seg.o
 .debug_rnglists
                0x0000007a       0x13 ./Core/Src/dma.o
 .debug_rnglists
                0x0000008d       0x14 ./Core/Src/gpio.o
 .debug_rnglists
                0x000000a1       0x20 ./Core/Src/i2c.o
 .debug_rnglists
                0x000000c1       0x51 ./Core/Src/main.o
 .debug_rnglists
                0x00000112       0x1f ./Core/Src/rtc.o
 .debug_rnglists
                0x00000131       0x20 ./Core/Src/spi.o
 .debug_rnglists
                0x00000151       0x13 ./Core/Src/stm32f4xx_hal_msp.o
 .debug_rnglists
                0x00000164       0x7f ./Core/Src/stm32f4xx_it.o
 .debug_rnglists
                0x000001e3       0x1a ./Core/Src/system_stm32f4xx.o
 .debug_rnglists
                0x000001fd       0x38 ./Core/Src/tim.o
 .debug_rnglists
                0x00000235       0x20 ./Core/Src/usart.o
 .debug_rnglists
                0x00000255       0x19 ./Core/Startup/startup_stm32f401retx.o
 .debug_rnglists
                0x0000026e       0xaf ./Drivers/STM32F4xx_HAL_Driver/Src/stm32f4xx_hal.o
 .debug_rnglists
                0x0000031d       0xe0 ./Drivers/STM32F4xx_HAL_Driver/Src/stm32f4xx_hal_cortex.o
 .debug_rnglists
                0x000003fd       0x70 ./Drivers/STM32F4xx_HAL_Driver/Src/stm32f4xx_hal_dma.o
 .debug_rnglists
                0x0000046d       0x3f ./Drivers/STM32F4xx_HAL_Driver/Src/stm32f4xx_hal_gpio.o
 .debug_rnglists
                0x000004ac      0x23c ./Drivers/STM32F4xx_HAL_Driver/Src/stm32f4xx_hal_i2c.o
 .debug_rnglists
                0x000006e8       0x66 ./Drivers/STM32F4xx_HAL_Driver/Src/stm32f4xx_hal_rcc.o
 .debug_rnglists
                0x0000074e       0x35 ./Drivers/STM32F4xx_HAL_Driver/Src/stm32f4xx_hal_rcc_ex.o
 .debug_rnglists
                0x00000783       0xb4 ./Drivers/STM32F4xx_HAL_Driver/Src/stm32f4xx_hal_rtc.o
 .debug_rnglists
                0x00000837      0x16f ./Drivers/STM32F4xx_HAL_Driver/Src/stm32f4xx_hal_spi.o
 .debug_rnglists
                0x000009a6      0x31a ./Drivers/STM32F4xx_HAL_Driver/Src/stm32f4xx_hal_tim.o
 .debug_rnglists
                0x00000cc0      0x125 ./Drivers/STM32F4xx_HAL_Driver/Src/stm32f4xx_hal_tim_ex.o
 .debug_rnglists
                0x00000de5      0x1bc ./Drivers/STM32F4xx_HAL_Driver/Src/stm32f4xx_hal_uart.o

.debug_macro    0x00000000    0x18d8f
 .debug_macro   0x00000000       0x7c ./Core/Src/caliper.o
 .debug_macro   0x0000007c      0xad8 ./Core/Src/caliper.o
 .debug_macro   0x00000b54       0x22 ./Core/Src/caliper.o
 .debug_macro   0x00000b76       0x8e ./Core/Src/caliper.o
 .debug_macro   0x00000c04       0x51 ./Core/Src/caliper.o
 .debug_macro   0x00000c55      0x103 ./Core/Src/caliper.o
 .debug_macro   0x00000d58       0x6a ./Core/Src/caliper.o
 .debug_macro   0x00000dc2      0x1df ./Core/Src/caliper.o
 .debug_macro   0x00000fa1       0x22 ./Core/Src/caliper.o
 .debug_macro   0x00000fc3      0x342 ./Core/Src/display7seg.o
 .debug_macro   0x00001305       0x3a ./Core/Src/display7seg.o
 .debug_macro   0x0000133f      0x2ad ./Core/Src/display7seg.o
 .debug_macro   0x000015ec       0x2e ./Core/Src/display7seg.o
 .debug_macro   0x0000161a       0x28 ./Core/Src/display7seg.o
 .debug_macro   0x00001642       0x1c ./Core/Src/display7seg.o
 .debug_macro   0x0000165e       0x22 ./Core/Src/display7seg.o
 .debug_macro   0x00001680       0xfb ./Core/Src/display7seg.o
 .debug_macro   0x0000177b     0x1011 ./Core/Src/display7seg.o
 .debug_macro   0x0000278c      0x11f ./Core/Src/display7seg.o
 .debug_macro   0x000028ab     0xb86c ./Core/Src/display7seg.o
 .debug_macro   0x0000e117       0x6d ./Core/Src/display7seg.o
 .debug_macro   0x0000e184     0x369a ./Core/Src/display7seg.o
 .debug_macro   0x0001181e      0x190 ./Core/Src/display7seg.o
 .debug_macro   0x000119ae       0x5c ./Core/Src/display7seg.o
 .debug_macro   0x00011a0a      0x416 ./Core/Src/display7seg.o
 .debug_macro   0x00011e20      0x9e9 ./Core/Src/display7seg.o
 .debug_macro   0x00012809      0x115 ./Core/Src/display7seg.o
 .debug_macro   0x0001291e       0xf8 ./Core/Src/display7seg.o
 .debug_macro   0x00012a16       0xa5 ./Core/Src/display7seg.o
 .debug_macro   0x00012abb      0x15f ./Core/Src/display7seg.o
 .debug_macro   0x00012c1a      0x287 ./Core/Src/display7seg.o
 .debug_macro   0x00012ea1       0x5f ./Core/Src/display7seg.o
 .debug_macro   0x00012f00      0x236 ./Core/Src/display7seg.o
 .debug_macro   0x00013136      0x132 ./Core/Src/display7seg.o
 .debug_macro   0x00013268      0x264 ./Core/Src/display7seg.o
 .debug_macro   0x000134cc       0x2e ./Core/Src/display7seg.o
 .debug_macro   0x000134fa      0x1b5 ./Core/Src/display7seg.o
 .debug_macro   0x000136af       0x22 ./Core/Src/display7seg.o
 .debug_macro   0x000136d1       0xd6 ./Core/Src/display7seg.o
 .debug_macro   0x000137a7      0x127 ./Core/Src/display7seg.o
 .debug_macro   0x000138ce       0x85 ./Core/Src/display7seg.o
 .debug_macro   0x00013953       0x89 ./Core/Src/display7seg.o
 .debug_macro   0x000139dc      0x305 ./Core/Src/display7seg.o
 .debug_macro   0x00013ce1      0x429 ./Core/Src/display7seg.o
 .debug_macro   0x0001410a       0xeb ./Core/Src/display7seg.o
 .debug_macro   0x000141f5      0x225 ./Core/Src/display7seg.o
 .debug_macro   0x0001441a      0x8ed ./Core/Src/display7seg.o
 .debug_macro   0x00014d07       0x47 ./Core/Src/display7seg.o
 .debug_macro   0x00014d4e      0x2aa ./Core/Src/display7seg.o
 .debug_macro   0x00014ff8      0x126 ./Core/Src/display7seg.o
 .debug_macro   0x0001511e       0x3a ./Core/Src/display7seg.o
 .debug_macro   0x00015158       0x61 ./Core/Src/display7seg.o
 .debug_macro   0x000151b9       0x2a ./Core/Src/display7seg.o
 .debug_macro   0x000151e3       0x43 ./Core/Src/display7seg.o
 .debug_macro   0x00015226       0x34 ./Core/Src/display7seg.o
 .debug_macro   0x0001525a      0x370 ./Core/Src/display7seg.o
 .debug_macro   0x000155ca       0x16 ./Core/Src/display7seg.o
 .debug_macro   0x000155e0       0x4a ./Core/Src/display7seg.o
 .debug_macro   0x0001562a       0x34 ./Core/Src/display7seg.o
 .debug_macro   0x0001565e       0x10 ./Core/Src/display7seg.o
 .debug_macro   0x0001566e       0x58 ./Core/Src/display7seg.o
 .debug_macro   0x000156c6       0x8e ./Core/Src/display7seg.o
 .debug_macro   0x00015754       0x1c ./Core/Src/display7seg.o
 .debug_macro   0x00015770      0x185 ./Core/Src/display7seg.o
 .debug_macro   0x000158f5       0x10 ./Core/Src/display7seg.o
 .debug_macro   0x00015905       0x3c ./Core/Src/display7seg.o
 .debug_macro   0x00015941       0x20 ./Core/Src/display7seg.o
 .debug_macro   0x00015961       0x1c ./Core/Src/display7seg.o
 .debug_macro   0x0001597d       0x10 ./Core/Src/display7seg.o
 .debug_macro   0x0001598d       0x1c ./Core/Src/display7seg.o
 .debug_macro   0x000159a9       0x16 ./Core/Src/display7seg.o
 .debug_macro   0x000159bf      0x146 ./Core/Src/display7seg.o
 .debug_macro   0x00015b05      0x223 ./Core/Src/dma.o
 .debug_macro   0x00015d28      0x223 ./Core/Src/gpio.o
 .debug_macro   0x00015f4b      0x223 ./Core/Src/i2c.o
 .debug_macro   0x0001616e      0x37b ./Core/Src/main.o
 .debug_macro   0x000164e9       0x40 ./Core/Src/main.o
 .debug_macro   0x00016529       0x16 ./Core/Src/main.o
 .debug_macro   0x0001653f       0x16 ./Core/Src/main.o
 .debug_macro   0x00016555      0x223 ./Core/Src/rtc.o
 .debug_macro   0x00016778      0x223 ./Core/Src/spi.o
 .debug_macro   0x0001699b      0x219 ./Core/Src/stm32f4xx_hal_msp.o
 .debug_macro   0x00016bb4      0x223 ./Core/Src/stm32f4xx_it.o
 .debug_macro   0x00016dd7      0x20a ./Core/Src/system_stm32f4xx.o
 .debug_macro   0x00016fe1      0x223 ./Core/Src/tim.o
 .debug_macro   0x00017204      0x223 ./Core/Src/usart.o
 .debug_macro   0x00017427      0x26a ./Drivers/STM32F4xx_HAL_Driver/Src/stm32f4xx_hal.o
 .debug_macro   0x00017691      0x20a ./Drivers/STM32F4xx_HAL_Driver/Src/stm32f4xx_hal_cortex.o
 .debug_macro   0x0001789b      0x210 ./Drivers/STM32F4xx_HAL_Driver/Src/stm32f4xx_hal_dma.o
 .debug_macro   0x00017aab      0x210 ./Drivers/STM32F4xx_HAL_Driver/Src/stm32f4xx_hal_gpio.o
 .debug_macro   0x00017cbb      0x258 ./Drivers/STM32F4xx_HAL_Driver/Src/stm32f4xx_hal_i2c.o
 .debug_macro   0x00017f13      0x22e ./Drivers/STM32F4xx_HAL_Driver/Src/stm32f4xx_hal_rcc.o
 .debug_macro   0x00018141      0x20a ./Drivers/STM32F4xx_HAL_Driver/Src/stm32f4xx_hal_rcc_ex.o
 .debug_macro   0x0001834b      0x20b ./Drivers/STM32F4xx_HAL_Driver/Src/stm32f4xx_hal_rtc.o
 .debug_macro   0x00018556      0x219 ./Drivers/STM32F4xx_HAL_Driver/Src/stm32f4xx_hal_spi.o
 .debug_macro   0x0001876f      0x20b ./Drivers/STM32F4xx_HAL_Driver/Src/stm32f4xx_hal_tim.o
 .debug_macro   0x0001897a      0x20a ./Drivers/STM32F4xx_HAL_Driver/Src/stm32f4xx_hal_tim_ex.o
 .debug_macro   0x00018b84      0x20b ./Drivers/STM32F4xx_HAL_Driver/Src/stm32f4xx_hal_uart.o

.debug_line     0x00000000    0x19e4d
 .debug_line    0x00000000      0x544 ./Core/Src/caliper.o
 .debug_line    0x00000544      0xc65 ./Core/Src/display7seg.o
 .debug_line    0x000011a9      0x7bf ./Core/Src/dma.o
 .debug_line    0x00001968      0x7f3 ./Core/Src/gpio.o
 .debug_line    0x0000215b      0x889 ./Core/Src/i2c.o
 .debug_line    0x000029e4      0xacf ./Core/Src/main.o
 .debug_line    0x000034b3      0x829 ./Core/Src/rtc.o
 .debug_line    0x00003cdc      0x874 ./Core/Src/spi.o
 .debug_line    0x00004550      0x7bf ./Core/Src/stm32f4xx_hal_msp.o
 .debug_line    0x00004d0f      0x95e ./Core/Src/stm32f4xx_it.o
 .debug_line    0x0000566d      0x844 ./Core/Src/system_stm32f4xx.o
 .debug_line    0x00005eb1      0x8e3 ./Core/Src/tim.o
 .debug_line    0x00006794      0x830 ./Core/Src/usart.o
 .debug_line    0x00006fc4       0x7a ./Core/Startup/startup_stm32f401retx.o
 .debug_line    0x0000703e      0xab1 ./Drivers/STM32F4xx_HAL_Driver/Src/stm32f4xx_hal.o
 .debug_line    0x00007aef      0xd81 ./Drivers/STM32F4xx_HAL_Driver/Src/stm32f4xx_hal_cortex.o
 .debug_line    0x00008870     0x101d ./Drivers/STM32F4xx_HAL_Driver/Src/stm32f4xx_hal_dma.o
 .debug_line    0x0000988d      0xbcd ./Drivers/STM32F4xx_HAL_Driver/Src/stm32f4xx_hal_gpio.o
 .debug_line    0x0000a45a     0x3b63 ./Drivers/STM32F4xx_HAL_Driver/Src/stm32f4xx_hal_i2c.o
 .debug_line    0x0000dfbd      0xebe ./Drivers/STM32F4xx_HAL_Driver/Src/stm32f4xx_hal_rcc.o
 .debug_line    0x0000ee7b      0xb3a ./Drivers/STM32F4xx_HAL_Driver/Src/stm32f4xx_hal_rcc_ex.o
 .debug_line    0x0000f9b5     0x11ee ./Drivers/STM32F4xx_HAL_Driver/Src/stm32f4xx_hal_rtc.o
 .debug_line    0x00010ba3     0x1d46 ./Drivers/STM32F4xx_HAL_Driver/Src/stm32f4xx_hal_spi.o
 .debug_line    0x000128e9     0x35f8 ./Drivers/STM32F4xx_HAL_Driver/Src/stm32f4xx_hal_tim.o
 .debug_line    0x00015ee1     0x19ac ./Drivers/STM32F4xx_HAL_Driver/Src/stm32f4xx_hal_tim_ex.o
 .debug_line    0x0001788d     0x25c0 ./Drivers/STM32F4xx_HAL_Driver/Src/stm32f4xx_hal_uart.o

.debug_str      0x00000000    0x97d0b
 .debug_str     0x00000000    0x97d0b ./Core/Src/caliper.o
                               0x3ef3 (size before relaxing)
 .debug_str     0x00097d0b    0x926b1 ./Core/Src/display7seg.o
 .debug_str     0x00097d0b    0x8f0c2 ./Core/Src/dma.o
 .debug_str     0x00097d0b    0x8f190 ./Core/Src/gpio.o
 .debug_str     0x00097d0b    0x8f70e ./Core/Src/i2c.o
 .debug_str     0x00097d0b    0x9320d ./Core/Src/main.o
 .debug_str     0x00097d0b    0x8ef4c ./Core/Src/rtc.o
 .debug_str     0x00097d0b    0x8f659 ./Core/Src/spi.o
 .debug_str     0x00097d0b    0x8ed07 ./Core/Src/stm32f4xx_hal_msp.o
 .debug_str     0x00097d0b    0x8f97b ./Core/Src/stm32f4xx_it.o
 .debug_str     0x00097d0b    0x8ecdb ./Core/Src/system_stm32f4xx.o
 .debug_str     0x00097d0b    0x8f898 ./Core/Src/tim.o
 .debug_str     0x00097d0b    0x8f661 ./Core/Src/usart.o
 .debug_str     0x00097d0b       0x63 ./Core/Startup/startup_stm32f401retx.o
 .debug_str     0x00097d0b    0x8f6fd ./Drivers/STM32F4xx_HAL_Driver/Src/stm32f4xx_hal.o
 .debug_str     0x00097d0b    0x8f467 ./Drivers/STM32F4xx_HAL_Driver/Src/stm32f4xx_hal_cortex.o
 .debug_str     0x00097d0b    0x8f0e3 ./Drivers/STM32F4xx_HAL_Driver/Src/stm32f4xx_hal_dma.o
 .debug_str     0x00097d0b    0x8ee56 ./Drivers/STM32F4xx_HAL_Driver/Src/stm32f4xx_hal_gpio.o
 .debug_str     0x00097d0b    0x8fcec ./Drivers/STM32F4xx_HAL_Driver/Src/stm32f4xx_hal_i2c.o
 .debug_str     0x00097d0b    0x8f10f ./Drivers/STM32F4xx_HAL_Driver/Src/stm32f4xx_hal_rcc.o
 .debug_str     0x00097d0b    0x8ee3e ./Drivers/STM32F4xx_HAL_Driver/Src/stm32f4xx_hal_rcc_ex.o
 .debug_str     0x00097d0b    0x8f138 ./Drivers/STM32F4xx_HAL_Driver/Src/stm32f4xx_hal_rtc.o
 .debug_str     0x00097d0b    0x8f587 ./Drivers/STM32F4xx_HAL_Driver/Src/stm32f4xx_hal_spi.o
 .debug_str     0x00097d0b    0x90053 ./Drivers/STM32F4xx_HAL_Driver/Src/stm32f4xx_hal_tim.o
 .debug_str     0x00097d0b    0x8f85f ./Drivers/STM32F4xx_HAL_Driver/Src/stm32f4xx_hal_tim_ex.o
 .debug_str     0x00097d0b    0x8f6de ./Drivers/STM32F4xx_HAL_Driver/Src/stm32f4xx_hal_uart.o

.comment        0x00000000       0x43
 .comment       0x00000000       0x43 ./Core/Src/caliper.o
                                 0x44 (size before relaxing)
 .comment       0x00000043       0x44 ./Core/Src/display7seg.o
 .comment       0x00000043       0x44 ./Core/Src/dma.o
 .comment       0x00000043       0x44 ./Core/Src/gpio.o
 .comment       0x00000043       0x44 ./Core/Src/i2c.o
 .comment       0x00000043       0x44 ./Core/Src/main.o
 .comment       0x00000043       0x44 ./Core/Src/rtc.o
 .comment       0x00000043       0x44 ./Core/Src/spi.o
 .comment       0x00000043       0x44 ./Core/Src/stm32f4xx_hal_msp.o
 .comment       0x00000043       0x44 ./Core/Src/stm32f4xx_it.o
 .comment       0x00000043       0x44 ./Core/Src/system_stm32f4xx.o
 .comment       0x00000043       0x44 ./Core/Src/tim.o
 .comment       0x00000043       0x44 ./Core/Src/usart.o
 .comment       0x00000043       0x44 ./Drivers/STM32F4xx_HAL_Driver/Src/stm32f4xx_hal.o
 .comment       0x00000043       0x44 ./Drivers/STM32F4xx_HAL_Driver/Src/stm32f4xx_hal_cortex.o
 .comment       0x00000043       0x44 ./Drivers/STM32F4xx_HAL_Driver/Src/stm32f4xx_hal_dma.o
 .comment       0x00000043       0x44 ./Drivers/STM32F4xx_HAL_Driver/Src/stm32f4xx_hal_gpio.o
 .comment       0x00000043       0x44 ./Drivers/STM32F4xx_HAL_Driver/Src/stm32f4xx_hal_i2c.o
 .comment       0x00000043       0x44 ./Drivers/STM32F4xx_HAL_Driver/Src/stm32f4xx_hal_rcc.o
 .comment       0x00000043       0x44 ./Drivers/STM32F4xx_HAL_Driver/Src/stm32f4xx_hal_rcc_ex.o
 .comment       0x00000043       0x44 ./Drivers/STM32F4xx_HAL_Driver/Src/stm32f4xx_hal_rtc.o
 .comment       0x00000043       0x44 ./Drivers/STM32F4xx_HAL_Driver/Src/stm32f4xx_hal_spi.o
 .comment       0x00000043       0x44 ./Drivers/STM32F4xx_HAL_Driver/Src/stm32f4xx_hal_tim.o
 .comment       0x00000043       0x44 ./Drivers/STM32F4xx_HAL_Driver/Src/stm32f4xx_hal_tim_ex.o
 .comment       0x00000043       0x44 ./Drivers/STM32F4xx_HAL_Driver/Src/stm32f4xx_hal_uart.o

.debug_frame    0x00000000     0x52d0
 .debug_frame   0x00000000      0x100 ./Core/Src/caliper.o
 .debug_frame   0x00000100      0x15c ./Core/Src/display7seg.o
 .debug_frame   0x0000025c       0x34 ./Core/Src/dma.o
 .debug_frame   0x00000290       0x34 ./Core/Src/gpio.o
 .debug_frame   0x000002c4       0x74 ./Core/Src/i2c.o
 .debug_frame   0x00000338       0xfc ./Core/Src/main.o
 .debug_frame   0x00000434       0x78 ./Core/Src/rtc.o
 .debug_frame   0x000004ac       0x74 ./Core/Src/spi.o
 .debug_frame   0x00000520       0x38 ./Core/Src/stm32f4xx_hal_msp.o
 .debug_frame   0x00000558      0x21c ./Core/Src/stm32f4xx_it.o
 .debug_frame   0x00000774       0x58 ./Core/Src/system_stm32f4xx.o
 .debug_frame   0x000007cc      0x104 ./Core/Src/tim.o
 .debug_frame   0x000008d0       0x74 ./Core/Src/usart.o
 .debug_frame   0x00000944      0x374 ./Drivers/STM32F4xx_HAL_Driver/Src/stm32f4xx_hal.o
 .debug_frame   0x00000cb8      0x508 ./Drivers/STM32F4xx_HAL_Driver/Src/stm32f4xx_hal_cortex.o
 .debug_frame   0x000011c0      0x250 ./Drivers/STM32F4xx_HAL_Driver/Src/stm32f4xx_hal_dma.o
 .debug_frame   0x00001410      0x14c ./Drivers/STM32F4xx_HAL_Driver/Src/stm32f4xx_hal_gpio.o
 .debug_frame   0x0000155c      0xc84 ./Drivers/STM32F4xx_HAL_Driver/Src/stm32f4xx_hal_i2c.o
 .debug_frame   0x000021e0      0x1f4 ./Drivers/STM32F4xx_HAL_Driver/Src/stm32f4xx_hal_rcc.o
 .debug_frame   0x000023d4       0xf0 ./Drivers/STM32F4xx_HAL_Driver/Src/stm32f4xx_hal_rcc_ex.o
 .debug_frame   0x000024c4      0x3f4 ./Drivers/STM32F4xx_HAL_Driver/Src/stm32f4xx_hal_rtc.o
 .debug_frame   0x000028b8      0x828 ./Drivers/STM32F4xx_HAL_Driver/Src/stm32f4xx_hal_spi.o
 .debug_frame   0x000030e0     0x11b8 ./Drivers/STM32F4xx_HAL_Driver/Src/stm32f4xx_hal_tim.o
 .debug_frame   0x00004298      0x638 ./Drivers/STM32F4xx_HAL_Driver/Src/stm32f4xx_hal_tim_ex.o
 .debug_frame   0x000048d0      0x954 ./Drivers/STM32F4xx_HAL_Driver/Src/stm32f4xx_hal_uart.o
 .debug_frame   0x00005224       0x20 C:/ST/STM32CubeIDE_1.16.1/STM32CubeIDE/plugins/com.st.stm32cube.ide.mcu.externaltools.gnu-tools-for-stm32.13.3.rel1.win32_1.0.0.202411081344/tools/bin/../lib/gcc/arm-none-eabi/13.3.1/../../../../arm-none-eabi/lib/thumb/v7e-m+fp/hard\libc_nano.a(libc_a-memset.o)
 .debug_frame   0x00005244       0x2c C:/ST/STM32CubeIDE_1.16.1/STM32CubeIDE/plugins/com.st.stm32cube.ide.mcu.externaltools.gnu-tools-for-stm32.13.3.rel1.win32_1.0.0.202411081344/tools/bin/../lib/gcc/arm-none-eabi/13.3.1/../../../../arm-none-eabi/lib/thumb/v7e-m+fp/hard\libc_nano.a(libc_a-init.o)
 .debug_frame   0x00005270       0x2c C:/ST/STM32CubeIDE_1.16.1/STM32CubeIDE/plugins/com.st.stm32cube.ide.mcu.externaltools.gnu-tools-for-stm32.13.3.rel1.win32_1.0.0.202411081344/tools/bin/../lib/gcc/arm-none-eabi/13.3.1/thumb/v7e-m+fp/hard\libgcc.a(_aeabi_uldivmod.o)
 .debug_frame   0x0000529c       0x34 C:/ST/STM32CubeIDE_1.16.1/STM32CubeIDE/plugins/com.st.stm32cube.ide.mcu.externaltools.gnu-tools-for-stm32.13.3.rel1.win32_1.0.0.202411081344/tools/bin/../lib/gcc/arm-none-eabi/13.3.1/thumb/v7e-m+fp/hard\libgcc.a(_udivmoddi4.o)

.debug_line_str
                0x00000000       0x47
 .debug_line_str
                0x00000000       0x47 ./Core/Startup/startup_stm32f401retx.o
