Archive member included to satisfy reference by file (symbol)

C:/ST/STM32CubeIDE_1.16.1/STM32CubeIDE/plugins/com.st.stm32cube.ide.mcu.externaltools.gnu-tools-for-stm32.13.3.rel1.win32_1.0.0.202411081344/tools/bin/../lib/gcc/arm-none-eabi/13.3.1/../../../../arm-none-eabi/lib/thumb/v7e-m+fp/hard\libc_nano.a(libc_a-exit.o)
                              C:/ST/STM32CubeIDE_1.16.1/STM32CubeIDE/plugins/com.st.stm32cube.ide.mcu.externaltools.gnu-tools-for-stm32.13.3.rel1.win32_1.0.0.202411081344/tools/bin/../lib/gcc/arm-none-eabi/13.3.1/../../../../arm-none-eabi/lib/thumb/v7e-m+fp/hard/crt0.o (exit)
C:/ST/STM32CubeIDE_1.16.1/STM32CubeIDE/plugins/com.st.stm32cube.ide.mcu.externaltools.gnu-tools-for-stm32.13.3.rel1.win32_1.0.0.202411081344/tools/bin/../lib/gcc/arm-none-eabi/13.3.1/../../../../arm-none-eabi/lib/thumb/v7e-m+fp/hard\libc_nano.a(libc_a-findfp.o)
                              C:/ST/STM32CubeIDE_1.16.1/STM32CubeIDE/plugins/com.st.stm32cube.ide.mcu.externaltools.gnu-tools-for-stm32.13.3.rel1.win32_1.0.0.202411081344/tools/bin/../lib/gcc/arm-none-eabi/13.3.1/../../../../arm-none-eabi/lib/thumb/v7e-m+fp/hard\libc_nano.a(libc_a-exit.o) (__stdio_exit_handler)
C:/ST/STM32CubeIDE_1.16.1/STM32CubeIDE/plugins/com.st.stm32cube.ide.mcu.externaltools.gnu-tools-for-stm32.13.3.rel1.win32_1.0.0.202411081344/tools/bin/../lib/gcc/arm-none-eabi/13.3.1/../../../../arm-none-eabi/lib/thumb/v7e-m+fp/hard\libc_nano.a(libc_a-fwalk.o)
                              C:/ST/STM32CubeIDE_1.16.1/STM32CubeIDE/plugins/com.st.stm32cube.ide.mcu.externaltools.gnu-tools-for-stm32.13.3.rel1.win32_1.0.0.202411081344/tools/bin/../lib/gcc/arm-none-eabi/13.3.1/../../../../arm-none-eabi/lib/thumb/v7e-m+fp/hard\libc_nano.a(libc_a-findfp.o) (_fwalk_sglue)
C:/ST/STM32CubeIDE_1.16.1/STM32CubeIDE/plugins/com.st.stm32cube.ide.mcu.externaltools.gnu-tools-for-stm32.13.3.rel1.win32_1.0.0.202411081344/tools/bin/../lib/gcc/arm-none-eabi/13.3.1/../../../../arm-none-eabi/lib/thumb/v7e-m+fp/hard\libc_nano.a(libc_a-stdio.o)
                              C:/ST/STM32CubeIDE_1.16.1/STM32CubeIDE/plugins/com.st.stm32cube.ide.mcu.externaltools.gnu-tools-for-stm32.13.3.rel1.win32_1.0.0.202411081344/tools/bin/../lib/gcc/arm-none-eabi/13.3.1/../../../../arm-none-eabi/lib/thumb/v7e-m+fp/hard\libc_nano.a(libc_a-findfp.o) (__sread)
C:/ST/STM32CubeIDE_1.16.1/STM32CubeIDE/plugins/com.st.stm32cube.ide.mcu.externaltools.gnu-tools-for-stm32.13.3.rel1.win32_1.0.0.202411081344/tools/bin/../lib/gcc/arm-none-eabi/13.3.1/../../../../arm-none-eabi/lib/thumb/v7e-m+fp/hard\libc_nano.a(libc_a-memset.o)
                              C:/ST/STM32CubeIDE_1.16.1/STM32CubeIDE/plugins/com.st.stm32cube.ide.mcu.externaltools.gnu-tools-for-stm32.13.3.rel1.win32_1.0.0.202411081344/tools/bin/../lib/gcc/arm-none-eabi/13.3.1/../../../../arm-none-eabi/lib/thumb/v7e-m+fp/hard/crt0.o (memset)
C:/ST/STM32CubeIDE_1.16.1/STM32CubeIDE/plugins/com.st.stm32cube.ide.mcu.externaltools.gnu-tools-for-stm32.13.3.rel1.win32_1.0.0.202411081344/tools/bin/../lib/gcc/arm-none-eabi/13.3.1/../../../../arm-none-eabi/lib/thumb/v7e-m+fp/hard\libc_nano.a(libc_a-closer.o)
                              C:/ST/STM32CubeIDE_1.16.1/STM32CubeIDE/plugins/com.st.stm32cube.ide.mcu.externaltools.gnu-tools-for-stm32.13.3.rel1.win32_1.0.0.202411081344/tools/bin/../lib/gcc/arm-none-eabi/13.3.1/../../../../arm-none-eabi/lib/thumb/v7e-m+fp/hard\libc_nano.a(libc_a-stdio.o) (_close_r)
C:/ST/STM32CubeIDE_1.16.1/STM32CubeIDE/plugins/com.st.stm32cube.ide.mcu.externaltools.gnu-tools-for-stm32.13.3.rel1.win32_1.0.0.202411081344/tools/bin/../lib/gcc/arm-none-eabi/13.3.1/../../../../arm-none-eabi/lib/thumb/v7e-m+fp/hard\libc_nano.a(libc_a-reent.o)
                              C:/ST/STM32CubeIDE_1.16.1/STM32CubeIDE/plugins/com.st.stm32cube.ide.mcu.externaltools.gnu-tools-for-stm32.13.3.rel1.win32_1.0.0.202411081344/tools/bin/../lib/gcc/arm-none-eabi/13.3.1/../../../../arm-none-eabi/lib/thumb/v7e-m+fp/hard\libc_nano.a(libc_a-closer.o) (errno)
C:/ST/STM32CubeIDE_1.16.1/STM32CubeIDE/plugins/com.st.stm32cube.ide.mcu.externaltools.gnu-tools-for-stm32.13.3.rel1.win32_1.0.0.202411081344/tools/bin/../lib/gcc/arm-none-eabi/13.3.1/../../../../arm-none-eabi/lib/thumb/v7e-m+fp/hard\libc_nano.a(libc_a-impure.o)
                              C:/ST/STM32CubeIDE_1.16.1/STM32CubeIDE/plugins/com.st.stm32cube.ide.mcu.externaltools.gnu-tools-for-stm32.13.3.rel1.win32_1.0.0.202411081344/tools/bin/../lib/gcc/arm-none-eabi/13.3.1/../../../../arm-none-eabi/lib/thumb/v7e-m+fp/hard\libc_nano.a(libc_a-reent.o) (_impure_ptr)
C:/ST/STM32CubeIDE_1.16.1/STM32CubeIDE/plugins/com.st.stm32cube.ide.mcu.externaltools.gnu-tools-for-stm32.13.3.rel1.win32_1.0.0.202411081344/tools/bin/../lib/gcc/arm-none-eabi/13.3.1/../../../../arm-none-eabi/lib/thumb/v7e-m+fp/hard\libc_nano.a(libc_a-lseekr.o)
[...]
Memory Configuration

Name             Origin             Length             Attributes
RAM              0x20000000         0x00018000         xrw
FLASH            0x08000000         0x00080000         xr
*default*        0x00000000         0xffffffff

Linker script and memory map

LOAD C:/ST/STM32CubeIDE_1.16.1/STM32CubeIDE/plugins/com.st.stm32cube.ide.mcu.externaltools.gnu-tools-for-stm32.13.3.rel1.win32_1.0.0.202411081344/tools/bin/../lib/gcc/arm-none-eabi/13.3.1/thumb/v7e-m+fp/hard/crti.o
LOAD C:/ST/STM32CubeIDE_1.16.1/STM32CubeIDE/plugins/com.st.stm32cube.ide.mcu.externaltools.gnu-tools-for-stm32.13.3.rel1.win32_1.0.0.202411081344/tools/bin/../lib/gcc/arm-none-eabi/13.3.1/thumb/v7e-m+fp/hard/crtbegin.o
LOAD C:/ST/STM32CubeIDE_1.16.1/STM32CubeIDE/plugins/com.st.stm32cube.ide.mcu.externaltools.gnu-tools-for-stm32.13.3.rel1.win32_1.0.0.202411081344/tools/bin/../lib/gcc/arm-none-eabi/13.3.1/../../../../arm-none-eabi/lib/thumb/v7e-m+fp/hard/crt0.o
LOAD ./Core/Src/caliper.o
LOAD ./Core/Src/display7seg.o
LOAD ./Core/Src/dma.o
LOAD ./Core/Src/gpio.o
LOAD ./Core/Src/main.o
LOAD ./Core/Src/sht31_int.o
LOAD ./Core/Src/spi.o
LOAD ./Core/Src/stm32f4xx_hal_msp.o
LOAD ./Core/Src/stm32f4xx_it.o
LOAD ./Core/Src/syscalls.o
LOAD ./Core/Src/sysmem.o
LOAD ./Core/Src/system_stm32f4xx.o
LOAD ./Core/Src/tim.o
LOAD ./Core/Startup/startup_stm32f401retx.o
LOAD ./Drivers/STM32F4xx_HAL_Driver/Src/stm32f4xx_hal.o
LOAD ./Drivers/STM32F4xx_HAL_Driver/Src/stm32f4xx_hal_cortex.o
LOAD ./Drivers/STM32F4xx_HAL_Driver/Src/stm32f4xx_hal_dma.o
LOAD ./Drivers/STM32F4xx_HAL_Driver/Src/stm32f4xx_hal_dma_ex.o
LOAD ./Drivers/STM32F4xx_HAL_Driver/Src/stm32f4xx_hal_exti.o
LOAD ./Drivers/STM32F4xx_HAL_Driver/Src/stm32f4xx_hal_flash.o
LOAD ./Drivers/STM32F4xx_HAL_Driver/Src/stm32f4xx_hal_flash_ex.o
LOAD ./Drivers/STM32F4xx_HAL_Driver/Src/stm32f4xx_hal_flash_ramfunc.o
LOAD ./Drivers/STM32F4xx_HAL_Driver/Src/stm32f4xx_hal_gpio.o
LOAD ./Drivers/STM32F4xx_HAL_Driver/Src/stm32f4xx_hal_pwr.o
LOAD ./Drivers/STM32F4xx_HAL_Driver/Src/stm32f4xx_hal_pwr_ex.o
LOAD ./Drivers/STM32F4xx_HAL_Driver/Src/stm32f4xx_hal_rcc.o
LOAD ./Drivers/STM32F4xx_HAL_Driver/Src/stm32f4xx_hal_rcc_ex.o
LOAD ./Drivers/STM32F4xx_HAL_Driver/Src/stm32f4xx_hal_spi.o
LOAD ./Drivers/STM32F4xx_HAL_Driver/Src/stm32f4xx_hal_tim.o
LOAD ./Drivers/STM32F4xx_HAL_Driver/Src/stm32f4xx_hal_tim_ex.o
START GROUP
LOAD C:/ST/STM32CubeIDE_1.16.1/STM32CubeIDE/plugins/com.st.stm32cube.ide.mcu.externaltools.gnu-tools-for-stm32.13.3.rel1.win32_1.0.0.202411081344/tools/bin/../lib/gcc/arm-none-eabi/13.3.1/../../../../arm-none-eabi/lib/thumb/v7e-m+fp/hard\libc_nano.a
LOAD C:/ST/STM32CubeIDE_1.16.1/STM32CubeIDE/plugins/com.st.stm32cube.ide.mcu.externaltools.gnu-tools-for-stm32.13.3.rel1.win32_1.0.0.202411081344/tools/bin/../lib/gcc/arm-none-eabi/13.3.1/../../../../arm-none-eabi/lib/thumb/v7e-m+fp/hard\libm.a
END GROUP
START GROUP
LOAD C:/ST/STM32CubeIDE_1.16.1/STM32CubeIDE/plugins/com.st.stm32cube.ide.mcu.externaltools.gnu-tools-for-stm32.13.3.rel1.win32_1.0.0.202411081344/tools/bin/../lib/gcc/arm-none-eabi/13.3.1/thumb/v7e-m+fp/hard\libgcc.a
LOAD C:/ST/STM32CubeIDE_1.16.1/STM32CubeIDE/plugins/com.st.stm32cube.ide.mcu.externaltools.gnu-tools-for-stm32.13.3.rel1.win32_1.0.0.202411081344/tools/bin/../lib/gcc/arm-none-eabi/13.3.1/../../../../arm-none-eabi/lib/thumb/v7e-m+fp/hard\libc_nano.a
END GROUP
START GROUP
LOAD C:/ST/STM32CubeIDE_1.16.1/STM32CubeIDE/plugins/com.st.stm32cube.ide.mcu.externaltools.gnu-tools-for-stm32.13.3.rel1.win32_1.0.0.202411081344/tools/bin/../lib/gcc/arm-none-eabi/13.3.1/thumb/v7e-m+fp/hard\libgcc.a
LOAD C:/ST/STM32CubeIDE_1.16.1/STM32CubeIDE/plugins/com.st.stm32cube.ide.mcu.externaltools.gnu-tools-for-stm32.13.3.rel1.win32_1.0.0.202411081344/tools/bin/../lib/gcc/arm-none-eabi/13.3.1/../../../../arm-none-eabi/lib/thumb/v7e-m+fp/hard\libc_nano.a
LOAD C:/ST/STM32CubeIDE_1.16.1/STM32CubeIDE/plugins/com.st.stm32cube.ide.mcu.externaltools.gnu-tools-for-stm32.13.3.rel1.win32_1.0.0.202411081344/tools/bin/../lib/gcc/arm-none-eabi/13.3.1/../../../../arm-none-eabi/lib/thumb/v7e-m+fp/hard\libnosys.a
END GROUP
START GROUP
LOAD C:/ST/STM32CubeIDE_1.16.1/STM32CubeIDE/plugins/com.st.stm32cube.ide.mcu.externaltools.gnu-tools-for-stm32.13.3.rel1.win32_1.0.0.202411081344/tools/bin/../lib/gcc/arm-none-eabi/13.3.1/thumb/v7e-m+fp/hard\libgcc.a
LOAD C:/ST/STM32CubeIDE_1.16.1/STM32CubeIDE/plugins/com.st.stm32cube.ide.mcu.externaltools.gnu-tools-for-stm32.13.3.rel1.win32_1.0.0.202411081344/tools/bin/../lib/gcc/arm-none-eabi/13.3.1/../../../../arm-none-eabi/lib/thumb/v7e-m+fp/hard\libc_nano.a
LOAD C:/ST/STM32CubeIDE_1.16.1/STM32CubeIDE/plugins/com.st.stm32cube.ide.mcu.externaltools.gnu-tools-for-stm32.13.3.rel1.win32_1.0.0.202411081344/tools/bin/../lib/gcc/arm-none-eabi/13.3.1/../../../../arm-none-eabi/lib/thumb/v7e-m+fp/hard\libnosys.a
END GROUP
LOAD C:/ST/STM32CubeIDE_1.16.1/STM32CubeIDE/plugins/com.st.stm32cube.ide.mcu.externaltools.gnu-tools-for-stm32.13.3.rel1.win32_1.0.0.202411081344/tools/bin/../lib/gcc/arm-none-eabi/13.3.1/thumb/v7e-m+fp/hard/crtend.o
LOAD C:/ST/STM32CubeIDE_1.16.1/STM32CubeIDE/plugins/com.st.stm32cube.ide.mcu.externaltools.gnu-tools-for-stm32.13.3.rel1.win32_1.0.0.202411081344/tools/bin/../lib/gcc/arm-none-eabi/13.3.1/thumb/v7e-m+fp/hard/crtn.o
                0x20018000                        _estack = (ORIGIN (RAM) + LENGTH (RAM))
                0x00000200                        _Min_Heap_Size = 0x200
                0x00000400                        _Min_Stack_Size = 0x400

.isr_vector     0x08000000      0x194
                0x08000000                        . = ALIGN (0x4)
 *(.isr_vector)
 .isr_vector    0x08000000      0x194 ./Core/Startup/startup_stm32f401retx.o
                0x08000000                g_pfnVectors
                0x08000194                        . = ALIGN (0x4)

.text           0x08000194     0x31c0
                0x08000194                        . = ALIGN (0x4)
 *(.text)
 .text          0x08000194       0x40 C:/ST/STM32CubeIDE_1.16.1/STM32CubeIDE/plugins/com.st.stm32cube.ide.mcu.externaltools.gnu-tools-for-stm32.13.3.rel1.win32_1.0.0.202411081344/tools/bin/../lib/gcc/arm-none-eabi/13.3.1/thumb/v7e-m+fp/hard/crtbegin.o
 .text          0x080001d4       0x30 C:/ST/STM32CubeIDE_1.16.1/STM32CubeIDE/plugins/com.st.stm32cube.ide.mcu.externaltools.gnu-tools-for-stm32.13.3.rel1.win32_1.0.0.202411081344/tools/bin/../lib/gcc/arm-none-eabi/13.3.1/thumb/v7e-m+fp/hard\libgcc.a(_aeabi_uldivmod.o)
                0x080001d4                __aeabi_uldivmod
 .text          0x08000204      0x2f8 C:/ST/STM32CubeIDE_1.16.1/STM32CubeIDE/plugins/com.st.stm32cube.ide.mcu.externaltools.gnu-tools-for-stm32.13.3.rel1.win32_1.0.0.202411081344/tools/bin/../lib/gcc/arm-none-eabi/13.3.1/thumb/v7e-m+fp/hard\libgcc.a(_udivmoddi4.o)
                0x08000204                __udivmoddi4
 .text          0x080004fc        0x4 C:/ST/STM32CubeIDE_1.16.1/STM32CubeIDE/plugins/com.st.stm32cube.ide.mcu.externaltools.gnu-tools-for-stm32.13.3.rel1.win32_1.0.0.202411081344/tools/bin/../lib/gcc/arm-none-eabi/13.3.1/thumb/v7e-m+fp/hard\libgcc.a(_dvmd_tls.o)
                0x080004fc                __aeabi_idiv0
                0x080004fc                __aeabi_ldiv0
 *(.text*)
 .text.Caliper_ResetCapture
                0x08000500       0x34 ./Core/Src/caliper.o
                0x08000500                Caliper_ResetCapture
 .text.Caliper_ProcessBit
                0x08000534       0xd0 ./Core/Src/caliper.o
                0x08000534                Caliper_ProcessBit
 .text.Caliper_FrameReady
                0x08000604       0x18 ./Core/Src/caliper.o
                0x08000604                Caliper_FrameReady
 .text.Raw24_To_Um
                0x0800061c       0x4a ./Core/Src/caliper.o
 *fill*         0x08000666        0x2 
 .text.Caliper_ExtractValues
                0x08000668       0x44 ./Core/Src/caliper.o
                0x08000668                Caliper_ExtractValues
 .text.Display_Init
                0x080006ac       0x5c ./Core/Src/display7seg.o
                0x080006ac                Display_Init
 .text.Display_RefreshIfNeeded
                0x08000708       0x38 ./Core/Src/display7seg.o
                0x08000708                Display_RefreshIfNeeded
 .text.Display_GetFrontBuffer
                0x08000740       0x14 ./Core/Src/display7seg.o
                0x08000740                Display_GetFrontBuffer
 .text.Display_ShowMicrometers
                0x08000754      0x180 ./Core/Src/display7seg.o
                0x08000754                Display_ShowMicrometers
 .text.MX_DMA_Init
                0x080008d4       0x40 ./Core/Src/dma.o
                0x080008d4                MX_DMA_Init
 .text.MX_GPIO_Init
                0x08000914      0x114 ./Core/Src/gpio.o
                0x08000914                MX_GPIO_Init
 .text.main     0x08000a28       0x64 ./Core/Src/main.o
                0x08000a28                main
 .text.SystemClock_Config
                0x08000a8c       0xbc ./Core/Src/main.o
                0x08000a8c                SystemClock_Config
 .text.HAL_TIM_PeriodElapsedCallback
                0x08000b48       0x9c ./Core/Src/main.o
                0x08000b48                HAL_TIM_PeriodElapsedCallback
 .text.HAL_SPI_TxCpltCallback
                0x08000be4       0x3c ./Core/Src/main.o
                0x08000be4                HAL_SPI_TxCpltCallback
 .text.HAL_GPIO_EXTI_Callback
                0x08000c20       0x64 ./Core/Src/main.o
                0x08000c20                HAL_GPIO_EXTI_Callback
 .text.Error_Handler
                0x08000c84        0xc ./Core/Src/main.o
                0x08000c84                Error_Handler
 .text.MX_SPI2_Init
                0x08000c90       0x6c ./Core/Src/spi.o
                0x08000c90                MX_SPI2_Init
 .text.HAL_SPI_MspInit
                0x08000cfc      0x144 ./Core/Src/spi.o
                0x08000cfc                HAL_SPI_MspInit
 .text.HAL_MspInit
                0x08000e40       0x50 ./Core/Src/stm32f4xx_hal_msp.o
                0x08000e40                HAL_MspInit
 .text.NMI_Handler
                0x08000e90        0x8 ./Core/Src/stm32f4xx_it.o
                0x08000e90                NMI_Handler
 .text.HardFault_Handler
                0x08000e98        0x8 ./Core/Src/stm32f4xx_it.o
                0x08000e98                HardFault_Handler
 .text.MemManage_Handler
                0x08000ea0        0x8 ./Core/Src/stm32f4xx_it.o
                0x08000ea0                MemManage_Handler
 .text.BusFault_Handler
                0x08000ea8        0x8 ./Core/Src/stm32f4xx_it.o
                0x08000ea8                BusFault_Handler
 .text.UsageFault_Handler
                0x08000eb0        0x8 ./Core/Src/stm32f4xx_it.o
                0x08000eb0                UsageFault_Handler
 .text.SVC_Handler
                0x08000eb8        0xe ./Core/Src/stm32f4xx_it.o
                0x08000eb8                SVC_Handler
 .text.DebugMon_Handler
                0x08000ec6        0xe ./Core/Src/stm32f4xx_it.o
                0x08000ec6                DebugMon_Handler
 .text.PendSV_Handler
                0x08000ed4        0xe ./Core/Src/stm32f4xx_it.o
                0x08000ed4                PendSV_Handler
 .text.SysTick_Handler
                0x08000ee2        0xc ./Core/Src/stm32f4xx_it.o
                0x08000ee2                SysTick_Handler
 .text.EXTI0_IRQHandler
                0x08000eee        0xe ./Core/Src/stm32f4xx_it.o
                0x08000eee                EXTI0_IRQHandler
 .text.DMA1_Stream4_IRQHandler
                0x08000efc       0x14 ./Core/Src/stm32f4xx_it.o
                0x08000efc                DMA1_Stream4_IRQHandler
 .text.TIM1_TRG_COM_TIM11_IRQHandler
                0x08000f10       0x14 ./Core/Src/stm32f4xx_it.o
                0x08000f10                TIM1_TRG_COM_TIM11_IRQHandler
 .text.SPI2_IRQHandler
                0x08000f24       0x14 ./Core/Src/stm32f4xx_it.o
                0x08000f24                SPI2_IRQHandler
 .text.SystemInit
                0x08000f38       0x24 ./Core/Src/system_stm32f4xx.o
                0x08000f38                SystemInit
 .text.MX_TIM11_Init
                0x08000f5c       0x48 ./Core/Src/tim.o
                0x08000f5c                MX_TIM11_Init
 .text.HAL_TIM_Base_MspInit
                0x08000fa4       0x50 ./Core/Src/tim.o
                0x08000fa4                HAL_TIM_Base_MspInit
 .text.Reset_Handler
                0x08000ff4       0x50 ./Core/Startup/startup_stm32f401retx.o
                0x08000ff4                Reset_Handler
 .text.Default_Handler
                0x08001044        0x2 ./Core/Startup/startup_stm32f401retx.o
                0x08001044                RTC_Alarm_IRQHandler
                0x08001044                EXTI2_IRQHandler
                0x08001044                SPI4_IRQHandler
                0x08001044                TIM1_CC_IRQHandler
                0x08001044                DMA2_Stream5_IRQHandler
                0x08001044                DMA1_Stream5_IRQHandler
                0x08001044                PVD_IRQHandler
                0x08001044                SDIO_IRQHandler
                0x08001044                TAMP_STAMP_IRQHandler
                0x08001044                EXTI3_IRQHandler
                0x08001044                TIM1_UP_TIM10_IRQHandler
                0x08001044                I2C3_ER_IRQHandler
                0x08001044                I2C2_EV_IRQHandler
                0x08001044                DMA1_Stream2_IRQHandler
                0x08001044                FPU_IRQHandler
                0x08001044                DMA2_Stream2_IRQHandler
                0x08001044                SPI1_IRQHandler
                0x08001044                TIM1_BRK_TIM9_IRQHandler
                0x08001044                DMA2_Stream3_IRQHandler
                0x08001044                USART6_IRQHandler
                0x08001044                DMA2_Stream0_IRQHandler
                0x08001044                TIM4_IRQHandler
                0x08001044                I2C1_EV_IRQHandler
                0x08001044                DMA1_Stream6_IRQHandler
                0x08001044                DMA1_Stream1_IRQHandler
                0x08001044                TIM3_IRQHandler
                0x08001044                RCC_IRQHandler
                0x08001044                Default_Handler
                0x08001044                EXTI15_10_IRQHandler
                0x08001044                ADC_IRQHandler
                0x08001044                DMA1_Stream7_IRQHandler
                0x08001044                TIM5_IRQHandler
                0x08001044                DMA2_Stream7_IRQHandler
                0x08001044                I2C3_EV_IRQHandler
                0x08001044                EXTI9_5_IRQHandler
                0x08001044                RTC_WKUP_IRQHandler
                0x08001044                DMA1_Stream0_IRQHandler
                0x08001044                EXTI4_IRQHandler
                0x08001044                WWDG_IRQHandler
                0x08001044                TIM2_IRQHandler
                0x08001044                OTG_FS_WKUP_IRQHandler
                0x08001044                EXTI1_IRQHandler
                0x08001044                USART2_IRQHandler
                0x08001044                I2C2_ER_IRQHandler
                0x08001044                DMA2_Stream1_IRQHandler
                0x08001044                FLASH_IRQHandler
                0x08001044                DMA2_Stream4_IRQHandler
                0x08001044                USART1_IRQHandler
                0x08001044                OTG_FS_IRQHandler
                0x08001044                SPI3_IRQHandler
                0x08001044                I2C1_ER_IRQHandler
                0x08001044                DMA2_Stream6_IRQHandler
                0x08001044                DMA1_Stream3_IRQHandler
 *fill*         0x08001046        0x2 
 .text.HAL_Init
                0x08001048       0x44 ./Drivers/STM32F4xx_HAL_Driver/Src/stm32f4xx_hal.o
                0x08001048                HAL_Init
 .text.HAL_InitTick
                0x0800108c       0x60 ./Drivers/STM32F4xx_HAL_Driver/Src/stm32f4xx_hal.o
                0x0800108c                HAL_InitTick
 .text.HAL_IncTick
                0x080010ec       0x28 ./Drivers/STM32F4xx_HAL_Driver/Src/stm32f4xx_hal.o
                0x080010ec                HAL_IncTick
 .text.HAL_GetTick
                0x08001114       0x18 ./Drivers/STM32F4xx_HAL_Driver/Src/stm32f4xx_hal.o
                0x08001114                HAL_GetTick
 .text.__NVIC_SetPriorityGrouping
                0x0800112c       0x48 ./Drivers/STM32F4xx_HAL_Driver/Src/stm32f4xx_hal_cortex.o
 .text.__NVIC_GetPriorityGrouping
                0x08001174       0x1c ./Drivers/STM32F4xx_HAL_Driver/Src/stm32f4xx_hal_cortex.o
 .text.__NVIC_EnableIRQ
                0x08001190       0x3c ./Drivers/STM32F4xx_HAL_Driver/Src/stm32f4xx_hal_cortex.o
 .text.__NVIC_SetPriority
                0x080011cc       0x54 ./Drivers/STM32F4xx_HAL_Driver/Src/stm32f4xx_hal_cortex.o
 .text.NVIC_EncodePriority
                0x08001220       0x66 ./Drivers/STM32F4xx_HAL_Driver/Src/stm32f4xx_hal_cortex.o
 *fill*         0x08001286        0x2 
 .text.SysTick_Config
                0x08001288       0x44 ./Drivers/STM32F4xx_HAL_Driver/Src/stm32f4xx_hal_cortex.o
 .text.HAL_NVIC_SetPriorityGrouping
                0x080012cc       0x16 ./Drivers/STM32F4xx_HAL_Driver/Src/stm32f4xx_hal_cortex.o
                0x080012cc                HAL_NVIC_SetPriorityGrouping
 .text.HAL_NVIC_SetPriority
                0x080012e2       0x38 ./Drivers/STM32F4xx_HAL_Driver/Src/stm32f4xx_hal_cortex.o
                0x080012e2                HAL_NVIC_SetPriority
 .text.HAL_NVIC_EnableIRQ
                0x0800131a       0x1c ./Drivers/STM32F4xx_HAL_Driver/Src/stm32f4xx_hal_cortex.o
                0x0800131a                HAL_NVIC_EnableIRQ
 .text.HAL_SYSTICK_Config
                0x08001336       0x18 ./Drivers/STM32F4xx_HAL_Driver/Src/stm32f4xx_hal_cortex.o
                0x08001336                HAL_SYSTICK_Config
 *fill*         0x0800134e        0x2 
 .text.HAL_DMA_Init
                0x08001350      0x15c ./Drivers/STM32F4xx_HAL_Driver/Src/stm32f4xx_hal_dma.o
                0x08001350                HAL_DMA_Init
 .text.HAL_DMA_Start_IT
                0x080014ac       0xb0 ./Drivers/STM32F4xx_HAL_Driver/Src/stm32f4xx_hal_dma.o
                0x080014ac                HAL_DMA_Start_IT
 .text.HAL_DMA_Abort_IT
                0x0800155c       0x44 ./Drivers/STM32F4xx_HAL_Driver/Src/stm32f4xx_hal_dma.o
                0x0800155c                HAL_DMA_Abort_IT
 .text.HAL_DMA_IRQHandler
                0x080015a0      0x314 ./Drivers/STM32F4xx_HAL_Driver/Src/stm32f4xx_hal_dma.o
                0x080015a0                HAL_DMA_IRQHandler
 .text.DMA_SetConfig
                0x080018b4       0x5c ./Drivers/STM32F4xx_HAL_Driver/Src/stm32f4xx_hal_dma.o
 .text.DMA_CalcBaseAndBitshift
                0x08001910       0x6c ./Drivers/STM32F4xx_HAL_Driver/Src/stm32f4xx_hal_dma.o
 .text.DMA_CheckFifoParam
                0x0800197c       0xf8 ./Drivers/STM32F4xx_HAL_Driver/Src/stm32f4xx_hal_dma.o
 .text.HAL_GPIO_Init
                0x08001a74      0x308 ./Drivers/STM32F4xx_HAL_Driver/Src/stm32f4xx_hal_gpio.o
                0x08001a74                HAL_GPIO_Init
 .text.HAL_GPIO_ReadPin
                0x08001d7c       0x30 ./Drivers/STM32F4xx_HAL_Driver/Src/stm32f4xx_hal_gpio.o
                0x08001d7c                HAL_GPIO_ReadPin
 .text.HAL_GPIO_WritePin
                0x08001dac       0x32 ./Drivers/STM32F4xx_HAL_Driver/Src/stm32f4xx_hal_gpio.o
                0x08001dac                HAL_GPIO_WritePin
 .text.HAL_GPIO_TogglePin
                0x08001dde       0x34 ./Drivers/STM32F4xx_HAL_Driver/Src/stm32f4xx_hal_gpio.o
                0x08001dde                HAL_GPIO_TogglePin
 *fill*         0x08001e12        0x2 
 .text.HAL_GPIO_EXTI_IRQHandler
                0x08001e14       0x30 ./Drivers/STM32F4xx_HAL_Driver/Src/stm32f4xx_hal_gpio.o
                0x08001e14                HAL_GPIO_EXTI_IRQHandler
 .text.HAL_RCC_OscConfig
                0x08001e44      0x4f0 ./Drivers/STM32F4xx_HAL_Driver/Src/stm32f4xx_hal_rcc.o
                0x08001e44                HAL_RCC_OscConfig
 .text.HAL_RCC_ClockConfig
                0x08002334      0x1cc ./Drivers/STM32F4xx_HAL_Driver/Src/stm32f4xx_hal_rcc.o
                0x08002334                HAL_RCC_ClockConfig
 .text.HAL_RCC_GetSysClockFreq
                0x08002500      0x18c ./Drivers/STM32F4xx_HAL_Driver/Src/stm32f4xx_hal_rcc.o
                0x08002500                HAL_RCC_GetSysClockFreq
 .text.HAL_SPI_Init
                0x0800268c      0x112 ./Drivers/STM32F4xx_HAL_Driver/Src/stm32f4xx_hal_spi.o
                0x0800268c                HAL_SPI_Init
 *fill*         0x0800279e        0x2 
 .text.HAL_SPI_Transmit_DMA
                0x080027a0      0x164 ./Drivers/STM32F4xx_HAL_Driver/Src/stm32f4xx_hal_spi.o
                0x080027a0                HAL_SPI_Transmit_DMA
 .text.HAL_SPI_IRQHandler
                0x08002904      0x200 ./Drivers/STM32F4xx_HAL_Driver/Src/stm32f4xx_hal_spi.o
                0x08002904                HAL_SPI_IRQHandler
 .text.HAL_SPI_TxHalfCpltCallback
                0x08002b04       0x14 ./Drivers/STM32F4xx_HAL_Driver/Src/stm32f4xx_hal_spi.o
                0x08002b04                HAL_SPI_TxHalfCpltCallback
 .text.HAL_SPI_ErrorCallback
                0x08002b18       0x14 ./Drivers/STM32F4xx_HAL_Driver/Src/stm32f4xx_hal_spi.o
                0x08002b18                HAL_SPI_ErrorCallback
 .text.SPI_DMATransmitCplt
                0x08002b2c       0xa8 ./Drivers/STM32F4xx_HAL_Driver/Src/stm32f4xx_hal_spi.o
 .text.SPI_DMAHalfTransmitCplt
                0x08002bd4       0x1c ./Drivers/STM32F4xx_HAL_Driver/Src/stm32f4xx_hal_spi.o
 .text.SPI_DMAError
                0x08002bf0       0x40 ./Drivers/STM32F4xx_HAL_Driver/Src/stm32f4xx_hal_spi.o
 .text.SPI_DMAAbortOnError
                0x08002c30       0x28 ./Drivers/STM32F4xx_HAL_Driver/Src/stm32f4xx_hal_spi.o
 .text.SPI_WaitFlagStateUntilTimeout
                0x08002c58      0x110 ./Drivers/STM32F4xx_HAL_Driver/Src/stm32f4xx_hal_spi.o
 .text.SPI_EndRxTxTransaction
                0x08002d68       0xa8 ./Drivers/STM32F4xx_HAL_Driver/Src/stm32f4xx_hal_spi.o
 .text.HAL_TIM_Base_Init
                0x08002e10       0x9e ./Drivers/STM32F4xx_HAL_Driver/Src/stm32f4xx_hal_tim.o
                0x08002e10                HAL_TIM_Base_Init
 *fill*         0x08002eae        0x2 
 .text.HAL_TIM_Base_Start_IT
                0x08002eb0       0xc4 ./Drivers/STM32F4xx_HAL_Driver/Src/stm32f4xx_hal_tim.o
                0x08002eb0                HAL_TIM_Base_Start_IT
 .text.HAL_TIM_IRQHandler
                0x08002f74      0x1e0 ./Drivers/STM32F4xx_HAL_Driver/Src/stm32f4xx_hal_tim.o
                0x08002f74                HAL_TIM_IRQHandler
 .text.HAL_TIM_OC_DelayElapsedCallback
                0x08003154       0x14 ./Drivers/STM32F4xx_HAL_Driver/Src/stm32f4xx_hal_tim.o
                0x08003154                HAL_TIM_OC_DelayElapsedCallback
 .text.HAL_TIM_IC_CaptureCallback
                0x08003168       0x14 ./Drivers/STM32F4xx_HAL_Driver/Src/stm32f4xx_hal_tim.o
                0x08003168                HAL_TIM_IC_CaptureCallback
 .text.HAL_TIM_PWM_PulseFinishedCallback
                0x0800317c       0x14 ./Drivers/STM32F4xx_HAL_Driver/Src/stm32f4xx_hal_tim.o
                0x0800317c                HAL_TIM_PWM_PulseFinishedCallback
 .text.HAL_TIM_TriggerCallback
                0x08003190       0x14 ./Drivers/STM32F4xx_HAL_Driver/Src/stm32f4xx_hal_tim.o
                0x08003190                HAL_TIM_TriggerCallback
 .text.TIM_Base_SetConfig
                0x080031a4      0x118 ./Drivers/STM32F4xx_HAL_Driver/Src/stm32f4xx_hal_tim.o
                0x080031a4                TIM_Base_SetConfig
 .text.HAL_TIMEx_CommutCallback
                0x080032bc       0x14 ./Drivers/STM32F4xx_HAL_Driver/Src/stm32f4xx_hal_tim_ex.o
                0x080032bc                HAL_TIMEx_CommutCallback
 .text.HAL_TIMEx_BreakCallback
                0x080032d0       0x14 ./Drivers/STM32F4xx_HAL_Driver/Src/stm32f4xx_hal_tim_ex.o
                0x080032d0                HAL_TIMEx_BreakCallback
 .text.memset   0x080032e4       0x10 C:/ST/STM32CubeIDE_1.16.1/STM32CubeIDE/plugins/com.st.stm32cube.ide.mcu.externaltools.gnu-tools-for-stm32.13.3.rel1.win32_1.0.0.202411081344/tools/bin/../lib/gcc/arm-none-eabi/13.3.1/../../../../arm-none-eabi/lib/thumb/v7e-m+fp/hard\libc_nano.a(libc_a-memset.o)
                0x080032e4                memset
 .text.__libc_init_array
                0x080032f4       0x48 C:/ST/STM32CubeIDE_1.16.1/STM32CubeIDE/plugins/com.st.stm32cube.ide.mcu.externaltools.gnu-tools-for-stm32.13.3.rel1.win32_1.0.0.202411081344/tools/bin/../lib/gcc/arm-none-eabi/13.3.1/../../../../arm-none-eabi/lib/thumb/v7e-m+fp/hard\libc_nano.a(libc_a-init.o)
                0x080032f4                __libc_init_array
 *(.glue_7)
 .glue_7        0x0800333c        0x0 linker stubs
 *(.glue_7t)
 .glue_7t       0x0800333c        0x0 linker stubs
 *(.eh_frame)
 .eh_frame      0x0800333c        0x0 C:/ST/STM32CubeIDE_1.16.1/STM32CubeIDE/plugins/com.st.stm32cube.ide.mcu.externaltools.gnu-tools-for-stm32.13.3.rel1.win32_1.0.0.202411081344/tools/bin/../lib/gcc/arm-none-eabi/13.3.1/thumb/v7e-m+fp/hard/crtbegin.o
 *(.init)
 .init          0x0800333c        0x4 C:/ST/STM32CubeIDE_1.16.1/STM32CubeIDE/plugins/com.st.stm32cube.ide.mcu.externaltools.gnu-tools-for-stm32.13.3.rel1.win32_1.0.0.202411081344/tools/bin/../lib/gcc/arm-none-eabi/13.3.1/thumb/v7e-m+fp/hard/crti.o
                0x0800333c                _init
 .init          0x08003340        0x8 C:/ST/STM32CubeIDE_1.16.1/STM32CubeIDE/plugins/com.st.stm32cube.ide.mcu.externaltools.gnu-tools-for-stm32.13.3.rel1.win32_1.0.0.202411081344/tools/bin/../lib/gcc/arm-none-eabi/13.3.1/thumb/v7e-m+fp/hard/crtn.o
 *(.fini)
 .fini          0x08003348        0x4 C:/ST/STM32CubeIDE_1.16.1/STM32CubeIDE/plugins/com.st.stm32cube.ide.mcu.externaltools.gnu-tools-for-stm32.13.3.rel1.win32_1.0.0.202411081344/tools/bin/../lib/gcc/arm-none-eabi/13.3.1/thumb/v7e-m+fp/hard/crti.o
                0x08003348                _fini
 .fini          0x0800334c        0x8 C:/ST/STM32CubeIDE_1.16.1/STM32CubeIDE/plugins/com.st.stm32cube.ide.mcu.externaltools.gnu-tools-for-stm32.13.3.rel1.win32_1.0.0.202411081344/tools/bin/../lib/gcc/arm-none-eabi/13.3.1/thumb/v7e-m+fp/hard/crtn.o
                0x08003354                        . = ALIGN (0x4)
                0x08003354                        _etext = .

.vfp11_veneer   0x08003354        0x0
 .vfp11_veneer  0x08003354        0x0 linker stubs

.v4_bx          0x08003354        0x0
 .v4_bx         0x08003354        0x0 linker stubs

.iplt           0x08003354        0x0
 .iplt          0x08003354        0x0 C:/ST/STM32CubeIDE_1.16.1/STM32CubeIDE/plugins/com.st.stm32cube.ide.mcu.externaltools.gnu-tools-for-stm32.13.3.rel1.win32_1.0.0.202411081344/tools/bin/../lib/gcc/arm-none-eabi/13.3.1/thumb/v7e-m+fp/hard/crtbegin.o

.rodata         0x08003354       0x2c
                0x08003354                        . = ALIGN (0x4)
 *(.rodata)
 *(.rodata*)
 .rodata.segmentDigits
                0x08003354       0x14 ./Core/Src/display7seg.o
 .rodata.AHBPrescTable
                0x08003368       0x10 ./Core/Src/system_stm32f4xx.o
                0x08003368                AHBPrescTable
 .rodata.flagBitshiftOffset.0
                0x08003378        0x8 ./Drivers/STM32F4xx_HAL_Driver/Src/stm32f4xx_hal_dma.o
                0x08003380                        . = ALIGN (0x4)

.ARM.extab      0x08003380        0x0
                0x08003380                        . = ALIGN (0x4)
 *(.ARM.extab* .gnu.linkonce.armextab.*)
                0x08003380                        . = ALIGN (0x4)

.ARM            0x08003380        0x8
                0x08003380                        . = ALIGN (0x4)
                0x08003380                        __exidx_start = .
 *(.ARM.exidx*)
 .ARM.exidx     0x08003380        0x8 C:/ST/STM32CubeIDE_1.16.1/STM32CubeIDE/plugins/com.st.stm32cube.ide.mcu.externaltools.gnu-tools-for-stm32.13.3.rel1.win32_1.0.0.202411081344/tools/bin/../lib/gcc/arm-none-eabi/13.3.1/thumb/v7e-m+fp/hard\libgcc.a(_udivmoddi4.o)
                0x08003388                        __exidx_end = .
                0x08003388                        . = ALIGN (0x4)

.preinit_array  0x08003388        0x0
                0x08003388                        . = ALIGN (0x4)
                0x08003388                        PROVIDE (__preinit_array_start = .)
 *(.preinit_array*)
                0x08003388                        PROVIDE (__preinit_array_end = .)
                0x08003388                        . = ALIGN (0x4)

.init_array     0x08003388        0x4
                0x08003388                        . = ALIGN (0x4)
                0x08003388                        PROVIDE (__init_array_start = .)
 *(SORT_BY_NAME(.init_array.*))
 *(.init_array*)
 .init_array    0x08003388        0x4 C:/ST/STM32CubeIDE_1.16.1/STM32CubeIDE/plugins/com.st.stm32cube.ide.mcu.externaltools.gnu-tools-for-stm32.13.3.rel1.win32_1.0.0.202411081344/tools/bin/../lib/gcc/arm-none-eabi/13.3.1/thumb/v7e-m+fp/hard/crtbegin.o
                0x0800338c                        PROVIDE (__init_array_end = .)
                0x0800338c                        . = ALIGN (0x4)

.fini_array     0x0800338c        0x4
                0x0800338c                        . = ALIGN (0x4)
                [!provide]                        PROVIDE (__fini_array_start = .)
 *(SORT_BY_NAME(.fini_array.*))
 *(.fini_array*)
 .fini_array    0x0800338c        0x4 C:/ST/STM32CubeIDE_1.16.1/STM32CubeIDE/plugins/com.st.stm32cube.ide.mcu.externaltools.gnu-tools-for-stm32.13.3.rel1.win32_1.0.0.202411081344/tools/bin/../lib/gcc/arm-none-eabi/13.3.1/thumb/v7e-m+fp/hard/crtbegin.o
                [!provide]                        PROVIDE (__fini_array_end = .)
                0x08003390                        . = ALIGN (0x4)
                0x08003390                        _sidata = LOADADDR (.data)

.rel.dyn        0x08003390        0x0
 .rel.iplt      0x08003390        0x0 C:/ST/STM32CubeIDE_1.16.1/STM32CubeIDE/plugins/com.st.stm32cube.ide.mcu.externaltools.gnu-tools-for-stm32.13.3.rel1.win32_1.0.0.202411081344/tools/bin/../lib/gcc/arm-none-eabi/13.3.1/thumb/v7e-m+fp/hard/crtbegin.o

.data           0x20000000       0x10 load address 0x08003390
                0x20000000                        . = ALIGN (0x4)
                0x20000000                        _sdata = .
 *(.data)
 *(.data*)
 .data.isSpiReady
                0x20000000        0x1 ./Core/Src/main.o
 *fill*         0x20000001        0x3 
 .data.SystemCoreClock
                0x20000004        0x4 ./Core/Src/system_stm32f4xx.o
                0x20000004                SystemCoreClock
 .data.uwTickPrio
                0x20000008        0x4 ./Drivers/STM32F4xx_HAL_Driver/Src/stm32f4xx_hal.o
                0x20000008                uwTickPrio
 .data.uwTickFreq
                0x2000000c        0x1 ./Drivers/STM32F4xx_HAL_Driver/Src/stm32f4xx_hal.o
                0x2000000c                uwTickFreq
 *(.RamFunc)
 *(.RamFunc*)
                0x20000010                        . = ALIGN (0x4)
 *fill*         0x2000000d        0x3 
                0x20000010                        _edata = .

.igot.plt       0x20000010        0x0 load address 0x080033a0
 .igot.plt      0x20000010        0x0 C:/ST/STM32CubeIDE_1.16.1/STM32CubeIDE/plugins/com.st.stm32cube.ide.mcu.externaltools.gnu-tools-for-stm32.13.3.rel1.win32_1.0.0.202411081344/tools/bin/../lib/gcc/arm-none-eabi/13.3.1/thumb/v7e-m+fp/hard/crtbegin.o
                0x20000010                        . = ALIGN (0x4)

.bss            0x20000010      0x14c load address 0x080033a0
                0x20000010                        _sbss = .
                0x20000010                        __bss_start__ = _sbss
 *(.bss)
 .bss           0x20000010       0x1c C:/ST/STM32CubeIDE_1.16.1/STM32CubeIDE/plugins/com.st.stm32cube.ide.mcu.externaltools.gnu-tools-for-stm32.13.3.rel1.win32_1.0.0.202411081344/tools/bin/../lib/gcc/arm-none-eabi/13.3.1/thumb/v7e-m+fp/hard/crtbegin.o
 *(.bss*)
 *fill*         0x2000002c        0x4 
 .bss.shift_reg
                0x20000030        0x8 ./Core/Src/caliper.o
 .bss.bit_index
                0x20000038        0x1 ./Core/Src/caliper.o
 .bss.frame_ready
                0x20000039        0x1 ./Core/Src/caliper.o
 *fill*         0x2000003a        0x2 
 .bss.raw_bits  0x2000003c        0x6 ./Core/Src/caliper.o
 *fill*         0x20000042        0x2 
 .bss.frontBuffer
                0x20000044        0x6 ./Core/Src/display7seg.o
 *fill*         0x2000004a        0x2 
 .bss.backBuffer
                0x2000004c        0x6 ./Core/Src/display7seg.o
 .bss.display_needs_update
                0x20000052        0x1 ./Core/Src/display7seg.o
 .bss.msCount.1
                0x20000053        0x1 ./Core/Src/main.o
 .bss.last_ms.0
                0x20000054        0x4 ./Core/Src/main.o
 .bss.hspi2     0x20000058       0x58 ./Core/Src/spi.o
                0x20000058                hspi2
 .bss.hdma_spi2_tx
                0x200000b0       0x60 ./Core/Src/spi.o
                0x200000b0                hdma_spi2_tx
 .bss.htim11    0x20000110       0x48 ./Core/Src/tim.o
                0x20000110                htim11
 .bss.uwTick    0x20000158        0x4 ./Drivers/STM32F4xx_HAL_Driver/Src/stm32f4xx_hal.o
                0x20000158                uwTick
 *(COMMON)
                0x2000015c                        . = ALIGN (0x4)
                0x2000015c                        _ebss = .
                0x2000015c                        __bss_end__ = _ebss

._user_heap_stack
                0x2000015c      0x604 load address 0x080033a0
                0x20000160                        . = ALIGN (0x8)
 *fill*         0x2000015c        0x4 
                [!provide]                        PROVIDE (end = .)
                0x20000160                        PROVIDE (_end = .)
                0x20000360                        . = (. + _Min_Heap_Size)
 *fill*         0x20000160      0x200 
                0x20000760                        . = (. + _Min_Stack_Size)
 *fill*         0x20000360      0x400 
                0x20000760                        . = ALIGN (0x8)

/DISCARD/
 libc.a(*)
 libm.a(*)
 libgcc.a(*)

.ARM.attributes
                0x00000000       0x30
 *(.ARM.attributes)
 .ARM.attributes
                0x00000000       0x22 C:/ST/STM32CubeIDE_1.16.1/STM32CubeIDE/plugins/com.st.stm32cube.ide.mcu.externaltools.gnu-tools-for-stm32.13.3.rel1.win32_1.0.0.202411081344/tools/bin/../lib/gcc/arm-none-eabi/13.3.1/thumb/v7e-m+fp/hard/crti.o
 .ARM.attributes
                0x00000022       0x34 C:/ST/STM32CubeIDE_1.16.1/STM32CubeIDE/plugins/com.st.stm32cube.ide.mcu.externaltools.gnu-tools-for-stm32.13.3.rel1.win32_1.0.0.202411081344/tools/bin/../lib/gcc/arm-none-eabi/13.3.1/thumb/v7e-m+fp/hard/crtbegin.o
 .ARM.attributes
                0x00000056       0x34 ./Core/Src/caliper.o
 .ARM.attributes
                0x0000008a       0x34 ./Core/Src/display7seg.o
 .ARM.attributes
                0x000000be       0x34 ./Core/Src/dma.o
 .ARM.attributes
                0x000000f2       0x34 ./Core/Src/gpio.o
 .ARM.attributes
                0x00000126       0x34 ./Core/Src/main.o
 .ARM.attributes
                0x0000015a       0x34 ./Core/Src/spi.o
 .ARM.attributes
                0x0000018e       0x34 ./Core/Src/stm32f4xx_hal_msp.o
 .ARM.attributes
                0x000001c2       0x34 ./Core/Src/stm32f4xx_it.o
 .ARM.attributes
                0x000001f6       0x34 ./Core/Src/system_stm32f4xx.o
 .ARM.attributes
                0x0000022a       0x34 ./Core/Src/tim.o
 .ARM.attributes
                0x0000025e       0x21 ./Core/Startup/startup_stm32f401retx.o
 .ARM.attributes
                0x0000027f       0x34 ./Drivers/STM32F4xx_HAL_Driver/Src/stm32f4xx_hal.o
 .ARM.attributes
                0x000002b3       0x34 ./Drivers/STM32F4xx_HAL_Driver/Src/stm32f4xx_hal_cortex.o
 .ARM.attributes
                0x000002e7       0x34 ./Drivers/STM32F4xx_HAL_Driver/Src/stm32f4xx_hal_dma.o
 .ARM.attributes
                0x0000031b       0x34 ./Drivers/STM32F4xx_HAL_Driver/Src/stm32f4xx_hal_gpio.o
 .ARM.attributes
                0x0000034f       0x34 ./Drivers/STM32F4xx_HAL_Driver/Src/stm32f4xx_hal_rcc.o
 .ARM.attributes
                0x00000383       0x34 ./Drivers/STM32F4xx_HAL_Driver/Src/stm32f4xx_hal_spi.o
 .ARM.attributes
                0x000003b7       0x34 ./Drivers/STM32F4xx_HAL_Driver/Src/stm32f4xx_hal_tim.o
 .ARM.attributes
                0x000003eb       0x34 ./Drivers/STM32F4xx_HAL_Driver/Src/stm32f4xx_hal_tim_ex.o
 .ARM.attributes
                0x0000041f       0x34 C:/ST/STM32CubeIDE_1.16.1/STM32CubeIDE/plugins/com.st.stm32cube.ide.mcu.externaltools.gnu-tools-for-stm32.13.3.rel1.win32_1.0.0.202411081344/tools/bin/../lib/gcc/arm-none-eabi/13.3.1/../../../../arm-none-eabi/lib/thumb/v7e-m+fp/hard\libc_nano.a(libc_a-memset.o)
 .ARM.attributes
                0x00000453       0x34 C:/ST/STM32CubeIDE_1.16.1/STM32CubeIDE/plugins/com.st.stm32cube.ide.mcu.externaltools.gnu-tools-for-stm32.13.3.rel1.win32_1.0.0.202411081344/tools/bin/../lib/gcc/arm-none-eabi/13.3.1/../../../../arm-none-eabi/lib/thumb/v7e-m+fp/hard\libc_nano.a(libc_a-init.o)
 .ARM.attributes
                0x00000487       0x22 C:/ST/STM32CubeIDE_1.16.1/STM32CubeIDE/plugins/com.st.stm32cube.ide.mcu.externaltools.gnu-tools-for-stm32.13.3.rel1.win32_1.0.0.202411081344/tools/bin/../lib/gcc/arm-none-eabi/13.3.1/thumb/v7e-m+fp/hard\libgcc.a(_aeabi_uldivmod.o)
 .ARM.attributes
                0x000004a9       0x34 C:/ST/STM32CubeIDE_1.16.1/STM32CubeIDE/plugins/com.st.stm32cube.ide.mcu.externaltools.gnu-tools-for-stm32.13.3.rel1.win32_1.0.0.202411081344/tools/bin/../lib/gcc/arm-none-eabi/13.3.1/thumb/v7e-m+fp/hard\libgcc.a(_udivmoddi4.o)
 .ARM.attributes
                0x000004dd       0x22 C:/ST/STM32CubeIDE_1.16.1/STM32CubeIDE/plugins/com.st.stm32cube.ide.mcu.externaltools.gnu-tools-for-stm32.13.3.rel1.win32_1.0.0.202411081344/tools/bin/../lib/gcc/arm-none-eabi/13.3.1/thumb/v7e-m+fp/hard\libgcc.a(_dvmd_tls.o)
 .ARM.attributes
                0x000004ff       0x22 C:/ST/STM32CubeIDE_1.16.1/STM32CubeIDE/plugins/com.st.stm32cube.ide.mcu.externaltools.gnu-tools-for-stm32.13.3.rel1.win32_1.0.0.202411081344/tools/bin/../lib/gcc/arm-none-eabi/13.3.1/thumb/v7e-m+fp/hard/crtn.o
OUTPUT(SuwmiarkaParkside.elf elf32-littlearm)
LOAD linker stubs
LOAD C:/ST/STM32CubeIDE_1.16.1/STM32CubeIDE/plugins/com.st.stm32cube.ide.mcu.externaltools.gnu-tools-for-stm32.13.3.rel1.win32_1.0.0.202411081344/tools/bin/../lib/gcc/arm-none-eabi/13.3.1/../../../../arm-none-eabi/lib/thumb/v7e-m+fp/hard\libc.a
LOAD C:/ST/STM32CubeIDE_1.16.1/STM32CubeIDE/plugins/com.st.stm32cube.ide.mcu.externaltools.gnu-tools-for-stm32.13.3.rel1.win32_1.0.0.202411081344/tools/bin/../lib/gcc/arm-none-eabi/13.3.1/../../../../arm-none-eabi/lib/thumb/v7e-m+fp/hard\libm.a
LOAD C:/ST/STM32CubeIDE_1.16.1/STM32CubeIDE/plugins/com.st.stm32cube.ide.mcu.externaltools.gnu-tools-for-stm32.13.3.rel1.win32_1.0.0.202411081344/tools/bin/../lib/gcc/arm-none-eabi/13.3.1/thumb/v7e-m+fp/hard\libgcc.a

.debug_info     0x00000000     0xcbf0
 .debug_info    0x00000000      0x244 ./Core/Src/caliper.o
 .debug_info    0x00000244      0x473 ./Core/Src/display7seg.o
 .debug_info    0x000006b7      0x43f ./Core/Src/dma.o
 .debug_info    0x00000af6      0x5da ./Core/Src/gpio.o
 .debug_info    0x000010d0     0x108b ./Core/Src/main.o
 .debug_info    0x0000215b      0xbb3 ./Core/Src/spi.o
 .debug_info    0x00002d0e      0x291 ./Core/Src/stm32f4xx_hal_msp.o
 .debug_info    0x00002f9f      0xa13 ./Core/Src/stm32f4xx_it.o
 .debug_info    0x000039b2      0x53e ./Core/Src/system_stm32f4xx.o
 .debug_info    0x00003ef0      0xab5 ./Core/Src/tim.o
 .debug_info    0x000049a5       0x30 ./Core/Startup/startup_stm32f401retx.o
 .debug_info    0x000049d5      0x8bb ./Drivers/STM32F4xx_HAL_Driver/Src/stm32f4xx_hal.o
 .debug_info    0x00005290      0xcf6 ./Drivers/STM32F4xx_HAL_Driver/Src/stm32f4xx_hal_cortex.o
 .debug_info    0x00005f86      0x8e6 ./Drivers/STM32F4xx_HAL_Driver/Src/stm32f4xx_hal_dma.o
 .debug_info    0x0000686c      0x6f9 ./Drivers/STM32F4xx_HAL_Driver/Src/stm32f4xx_hal_gpio.o
 .debug_info    0x00006f65      0x8f1 ./Drivers/STM32F4xx_HAL_Driver/Src/stm32f4xx_hal_rcc.o
 .debug_info    0x00007856     0x1530 ./Drivers/STM32F4xx_HAL_Driver/Src/stm32f4xx_hal_spi.o
 .debug_info    0x00008d86     0x2996 ./Drivers/STM32F4xx_HAL_Driver/Src/stm32f4xx_hal_tim.o
 .debug_info    0x0000b71c     0x14d4 ./Drivers/STM32F4xx_HAL_Driver/Src/stm32f4xx_hal_tim_ex.o

.debug_abbrev   0x00000000     0x2397
 .debug_abbrev  0x00000000      0x12a ./Core/Src/caliper.o
 .debug_abbrev  0x0000012a      0x1a9 ./Core/Src/display7seg.o
 .debug_abbrev  0x000002d3      0x10e ./Core/Src/dma.o
 .debug_abbrev  0x000003e1      0x173 ./Core/Src/gpio.o
 .debug_abbrev  0x00000554      0x296 ./Core/Src/main.o
 .debug_abbrev  0x000007ea      0x22b ./Core/Src/spi.o
 .debug_abbrev  0x00000a15       0xd8 ./Core/Src/stm32f4xx_hal_msp.o
 .debug_abbrev  0x00000aed      0x1c2 ./Core/Src/stm32f4xx_it.o
 .debug_abbrev  0x00000caf      0x11a ./Core/Src/system_stm32f4xx.o
 .debug_abbrev  0x00000dc9      0x201 ./Core/Src/tim.o
 .debug_abbrev  0x00000fca       0x24 ./Core/Startup/startup_stm32f401retx.o
 .debug_abbrev  0x00000fee      0x24b ./Drivers/STM32F4xx_HAL_Driver/Src/stm32f4xx_hal.o
 .debug_abbrev  0x00001239      0x31d ./Drivers/STM32F4xx_HAL_Driver/Src/stm32f4xx_hal_cortex.o
 .debug_abbrev  0x00001556      0x221 ./Drivers/STM32F4xx_HAL_Driver/Src/stm32f4xx_hal_dma.o
 .debug_abbrev  0x00001777      0x1d3 ./Drivers/STM32F4xx_HAL_Driver/Src/stm32f4xx_hal_gpio.o
 .debug_abbrev  0x0000194a      0x2b6 ./Drivers/STM32F4xx_HAL_Driver/Src/stm32f4xx_hal_rcc.o
 .debug_abbrev  0x00001c00      0x276 ./Drivers/STM32F4xx_HAL_Driver/Src/stm32f4xx_hal_spi.o
 .debug_abbrev  0x00001e76      0x28b ./Drivers/STM32F4xx_HAL_Driver/Src/stm32f4xx_hal_tim.o
 .debug_abbrev  0x00002101      0x296 ./Drivers/STM32F4xx_HAL_Driver/Src/stm32f4xx_hal_tim_ex.o

.debug_aranges  0x00000000      0xd18
 .debug_aranges
                0x00000000       0x48 ./Core/Src/caliper.o
 .debug_aranges
                0x00000048       0x58 ./Core/Src/display7seg.o
 .debug_aranges
                0x000000a0       0x20 ./Core/Src/dma.o
 .debug_aranges
                0x000000c0       0x20 ./Core/Src/gpio.o
 .debug_aranges
                0x000000e0       0x50 ./Core/Src/main.o
 .debug_aranges
                0x00000130       0x30 ./Core/Src/spi.o
 .debug_aranges
                0x00000160       0x20 ./Core/Src/stm32f4xx_hal_msp.o
 .debug_aranges
                0x00000180       0x80 ./Core/Src/stm32f4xx_it.o
 .debug_aranges
                0x00000200       0x28 ./Core/Src/system_stm32f4xx.o
 .debug_aranges
                0x00000228       0x30 ./Core/Src/tim.o
 .debug_aranges
                0x00000258       0x28 ./Core/Startup/startup_stm32f401retx.o
 .debug_aranges
                0x00000280       0xf0 ./Drivers/STM32F4xx_HAL_Driver/Src/stm32f4xx_hal.o
 .debug_aranges
                0x00000370      0x130 ./Drivers/STM32F4xx_HAL_Driver/Src/stm32f4xx_hal_cortex.o
 .debug_aranges
                0x000004a0       0x90 ./Drivers/STM32F4xx_HAL_Driver/Src/stm32f4xx_hal_dma.o
 .debug_aranges
                0x00000530       0x58 ./Drivers/STM32F4xx_HAL_Driver/Src/stm32f4xx_hal_gpio.o
 .debug_aranges
                0x00000588       0x88 ./Drivers/STM32F4xx_HAL_Driver/Src/stm32f4xx_hal_rcc.o
 .debug_aranges
                0x00000610      0x1d0 ./Drivers/STM32F4xx_HAL_Driver/Src/stm32f4xx_hal_spi.o
 .debug_aranges
                0x000007e0      0x3d0 ./Drivers/STM32F4xx_HAL_Driver/Src/stm32f4xx_hal_tim.o
 .debug_aranges
                0x00000bb0      0x168 ./Drivers/STM32F4xx_HAL_Driver/Src/stm32f4xx_hal_tim_ex.o

.debug_rnglists
                0x00000000      0xa1d
 .debug_rnglists
                0x00000000       0x32 ./Core/Src/caliper.o
 .debug_rnglists
                0x00000032       0x41 ./Core/Src/display7seg.o
 .debug_rnglists
                0x00000073       0x13 ./Core/Src/dma.o
 .debug_rnglists
                0x00000086       0x14 ./Core/Src/gpio.o
 .debug_rnglists
                0x0000009a       0x51 ./Core/Src/main.o
 .debug_rnglists
                0x000000eb       0x20 ./Core/Src/spi.o
 .debug_rnglists
                0x0000010b       0x13 ./Core/Src/stm32f4xx_hal_msp.o
 .debug_rnglists
                0x0000011e       0x5b ./Core/Src/stm32f4xx_it.o
 .debug_rnglists
                0x00000179       0x1a ./Core/Src/system_stm32f4xx.o
 .debug_rnglists
                0x00000193       0x1f ./Core/Src/tim.o
 .debug_rnglists
                0x000001b2       0x19 ./Core/Startup/startup_stm32f401retx.o
 .debug_rnglists
                0x000001cb       0xaf ./Drivers/STM32F4xx_HAL_Driver/Src/stm32f4xx_hal.o
 .debug_rnglists
                0x0000027a       0xe0 ./Drivers/STM32F4xx_HAL_Driver/Src/stm32f4xx_hal_cortex.o
 .debug_rnglists
                0x0000035a       0x70 ./Drivers/STM32F4xx_HAL_Driver/Src/stm32f4xx_hal_dma.o
 .debug_rnglists
                0x000003ca       0x3f ./Drivers/STM32F4xx_HAL_Driver/Src/stm32f4xx_hal_gpio.o
 .debug_rnglists
                0x00000409       0x66 ./Drivers/STM32F4xx_HAL_Driver/Src/stm32f4xx_hal_rcc.o
 .debug_rnglists
                0x0000046f      0x16f ./Drivers/STM32F4xx_HAL_Driver/Src/stm32f4xx_hal_spi.o
 .debug_rnglists
                0x000005de      0x31a ./Drivers/STM32F4xx_HAL_Driver/Src/stm32f4xx_hal_tim.o
 .debug_rnglists
                0x000008f8      0x125 ./Drivers/STM32F4xx_HAL_Driver/Src/stm32f4xx_hal_tim_ex.o

.debug_macro    0x00000000    0x16d12
 .debug_macro   0x00000000       0x7c ./Core/Src/caliper.o
 .debug_macro   0x0000007c      0xad8 ./Core/Src/caliper.o
 .debug_macro   0x00000b54       0x22 ./Core/Src/caliper.o
 .debug_macro   0x00000b76       0x8e ./Core/Src/caliper.o
 .debug_macro   0x00000c04       0x51 ./Core/Src/caliper.o
 .debug_macro   0x00000c55      0x103 ./Core/Src/caliper.o
 .debug_macro   0x00000d58       0x6a ./Core/Src/caliper.o
 .debug_macro   0x00000dc2      0x1df ./Core/Src/caliper.o
 .debug_macro   0x00000fa1       0x22 ./Core/Src/caliper.o
 .debug_macro   0x00000fc3      0x306 ./Core/Src/display7seg.o
 .debug_macro   0x000012c9       0x3a ./Core/Src/display7seg.o
 .debug_macro   0x00001303      0x29b ./Core/Src/display7seg.o
 .debug_macro   0x0000159e       0x2e ./Core/Src/display7seg.o
 .debug_macro   0x000015cc       0x28 ./Core/Src/display7seg.o
 .debug_macro   0x000015f4       0x1c ./Core/Src/display7seg.o
 .debug_macro   0x00001610       0x22 ./Core/Src/display7seg.o
 .debug_macro   0x00001632       0xfb ./Core/Src/display7seg.o
 .debug_macro   0x0000172d     0x1011 ./Core/Src/display7seg.o
 .debug_macro   0x0000273e      0x11f ./Core/Src/display7seg.o
 .debug_macro   0x0000285d     0xb86c ./Core/Src/display7seg.o
 .debug_macro   0x0000e0c9       0x6d ./Core/Src/display7seg.o
 .debug_macro   0x0000e136     0x369a ./Core/Src/display7seg.o
 .debug_macro   0x000117d0      0x190 ./Core/Src/display7seg.o
 .debug_macro   0x00011960       0x5c ./Core/Src/display7seg.o
 .debug_macro   0x000119bc      0x416 ./Core/Src/display7seg.o
 .debug_macro   0x00011dd2      0x9e9 ./Core/Src/display7seg.o
 .debug_macro   0x000127bb      0x115 ./Core/Src/display7seg.o
 .debug_macro   0x000128d0       0xf8 ./Core/Src/display7seg.o
 .debug_macro   0x000129c8       0xa5 ./Core/Src/display7seg.o
 .debug_macro   0x00012a6d      0x15f ./Core/Src/display7seg.o
 .debug_macro   0x00012bcc      0x287 ./Core/Src/display7seg.o
 .debug_macro   0x00012e53       0x5f ./Core/Src/display7seg.o
 .debug_macro   0x00012eb2      0x236 ./Core/Src/display7seg.o
 .debug_macro   0x000130e8      0x132 ./Core/Src/display7seg.o
 .debug_macro   0x0001321a      0x264 ./Core/Src/display7seg.o
 .debug_macro   0x0001347e       0x2e ./Core/Src/display7seg.o
 .debug_macro   0x000134ac      0x127 ./Core/Src/display7seg.o
 .debug_macro   0x000135d3       0x85 ./Core/Src/display7seg.o
 .debug_macro   0x00013658       0x89 ./Core/Src/display7seg.o
 .debug_macro   0x000136e1      0x225 ./Core/Src/display7seg.o
 .debug_macro   0x00013906      0x8ed ./Core/Src/display7seg.o
 .debug_macro   0x000141f3       0x47 ./Core/Src/display7seg.o
 .debug_macro   0x0001423a      0x126 ./Core/Src/display7seg.o
 .debug_macro   0x00014360       0x3a ./Core/Src/display7seg.o
 .debug_macro   0x0001439a       0x61 ./Core/Src/display7seg.o
 .debug_macro   0x000143fb       0x2a ./Core/Src/display7seg.o
 .debug_macro   0x00014425       0x43 ./Core/Src/display7seg.o
 .debug_macro   0x00014468       0x34 ./Core/Src/display7seg.o
 .debug_macro   0x0001449c      0x370 ./Core/Src/display7seg.o
 .debug_macro   0x0001480c       0x16 ./Core/Src/display7seg.o
 .debug_macro   0x00014822       0x4a ./Core/Src/display7seg.o
 .debug_macro   0x0001486c       0x34 ./Core/Src/display7seg.o
 .debug_macro   0x000148a0       0x10 ./Core/Src/display7seg.o
 .debug_macro   0x000148b0       0x58 ./Core/Src/display7seg.o
 .debug_macro   0x00014908       0x8e ./Core/Src/display7seg.o
 .debug_macro   0x00014996       0x1c ./Core/Src/display7seg.o
 .debug_macro   0x000149b2      0x185 ./Core/Src/display7seg.o
 .debug_macro   0x00014b37       0x10 ./Core/Src/display7seg.o
 .debug_macro   0x00014b47       0x3c ./Core/Src/display7seg.o
 .debug_macro   0x00014b83       0x20 ./Core/Src/display7seg.o
 .debug_macro   0x00014ba3       0x1c ./Core/Src/display7seg.o
 .debug_macro   0x00014bbf       0x10 ./Core/Src/display7seg.o
 .debug_macro   0x00014bcf       0x1c ./Core/Src/display7seg.o
 .debug_macro   0x00014beb       0x16 ./Core/Src/display7seg.o
 .debug_macro   0x00014c01      0x146 ./Core/Src/display7seg.o
 .debug_macro   0x00014d47      0x1e7 ./Core/Src/dma.o
 .debug_macro   0x00014f2e      0x1e7 ./Core/Src/gpio.o
 .debug_macro   0x00015115      0x321 ./Core/Src/main.o
 .debug_macro   0x00015436       0x40 ./Core/Src/main.o
 .debug_macro   0x00015476       0x16 ./Core/Src/main.o
 .debug_macro   0x0001548c       0x16 ./Core/Src/main.o
 .debug_macro   0x000154a2      0x1e7 ./Core/Src/spi.o
 .debug_macro   0x00015689      0x1dd ./Core/Src/stm32f4xx_hal_msp.o
 .debug_macro   0x00015866      0x1e7 ./Core/Src/stm32f4xx_it.o
 .debug_macro   0x00015a4d      0x1ce ./Core/Src/system_stm32f4xx.o
 .debug_macro   0x00015c1b      0x1e7 ./Core/Src/tim.o
 .debug_macro   0x00015e02      0x22e ./Drivers/STM32F4xx_HAL_Driver/Src/stm32f4xx_hal.o
 .debug_macro   0x00016030      0x1ce ./Drivers/STM32F4xx_HAL_Driver/Src/stm32f4xx_hal_cortex.o
 .debug_macro   0x000161fe      0x1d4 ./Drivers/STM32F4xx_HAL_Driver/Src/stm32f4xx_hal_dma.o
 .debug_macro   0x000163d2      0x1d4 ./Drivers/STM32F4xx_HAL_Driver/Src/stm32f4xx_hal_gpio.o
 .debug_macro   0x000165a6      0x1f2 ./Drivers/STM32F4xx_HAL_Driver/Src/stm32f4xx_hal_rcc.o
 .debug_macro   0x00016798      0x1dd ./Drivers/STM32F4xx_HAL_Driver/Src/stm32f4xx_hal_spi.o
 .debug_macro   0x00016975      0x1cf ./Drivers/STM32F4xx_HAL_Driver/Src/stm32f4xx_hal_tim.o
 .debug_macro   0x00016b44      0x1ce ./Drivers/STM32F4xx_HAL_Driver/Src/stm32f4xx_hal_tim_ex.o

.debug_line     0x00000000     0xfce9
 .debug_line    0x00000000      0x51b ./Core/Src/caliper.o
 .debug_line    0x0000051b      0xb8b ./Core/Src/display7seg.o
 .debug_line    0x000010a6      0x741 ./Core/Src/dma.o
 .debug_line    0x000017e7      0x778 ./Core/Src/gpio.o
 .debug_line    0x00001f5f      0xa28 ./Core/Src/main.o
 .debug_line    0x00002987      0x7fa ./Core/Src/spi.o
 .debug_line    0x00003181      0x745 ./Core/Src/stm32f4xx_hal_msp.o
 .debug_line    0x000038c6      0x854 ./Core/Src/stm32f4xx_it.o
 .debug_line    0x0000411a      0x7ca ./Core/Src/system_stm32f4xx.o
 .debug_line    0x000048e4      0x797 ./Core/Src/tim.o
 .debug_line    0x0000507b       0x7a ./Core/Startup/startup_stm32f401retx.o
 .debug_line    0x000050f5      0xa37 ./Drivers/STM32F4xx_HAL_Driver/Src/stm32f4xx_hal.o
 .debug_line    0x00005b2c      0xd07 ./Drivers/STM32F4xx_HAL_Driver/Src/stm32f4xx_hal_cortex.o
 .debug_line    0x00006833      0xfa3 ./Drivers/STM32F4xx_HAL_Driver/Src/stm32f4xx_hal_dma.o
 .debug_line    0x000077d6      0xb53 ./Drivers/STM32F4xx_HAL_Driver/Src/stm32f4xx_hal_gpio.o
 .debug_line    0x00008329      0xe44 ./Drivers/STM32F4xx_HAL_Driver/Src/stm32f4xx_hal_rcc.o
 .debug_line    0x0000916d     0x1ccc ./Drivers/STM32F4xx_HAL_Driver/Src/stm32f4xx_hal_spi.o
 .debug_line    0x0000ae39     0x357e ./Drivers/STM32F4xx_HAL_Driver/Src/stm32f4xx_hal_tim.o
 .debug_line    0x0000e3b7     0x1932 ./Drivers/STM32F4xx_HAL_Driver/Src/stm32f4xx_hal_tim_ex.o

.debug_str      0x00000000    0x8cf8a
 .debug_str     0x00000000    0x8cf8a ./Core/Src/caliper.o
                               0x3ef4 (size before relaxing)
 .debug_str     0x0008cf8a    0x896a2 ./Core/Src/display7seg.o
 .debug_str     0x0008cf8a    0x860cd ./Core/Src/dma.o
 .debug_str     0x0008cf8a    0x8619b ./Core/Src/gpio.o
 .debug_str     0x0008cf8a    0x8a1cf ./Core/Src/main.o
 .debug_str     0x0008cf8a    0x86664 ./Core/Src/spi.o
 .debug_str     0x0008cf8a    0x85d12 ./Core/Src/stm32f4xx_hal_msp.o
 .debug_str     0x0008cf8a    0x86480 ./Core/Src/stm32f4xx_it.o
 .debug_str     0x0008cf8a    0x85ce6 ./Core/Src/system_stm32f4xx.o
 .debug_str     0x0008cf8a    0x8669e ./Core/Src/tim.o
 .debug_str     0x0008cf8a       0x63 ./Core/Startup/startup_stm32f401retx.o
 .debug_str     0x0008cf8a    0x86708 ./Drivers/STM32F4xx_HAL_Driver/Src/stm32f4xx_hal.o
 .debug_str     0x0008cf8a    0x86472 ./Drivers/STM32F4xx_HAL_Driver/Src/stm32f4xx_hal_cortex.o
 .debug_str     0x0008cf8a    0x860ee ./Drivers/STM32F4xx_HAL_Driver/Src/stm32f4xx_hal_dma.o
 .debug_str     0x0008cf8a    0x85e61 ./Drivers/STM32F4xx_HAL_Driver/Src/stm32f4xx_hal_gpio.o
 .debug_str     0x0008cf8a    0x8611a ./Drivers/STM32F4xx_HAL_Driver/Src/stm32f4xx_hal_rcc.o
 .debug_str     0x0008cf8a    0x86592 ./Drivers/STM32F4xx_HAL_Driver/Src/stm32f4xx_hal_spi.o
 .debug_str     0x0008cf8a    0x8705e ./Drivers/STM32F4xx_HAL_Driver/Src/stm32f4xx_hal_tim.o
 .debug_str     0x0008cf8a    0x8686a ./Drivers/STM32F4xx_HAL_Driver/Src/stm32f4xx_hal_tim_ex.o

.comment        0x00000000       0x43
 .comment       0x00000000       0x43 ./Core/Src/caliper.o
                                 0x44 (size before relaxing)
 .comment       0x00000043       0x44 ./Core/Src/display7seg.o
 .comment       0x00000043       0x44 ./Core/Src/dma.o
 .comment       0x00000043       0x44 ./Core/Src/gpio.o
 .comment       0x00000043       0x44 ./Core/Src/main.o
 .comment       0x00000043       0x44 ./Core/Src/spi.o
 .comment       0x00000043       0x44 ./Core/Src/stm32f4xx_hal_msp.o
 .comment       0x00000043       0x44 ./Core/Src/stm32f4xx_it.o
 .comment       0x00000043       0x44 ./Core/Src/system_stm32f4xx.o
 .comment       0x00000043       0x44 ./Core/Src/tim.o
 .comment       0x00000043       0x44 ./Drivers/STM32F4xx_HAL_Driver/Src/stm32f4xx_hal.o
 .comment       0x00000043       0x44 ./Drivers/STM32F4xx_HAL_Driver/Src/stm32f4xx_hal_cortex.o
 .comment       0x00000043       0x44 ./Drivers/STM32F4xx_HAL_Driver/Src/stm32f4xx_hal_dma.o
 .comment       0x00000043       0x44 ./Drivers/STM32F4xx_HAL_Driver/Src/stm32f4xx_hal_gpio.o
 .comment       0x00000043       0x44 ./Drivers/STM32F4xx_HAL_Driver/Src/stm32f4xx_hal_rcc.o
 .comment       0x00000043       0x44 ./Drivers/STM32F4xx_HAL_Driver/Src/stm32f4xx_hal_spi.o
 .comment       0x00000043       0x44 ./Drivers/STM32F4xx_HAL_Driver/Src/stm32f4xx_hal_tim.o
 .comment       0x00000043       0x44 ./Drivers/STM32F4xx_HAL_Driver/Src/stm32f4xx_hal_tim_ex.o

.debug_frame    0x00000000     0x354c
 .debug_frame   0x00000000       0xf8 ./Core/Src/caliper.o
 .debug_frame   0x000000f8      0x134 ./Core/Src/display7seg.o
 .debug_frame   0x0000022c       0x34 ./Core/Src/dma.o
 .debug_frame   0x00000260       0x34 ./Core/Src/gpio.o
 .debug_frame   0x00000294       0xfc ./Core/Src/main.o
 .debug_frame   0x00000390       0x74 ./Core/Src/spi.o
 .debug_frame   0x00000404       0x38 ./Core/Src/stm32f4xx_hal_msp.o
 .debug_frame   0x0000043c      0x174 ./Core/Src/stm32f4xx_it.o
 .debug_frame   0x000005b0       0x58 ./Core/Src/system_stm32f4xx.o
 .debug_frame   0x00000608       0x74 ./Core/Src/tim.o
 .debug_frame   0x0000067c      0x374 ./Drivers/STM32F4xx_HAL_Driver/Src/stm32f4xx_hal.o
 .debug_frame   0x000009f0      0x508 ./Drivers/STM32F4xx_HAL_Driver/Src/stm32f4xx_hal_cortex.o
 .debug_frame   0x00000ef8      0x250 ./Drivers/STM32F4xx_HAL_Driver/Src/stm32f4xx_hal_dma.o
 .debug_frame   0x00001148      0x14c ./Drivers/STM32F4xx_HAL_Driver/Src/stm32f4xx_hal_gpio.o
 .debug_frame   0x00001294      0x1f4 ./Drivers/STM32F4xx_HAL_Driver/Src/stm32f4xx_hal_rcc.o
 .debug_frame   0x00001488      0x828 ./Drivers/STM32F4xx_HAL_Driver/Src/stm32f4xx_hal_spi.o
 .debug_frame   0x00001cb0     0x11b8 ./Drivers/STM32F4xx_HAL_Driver/Src/stm32f4xx_hal_tim.o
 .debug_frame   0x00002e68      0x638 ./Drivers/STM32F4xx_HAL_Driver/Src/stm32f4xx_hal_tim_ex.o
 .debug_frame   0x000034a0       0x20 C:/ST/STM32CubeIDE_1.16.1/STM32CubeIDE/plugins/com.st.stm32cube.ide.mcu.externaltools.gnu-tools-for-stm32.13.3.rel1.win32_1.0.0.202411081344/tools/bin/../lib/gcc/arm-none-eabi/13.3.1/../../../../arm-none-eabi/lib/thumb/v7e-m+fp/hard\libc_nano.a(libc_a-memset.o)
 .debug_frame   0x000034c0       0x2c C:/ST/STM32CubeIDE_1.16.1/STM32CubeIDE/plugins/com.st.stm32cube.ide.mcu.externaltools.gnu-tools-for-stm32.13.3.rel1.win32_1.0.0.202411081344/tools/bin/../lib/gcc/arm-none-eabi/13.3.1/../../../../arm-none-eabi/lib/thumb/v7e-m+fp/hard\libc_nano.a(libc_a-init.o)
 .debug_frame   0x000034ec       0x2c C:/ST/STM32CubeIDE_1.16.1/STM32CubeIDE/plugins/com.st.stm32cube.ide.mcu.externaltools.gnu-tools-for-stm32.13.3.rel1.win32_1.0.0.202411081344/tools/bin/../lib/gcc/arm-none-eabi/13.3.1/thumb/v7e-m+fp/hard\libgcc.a(_aeabi_uldivmod.o)
 .debug_frame   0x00003518       0x34 C:/ST/STM32CubeIDE_1.16.1/STM32CubeIDE/plugins/com.st.stm32cube.ide.mcu.externaltools.gnu-tools-for-stm32.13.3.rel1.win32_1.0.0.202411081344/tools/bin/../lib/gcc/arm-none-eabi/13.3.1/thumb/v7e-m+fp/hard\libgcc.a(_udivmoddi4.o)

.debug_line_str
                0x00000000       0x47
 .debug_line_str
                0x00000000       0x47 ./Core/Startup/startup_stm32f401retx.o
